2025-11-20 00:03:57 +0000 - dagster - DEBUG - data_quality_job - a768760b-b6e3-4063-a10a-ba6b52c9de0e - 1107 - LOGS_CAPTURED - Started capturing logs in process (pid: 1107).
2025-11-20 00:03:57 +0000 - dagster - DEBUG - data_quality_job - a768760b-b6e3-4063-a10a-ba6b52c9de0e - 1107 - airbyte_sync_op - STEP_START - Started execution of step "airbyte_sync_op".
2025-11-20 00:03:57 +0000 - dagster - INFO - data_quality_job - a768760b-b6e3-4063-a10a-ba6b52c9de0e - airbyte_sync_op - 🚀 Lancement du sync Airbyte pour la connexion 76375e55-5b58-4ac2-951a-d4bdfb45b99a
2025-11-20 00:03:58 +0000 - dagster - INFO - data_quality_job - a768760b-b6e3-4063-a10a-ba6b52c9de0e - airbyte_sync_op - ✅ Job Airbyte créé : 21
2025-11-20 00:03:58 +0000 - dagster - INFO - data_quality_job - a768760b-b6e3-4063-a10a-ba6b52c9de0e - airbyte_sync_op - ⏱️ Statut job Airbyte 21: running
2025-11-20 00:04:03 +0000 - dagster - INFO - data_quality_job - a768760b-b6e3-4063-a10a-ba6b52c9de0e - airbyte_sync_op - ⏱️ Statut job Airbyte 21: running
2025-11-20 00:04:08 +0000 - dagster - INFO - data_quality_job - a768760b-b6e3-4063-a10a-ba6b52c9de0e - airbyte_sync_op - ⏱️ Statut job Airbyte 21: running
2025-11-20 00:04:13 +0000 - dagster - INFO - data_quality_job - a768760b-b6e3-4063-a10a-ba6b52c9de0e - airbyte_sync_op - ⏱️ Statut job Airbyte 21: running
2025-11-20 00:04:18 +0000 - dagster - INFO - data_quality_job - a768760b-b6e3-4063-a10a-ba6b52c9de0e - airbyte_sync_op - ⏱️ Statut job Airbyte 21: running
2025-11-20 00:04:23 +0000 - dagster - INFO - data_quality_job - a768760b-b6e3-4063-a10a-ba6b52c9de0e - airbyte_sync_op - ⏱️ Statut job Airbyte 21: running
2025-11-20 00:04:28 +0000 - dagster - INFO - data_quality_job - a768760b-b6e3-4063-a10a-ba6b52c9de0e - airbyte_sync_op - ⏱️ Statut job Airbyte 21: running
2025-11-20 00:04:34 +0000 - dagster - INFO - data_quality_job - a768760b-b6e3-4063-a10a-ba6b52c9de0e - airbyte_sync_op - ⏱️ Statut job Airbyte 21: running
2025-11-20 00:04:39 +0000 - dagster - INFO - data_quality_job - a768760b-b6e3-4063-a10a-ba6b52c9de0e - airbyte_sync_op - ⏱️ Statut job Airbyte 21: running
2025-11-20 00:04:44 +0000 - dagster - INFO - data_quality_job - a768760b-b6e3-4063-a10a-ba6b52c9de0e - airbyte_sync_op - ⏱️ Statut job Airbyte 21: running
2025-11-20 00:04:49 +0000 - dagster - INFO - data_quality_job - a768760b-b6e3-4063-a10a-ba6b52c9de0e - airbyte_sync_op - ⏱️ Statut job Airbyte 21: running
2025-11-20 00:04:54 +0000 - dagster - INFO - data_quality_job - a768760b-b6e3-4063-a10a-ba6b52c9de0e - airbyte_sync_op - ⏱️ Statut job Airbyte 21: running
2025-11-20 00:04:59 +0000 - dagster - INFO - data_quality_job - a768760b-b6e3-4063-a10a-ba6b52c9de0e - airbyte_sync_op - ⏱️ Statut job Airbyte 21: running
2025-11-20 00:05:04 +0000 - dagster - INFO - data_quality_job - a768760b-b6e3-4063-a10a-ba6b52c9de0e - airbyte_sync_op - ⏱️ Statut job Airbyte 21: running
2025-11-20 00:05:10 +0000 - dagster - INFO - data_quality_job - a768760b-b6e3-4063-a10a-ba6b52c9de0e - airbyte_sync_op - ⏱️ Statut job Airbyte 21: running
2025-11-20 00:05:15 +0000 - dagster - INFO - data_quality_job - a768760b-b6e3-4063-a10a-ba6b52c9de0e - airbyte_sync_op - ⏱️ Statut job Airbyte 21: running
2025-11-20 00:05:20 +0000 - dagster - INFO - data_quality_job - a768760b-b6e3-4063-a10a-ba6b52c9de0e - airbyte_sync_op - ⏱️ Statut job Airbyte 21: running
2025-11-20 00:05:25 +0000 - dagster - INFO - data_quality_job - a768760b-b6e3-4063-a10a-ba6b52c9de0e - airbyte_sync_op - ⏱️ Statut job Airbyte 21: running
2025-11-20 00:05:30 +0000 - dagster - INFO - data_quality_job - a768760b-b6e3-4063-a10a-ba6b52c9de0e - airbyte_sync_op - ⏱️ Statut job Airbyte 21: running
2025-11-20 00:05:35 +0000 - dagster - INFO - data_quality_job - a768760b-b6e3-4063-a10a-ba6b52c9de0e - airbyte_sync_op - ⏱️ Statut job Airbyte 21: running
2025-11-20 00:05:41 +0000 - dagster - INFO - data_quality_job - a768760b-b6e3-4063-a10a-ba6b52c9de0e - airbyte_sync_op - ⏱️ Statut job Airbyte 21: running
2025-11-20 00:05:46 +0000 - dagster - INFO - data_quality_job - a768760b-b6e3-4063-a10a-ba6b52c9de0e - airbyte_sync_op - ⏱️ Statut job Airbyte 21: running
2025-11-20 00:05:51 +0000 - dagster - INFO - data_quality_job - a768760b-b6e3-4063-a10a-ba6b52c9de0e - airbyte_sync_op - ⏱️ Statut job Airbyte 21: running
2025-11-20 00:05:56 +0000 - dagster - INFO - data_quality_job - a768760b-b6e3-4063-a10a-ba6b52c9de0e - airbyte_sync_op - ⏱️ Statut job Airbyte 21: running
2025-11-20 00:06:01 +0000 - dagster - INFO - data_quality_job - a768760b-b6e3-4063-a10a-ba6b52c9de0e - airbyte_sync_op - ⏱️ Statut job Airbyte 21: running
2025-11-20 00:06:06 +0000 - dagster - INFO - data_quality_job - a768760b-b6e3-4063-a10a-ba6b52c9de0e - airbyte_sync_op - ⏱️ Statut job Airbyte 21: running
2025-11-20 00:06:11 +0000 - dagster - INFO - data_quality_job - a768760b-b6e3-4063-a10a-ba6b52c9de0e - airbyte_sync_op - ⏱️ Statut job Airbyte 21: running
2025-11-20 00:06:16 +0000 - dagster - INFO - data_quality_job - a768760b-b6e3-4063-a10a-ba6b52c9de0e - airbyte_sync_op - ⏱️ Statut job Airbyte 21: running
2025-11-20 00:06:22 +0000 - dagster - INFO - data_quality_job - a768760b-b6e3-4063-a10a-ba6b52c9de0e - airbyte_sync_op - ⏱️ Statut job Airbyte 21: running
2025-11-20 00:06:27 +0000 - dagster - INFO - data_quality_job - a768760b-b6e3-4063-a10a-ba6b52c9de0e - airbyte_sync_op - ⏱️ Statut job Airbyte 21: running
2025-11-20 00:06:32 +0000 - dagster - INFO - data_quality_job - a768760b-b6e3-4063-a10a-ba6b52c9de0e - airbyte_sync_op - ⏱️ Statut job Airbyte 21: running
2025-11-20 00:06:37 +0000 - dagster - INFO - data_quality_job - a768760b-b6e3-4063-a10a-ba6b52c9de0e - airbyte_sync_op - ⏱️ Statut job Airbyte 21: running
2025-11-20 00:06:42 +0000 - dagster - INFO - data_quality_job - a768760b-b6e3-4063-a10a-ba6b52c9de0e - airbyte_sync_op - ⏱️ Statut job Airbyte 21: running
2025-11-20 00:06:47 +0000 - dagster - INFO - data_quality_job - a768760b-b6e3-4063-a10a-ba6b52c9de0e - airbyte_sync_op - ⏱️ Statut job Airbyte 21: running
2025-11-20 00:06:53 +0000 - dagster - INFO - data_quality_job - a768760b-b6e3-4063-a10a-ba6b52c9de0e - airbyte_sync_op - ⏱️ Statut job Airbyte 21: running
2025-11-20 00:06:58 +0000 - dagster - INFO - data_quality_job - a768760b-b6e3-4063-a10a-ba6b52c9de0e - airbyte_sync_op - ⏱️ Statut job Airbyte 21: running
2025-11-20 00:07:03 +0000 - dagster - INFO - data_quality_job - a768760b-b6e3-4063-a10a-ba6b52c9de0e - airbyte_sync_op - ⏱️ Statut job Airbyte 21: running
2025-11-20 00:07:08 +0000 - dagster - INFO - data_quality_job - a768760b-b6e3-4063-a10a-ba6b52c9de0e - airbyte_sync_op - ⏱️ Statut job Airbyte 21: running
2025-11-20 00:07:13 +0000 - dagster - INFO - data_quality_job - a768760b-b6e3-4063-a10a-ba6b52c9de0e - airbyte_sync_op - ⏱️ Statut job Airbyte 21: running
2025-11-20 00:07:18 +0000 - dagster - INFO - data_quality_job - a768760b-b6e3-4063-a10a-ba6b52c9de0e - airbyte_sync_op - ⏱️ Statut job Airbyte 21: running
2025-11-20 00:07:23 +0000 - dagster - INFO - data_quality_job - a768760b-b6e3-4063-a10a-ba6b52c9de0e - airbyte_sync_op - ⏱️ Statut job Airbyte 21: running
2025-11-20 00:07:28 +0000 - dagster - INFO - data_quality_job - a768760b-b6e3-4063-a10a-ba6b52c9de0e - airbyte_sync_op - ⏱️ Statut job Airbyte 21: running
2025-11-20 00:07:34 +0000 - dagster - INFO - data_quality_job - a768760b-b6e3-4063-a10a-ba6b52c9de0e - airbyte_sync_op - ⏱️ Statut job Airbyte 21: running
2025-11-20 00:07:39 +0000 - dagster - INFO - data_quality_job - a768760b-b6e3-4063-a10a-ba6b52c9de0e - airbyte_sync_op - ⏱️ Statut job Airbyte 21: running
2025-11-20 00:07:44 +0000 - dagster - INFO - data_quality_job - a768760b-b6e3-4063-a10a-ba6b52c9de0e - airbyte_sync_op - ⏱️ Statut job Airbyte 21: running
2025-11-20 00:07:49 +0000 - dagster - INFO - data_quality_job - a768760b-b6e3-4063-a10a-ba6b52c9de0e - airbyte_sync_op - ⏱️ Statut job Airbyte 21: running
2025-11-20 00:07:54 +0000 - dagster - INFO - data_quality_job - a768760b-b6e3-4063-a10a-ba6b52c9de0e - airbyte_sync_op - ⏱️ Statut job Airbyte 21: running
2025-11-20 00:07:59 +0000 - dagster - INFO - data_quality_job - a768760b-b6e3-4063-a10a-ba6b52c9de0e - airbyte_sync_op - ⏱️ Statut job Airbyte 21: running
2025-11-20 00:08:05 +0000 - dagster - INFO - data_quality_job - a768760b-b6e3-4063-a10a-ba6b52c9de0e - airbyte_sync_op - ⏱️ Statut job Airbyte 21: running
2025-11-20 00:08:10 +0000 - dagster - INFO - data_quality_job - a768760b-b6e3-4063-a10a-ba6b52c9de0e - airbyte_sync_op - ⏱️ Statut job Airbyte 21: running
2025-11-20 00:08:15 +0000 - dagster - INFO - data_quality_job - a768760b-b6e3-4063-a10a-ba6b52c9de0e - airbyte_sync_op - ⏱️ Statut job Airbyte 21: running
2025-11-20 00:08:20 +0000 - dagster - INFO - data_quality_job - a768760b-b6e3-4063-a10a-ba6b52c9de0e - airbyte_sync_op - ⏱️ Statut job Airbyte 21: running
2025-11-20 00:08:25 +0000 - dagster - INFO - data_quality_job - a768760b-b6e3-4063-a10a-ba6b52c9de0e - airbyte_sync_op - ⏱️ Statut job Airbyte 21: running
2025-11-20 00:08:30 +0000 - dagster - INFO - data_quality_job - a768760b-b6e3-4063-a10a-ba6b52c9de0e - airbyte_sync_op - ⏱️ Statut job Airbyte 21: succeeded
2025-11-20 00:08:30 +0000 - dagster - INFO - data_quality_job - a768760b-b6e3-4063-a10a-ba6b52c9de0e - airbyte_sync_op - 🎉 Sync Airbyte terminé avec succès
2025-11-20 00:08:31 +0000 - dagster - DEBUG - data_quality_job - a768760b-b6e3-4063-a10a-ba6b52c9de0e - 1107 - airbyte_sync_op - STEP_OUTPUT - Yielded output "result" of type "Any". (Type check passed).
2025-11-20 00:08:31 +0000 - dagster - DEBUG - data_quality_job - a768760b-b6e3-4063-a10a-ba6b52c9de0e - airbyte_sync_op - Writing file at: /opt/dagster_home/storage/a768760b-b6e3-4063-a10a-ba6b52c9de0e/airbyte_sync_op/result using PickledObjectFilesystemIOManager...
2025-11-20 00:08:31 +0000 - dagster - DEBUG - data_quality_job - a768760b-b6e3-4063-a10a-ba6b52c9de0e - 1107 - airbyte_sync_op - HANDLED_OUTPUT - Handled output "result" using IO manager "io_manager"
2025-11-20 00:08:31 +0000 - dagster - DEBUG - data_quality_job - a768760b-b6e3-4063-a10a-ba6b52c9de0e - 1107 - airbyte_sync_op - STEP_SUCCESS - Finished execution of step "airbyte_sync_op" in 4m34s.
