2025-11-20 00:03:57 +0000 - dagster - DEBUG - data_quality_job - a768760b-b6e3-4063-a10a-ba6b52c9de0e - 1122 - LOGS_CAPTURED - Started capturing logs in process (pid: 1122).
2025-11-20 00:03:57 +0000 - dagster - DEBUG - data_quality_job - a768760b-b6e3-4063-a10a-ba6b52c9de0e - 1122 - dbt_run_op - STEP_START - Started execution of step "dbt_run_op".
2025-11-20 00:03:57 +0000 - dagster - INFO - data_quality_job - a768760b-b6e3-4063-a10a-ba6b52c9de0e - dbt_run_op - 🚀 Running dbt run + dbt test...
2025-11-20 00:04:00 +0000 - dagster - INFO - data_quality_job - a768760b-b6e3-4063-a10a-ba6b52c9de0e - dbt_run_op - [0m00:04:00  Running with dbt=1.10.15
2025-11-20 00:04:01 +0000 - dagster - INFO - data_quality_job - a768760b-b6e3-4063-a10a-ba6b52c9de0e - dbt_run_op - [0m00:04:01  Registered adapter: postgres=1.9.1
2025-11-20 00:04:09 +0000 - dagster - INFO - data_quality_job - a768760b-b6e3-4063-a10a-ba6b52c9de0e - dbt_run_op - [0m00:04:09  [[33mWARNING[0m][MissingArgumentsPropertyInGenericTestDeprecation]: Deprecated
2025-11-20 00:04:09 +0000 - dagster - INFO - data_quality_job - a768760b-b6e3-4063-a10a-ba6b52c9de0e - dbt_run_op - functionality
2025-11-20 00:04:09 +0000 - dagster - INFO - data_quality_job - a768760b-b6e3-4063-a10a-ba6b52c9de0e - dbt_run_op - Found top-level arguments to test
2025-11-20 00:04:09 +0000 - dagster - INFO - data_quality_job - a768760b-b6e3-4063-a10a-ba6b52c9de0e - dbt_run_op - `dbt_expectations.expect_column_values_to_be_between`. Arguments to generic
2025-11-20 00:04:10 +0000 - dagster - INFO - data_quality_job - a768760b-b6e3-4063-a10a-ba6b52c9de0e - dbt_run_op - tests should be nested under the `arguments` property.`
2025-11-20 00:04:11 +0000 - dagster - INFO - data_quality_job - a768760b-b6e3-4063-a10a-ba6b52c9de0e - dbt_run_op - [0m00:04:10  Found 2 models, 9 data tests, 1 source, 841 macros
2025-11-20 00:04:11 +0000 - dagster - INFO - data_quality_job - a768760b-b6e3-4063-a10a-ba6b52c9de0e - dbt_run_op - [0m00:04:11
2025-11-20 00:04:11 +0000 - dagster - INFO - data_quality_job - a768760b-b6e3-4063-a10a-ba6b52c9de0e - dbt_run_op - [0m00:04:11  Concurrency: 4 threads (target='dev')
2025-11-20 00:04:11 +0000 - dagster - INFO - data_quality_job - a768760b-b6e3-4063-a10a-ba6b52c9de0e - dbt_run_op - [0m00:04:11
2025-11-20 00:04:11 +0000 - dagster - INFO - data_quality_job - a768760b-b6e3-4063-a10a-ba6b52c9de0e - dbt_run_op - [0m00:04:11  1 of 2 START sql table model analytics.stg_sales_data .......................... [RUN]
2025-11-20 00:04:21 +0000 - dagster - INFO - data_quality_job - a768760b-b6e3-4063-a10a-ba6b52c9de0e - dbt_run_op - [0m00:04:20  1 of 2 OK created sql table model analytics.stg_sales_data ..................... [[32mSELECT 520748[0m in 9.52s]
2025-11-20 00:04:21 +0000 - dagster - INFO - data_quality_job - a768760b-b6e3-4063-a10a-ba6b52c9de0e - dbt_run_op - [0m00:04:20  2 of 2 START sql table model analytics.fct_sales ............................... [RUN]
2025-11-20 00:04:24 +0000 - dagster - INFO - data_quality_job - a768760b-b6e3-4063-a10a-ba6b52c9de0e - dbt_run_op - [0m00:04:24  2 of 2 OK created sql table model analytics.fct_sales .......................... [[32mSELECT 519583[0m in 3.61s]
2025-11-20 00:04:24 +0000 - dagster - INFO - data_quality_job - a768760b-b6e3-4063-a10a-ba6b52c9de0e - dbt_run_op - [0m00:04:24
2025-11-20 00:04:24 +0000 - dagster - INFO - data_quality_job - a768760b-b6e3-4063-a10a-ba6b52c9de0e - dbt_run_op - [0m00:04:24  Finished running 2 table models in 0 hours 0 minutes and 13.59 seconds (13.59s).
2025-11-20 00:04:24 +0000 - dagster - INFO - data_quality_job - a768760b-b6e3-4063-a10a-ba6b52c9de0e - dbt_run_op - [0m00:04:24
2025-11-20 00:04:25 +0000 - dagster - INFO - data_quality_job - a768760b-b6e3-4063-a10a-ba6b52c9de0e - dbt_run_op - [0m00:04:24  [32mCompleted successfully[0m
2025-11-20 00:04:25 +0000 - dagster - INFO - data_quality_job - a768760b-b6e3-4063-a10a-ba6b52c9de0e - dbt_run_op - [0m00:04:24
2025-11-20 00:04:25 +0000 - dagster - INFO - data_quality_job - a768760b-b6e3-4063-a10a-ba6b52c9de0e - dbt_run_op - [0m00:04:24  Done. PASS=2 WARN=0 ERROR=0 SKIP=0 NO-OP=0 TOTAL=2
2025-11-20 00:04:25 +0000 - dagster - INFO - data_quality_job - a768760b-b6e3-4063-a10a-ba6b52c9de0e - dbt_run_op - [0m00:04:24  [[33mWARNING[0m][DeprecationsSummary]: Deprecated functionality
2025-11-20 00:04:25 +0000 - dagster - INFO - data_quality_job - a768760b-b6e3-4063-a10a-ba6b52c9de0e - dbt_run_op - Summary of encountered deprecations:
2025-11-20 00:04:25 +0000 - dagster - INFO - data_quality_job - a768760b-b6e3-4063-a10a-ba6b52c9de0e - dbt_run_op - - MissingArgumentsPropertyInGenericTestDeprecation: 4 occurrences
2025-11-20 00:04:25 +0000 - dagster - INFO - data_quality_job - a768760b-b6e3-4063-a10a-ba6b52c9de0e - dbt_run_op - To see all deprecation instances instead of just the first occurrence of each,
2025-11-20 00:04:25 +0000 - dagster - INFO - data_quality_job - a768760b-b6e3-4063-a10a-ba6b52c9de0e - dbt_run_op - run command again with the `--show-all-deprecations` flag. You may also need to
2025-11-20 00:04:25 +0000 - dagster - INFO - data_quality_job - a768760b-b6e3-4063-a10a-ba6b52c9de0e - dbt_run_op - run with `--no-partial-parse` as some deprecations are only encountered during
2025-11-20 00:04:25 +0000 - dagster - INFO - data_quality_job - a768760b-b6e3-4063-a10a-ba6b52c9de0e - dbt_run_op - parsing.
2025-11-20 00:04:29 +0000 - dagster - INFO - data_quality_job - a768760b-b6e3-4063-a10a-ba6b52c9de0e - dbt_run_op - [0m00:04:29  Running with dbt=1.10.15
2025-11-20 00:04:30 +0000 - dagster - INFO - data_quality_job - a768760b-b6e3-4063-a10a-ba6b52c9de0e - dbt_run_op - [0m00:04:29  Registered adapter: postgres=1.9.1
2025-11-20 00:04:37 +0000 - dagster - INFO - data_quality_job - a768760b-b6e3-4063-a10a-ba6b52c9de0e - dbt_run_op - [0m00:04:37  [[33mWARNING[0m][MissingArgumentsPropertyInGenericTestDeprecation]: Deprecated
2025-11-20 00:04:37 +0000 - dagster - INFO - data_quality_job - a768760b-b6e3-4063-a10a-ba6b52c9de0e - dbt_run_op - functionality
2025-11-20 00:04:37 +0000 - dagster - INFO - data_quality_job - a768760b-b6e3-4063-a10a-ba6b52c9de0e - dbt_run_op - Found top-level arguments to test
2025-11-20 00:04:37 +0000 - dagster - INFO - data_quality_job - a768760b-b6e3-4063-a10a-ba6b52c9de0e - dbt_run_op - `dbt_expectations.expect_column_values_to_be_between`. Arguments to generic
2025-11-20 00:04:37 +0000 - dagster - INFO - data_quality_job - a768760b-b6e3-4063-a10a-ba6b52c9de0e - dbt_run_op - tests should be nested under the `arguments` property.`
2025-11-20 00:04:38 +0000 - dagster - INFO - data_quality_job - a768760b-b6e3-4063-a10a-ba6b52c9de0e - dbt_run_op - [0m00:04:38  Found 2 models, 9 data tests, 1 source, 841 macros
2025-11-20 00:04:38 +0000 - dagster - INFO - data_quality_job - a768760b-b6e3-4063-a10a-ba6b52c9de0e - dbt_run_op - [0m00:04:38
2025-11-20 00:04:38 +0000 - dagster - INFO - data_quality_job - a768760b-b6e3-4063-a10a-ba6b52c9de0e - dbt_run_op - [0m00:04:38  Concurrency: 4 threads (target='dev')
2025-11-20 00:04:38 +0000 - dagster - INFO - data_quality_job - a768760b-b6e3-4063-a10a-ba6b52c9de0e - dbt_run_op - [0m00:04:38
2025-11-20 00:04:38 +0000 - dagster - INFO - data_quality_job - a768760b-b6e3-4063-a10a-ba6b52c9de0e - dbt_run_op - [0m00:04:38  1 of 9 START test dbt_expectations_expect_column_values_to_be_between_fct_sales_net_sales_amount__0  [RUN]
2025-11-20 00:04:39 +0000 - dagster - INFO - data_quality_job - a768760b-b6e3-4063-a10a-ba6b52c9de0e - dbt_run_op - [0m00:04:38  2 of 9 START test dbt_expectations_expect_column_values_to_be_between_fct_sales_price_per_unit__0_01  [RUN]
2025-11-20 00:04:39 +0000 - dagster - INFO - data_quality_job - a768760b-b6e3-4063-a10a-ba6b52c9de0e - dbt_run_op - [0m00:04:38  3 of 9 START test dbt_expectations_expect_column_values_to_be_between_fct_sales_quantity_sold__1  [RUN]
2025-11-20 00:04:39 +0000 - dagster - INFO - data_quality_job - a768760b-b6e3-4063-a10a-ba6b52c9de0e - dbt_run_op - [0m00:04:38  4 of 9 START test dbt_utils_unique_combination_of_columns_fct_sales_invoice_number__product_code  [RUN]
2025-11-20 00:04:39 +0000 - dagster - INFO - data_quality_job - a768760b-b6e3-4063-a10a-ba6b52c9de0e - dbt_run_op - [0m00:04:39  3 of 9 PASS dbt_expectations_expect_column_values_to_be_between_fct_sales_quantity_sold__1  [[32mPASS[0m in 0.51s]
2025-11-20 00:04:39 +0000 - dagster - INFO - data_quality_job - a768760b-b6e3-4063-a10a-ba6b52c9de0e - dbt_run_op - [0m00:04:39  2 of 9 PASS dbt_expectations_expect_column_values_to_be_between_fct_sales_price_per_unit__0_01  [[32mPASS[0m in 0.52s]
2025-11-20 00:04:39 +0000 - dagster - INFO - data_quality_job - a768760b-b6e3-4063-a10a-ba6b52c9de0e - dbt_run_op - [0m00:04:39  1 of 9 PASS dbt_expectations_expect_column_values_to_be_between_fct_sales_net_sales_amount__0  [[32mPASS[0m in 0.53s]
2025-11-20 00:04:39 +0000 - dagster - INFO - data_quality_job - a768760b-b6e3-4063-a10a-ba6b52c9de0e - dbt_run_op - [0m00:04:39  5 of 9 START test not_null_fct_sales_invoice_date .............................. [RUN]
2025-11-20 00:04:39 +0000 - dagster - INFO - data_quality_job - a768760b-b6e3-4063-a10a-ba6b52c9de0e - dbt_run_op - [0m00:04:39  6 of 9 START test not_null_fct_sales_invoice_number ............................ [RUN]
2025-11-20 00:04:39 +0000 - dagster - INFO - data_quality_job - a768760b-b6e3-4063-a10a-ba6b52c9de0e - dbt_run_op - [0m00:04:39  7 of 9 START test not_null_fct_sales_price_per_unit ............................ [RUN]
2025-11-20 00:04:39 +0000 - dagster - INFO - data_quality_job - a768760b-b6e3-4063-a10a-ba6b52c9de0e - dbt_run_op - [0m00:04:39  6 of 9 PASS not_null_fct_sales_invoice_number .................................. [[32mPASS[0m in 0.27s]
2025-11-20 00:04:40 +0000 - dagster - INFO - data_quality_job - a768760b-b6e3-4063-a10a-ba6b52c9de0e - dbt_run_op - [0m00:04:39  8 of 9 START test not_null_fct_sales_product_code .............................. [RUN]
2025-11-20 00:04:40 +0000 - dagster - INFO - data_quality_job - a768760b-b6e3-4063-a10a-ba6b52c9de0e - dbt_run_op - [0m00:04:39  5 of 9 PASS not_null_fct_sales_invoice_date .................................... [[32mPASS[0m in 0.30s]
2025-11-20 00:04:40 +0000 - dagster - INFO - data_quality_job - a768760b-b6e3-4063-a10a-ba6b52c9de0e - dbt_run_op - [0m00:04:39  9 of 9 START test not_null_fct_sales_quantity_sold ............................. [RUN]
2025-11-20 00:04:40 +0000 - dagster - INFO - data_quality_job - a768760b-b6e3-4063-a10a-ba6b52c9de0e - dbt_run_op - [0m00:04:39  7 of 9 PASS not_null_fct_sales_price_per_unit .................................. [[32mPASS[0m in 0.33s]
2025-11-20 00:04:40 +0000 - dagster - INFO - data_quality_job - a768760b-b6e3-4063-a10a-ba6b52c9de0e - dbt_run_op - [0m00:04:39  8 of 9 PASS not_null_fct_sales_product_code .................................... [[32mPASS[0m in 0.21s]
2025-11-20 00:04:40 +0000 - dagster - INFO - data_quality_job - a768760b-b6e3-4063-a10a-ba6b52c9de0e - dbt_run_op - [0m00:04:40  9 of 9 PASS not_null_fct_sales_quantity_sold ................................... [[32mPASS[0m in 0.21s]
2025-11-20 00:04:40 +0000 - dagster - INFO - data_quality_job - a768760b-b6e3-4063-a10a-ba6b52c9de0e - dbt_run_op - [0m00:04:40  4 of 9 PASS dbt_utils_unique_combination_of_columns_fct_sales_invoice_number__product_code  [[32mPASS[0m in 1.51s]
2025-11-20 00:04:40 +0000 - dagster - INFO - data_quality_job - a768760b-b6e3-4063-a10a-ba6b52c9de0e - dbt_run_op - [0m00:04:40
2025-11-20 00:04:40 +0000 - dagster - INFO - data_quality_job - a768760b-b6e3-4063-a10a-ba6b52c9de0e - dbt_run_op - [0m00:04:40  Finished running 9 data tests in 0 hours 0 minutes and 1.94 seconds (1.94s).
2025-11-20 00:04:40 +0000 - dagster - INFO - data_quality_job - a768760b-b6e3-4063-a10a-ba6b52c9de0e - dbt_run_op - [0m00:04:40
2025-11-20 00:04:40 +0000 - dagster - INFO - data_quality_job - a768760b-b6e3-4063-a10a-ba6b52c9de0e - dbt_run_op - [0m00:04:40  [32mCompleted successfully[0m
2025-11-20 00:04:40 +0000 - dagster - INFO - data_quality_job - a768760b-b6e3-4063-a10a-ba6b52c9de0e - dbt_run_op - [0m00:04:40
2025-11-20 00:04:41 +0000 - dagster - INFO - data_quality_job - a768760b-b6e3-4063-a10a-ba6b52c9de0e - dbt_run_op - [0m00:04:40  Done. PASS=9 WARN=0 ERROR=0 SKIP=0 NO-OP=0 TOTAL=9
2025-11-20 00:04:41 +0000 - dagster - INFO - data_quality_job - a768760b-b6e3-4063-a10a-ba6b52c9de0e - dbt_run_op - [0m00:04:40  [[33mWARNING[0m][DeprecationsSummary]: Deprecated functionality
2025-11-20 00:04:41 +0000 - dagster - INFO - data_quality_job - a768760b-b6e3-4063-a10a-ba6b52c9de0e - dbt_run_op - Summary of encountered deprecations:
2025-11-20 00:04:41 +0000 - dagster - INFO - data_quality_job - a768760b-b6e3-4063-a10a-ba6b52c9de0e - dbt_run_op - - MissingArgumentsPropertyInGenericTestDeprecation: 4 occurrences
2025-11-20 00:04:41 +0000 - dagster - INFO - data_quality_job - a768760b-b6e3-4063-a10a-ba6b52c9de0e - dbt_run_op - To see all deprecation instances instead of just the first occurrence of each,
2025-11-20 00:04:41 +0000 - dagster - INFO - data_quality_job - a768760b-b6e3-4063-a10a-ba6b52c9de0e - dbt_run_op - run command again with the `--show-all-deprecations` flag. You may also need to
2025-11-20 00:04:41 +0000 - dagster - INFO - data_quality_job - a768760b-b6e3-4063-a10a-ba6b52c9de0e - dbt_run_op - run with `--no-partial-parse` as some deprecations are only encountered during
2025-11-20 00:04:41 +0000 - dagster - INFO - data_quality_job - a768760b-b6e3-4063-a10a-ba6b52c9de0e - dbt_run_op - parsing.
2025-11-20 00:04:42 +0000 - dagster - INFO - data_quality_job - a768760b-b6e3-4063-a10a-ba6b52c9de0e - dbt_run_op - ✅ DBT completed successfully (run + test)
2025-11-20 00:04:42 +0000 - dagster - DEBUG - data_quality_job - a768760b-b6e3-4063-a10a-ba6b52c9de0e - 1122 - dbt_run_op - STEP_OUTPUT - Yielded output "result" of type "Any". (Type check passed).
2025-11-20 00:04:42 +0000 - dagster - DEBUG - data_quality_job - a768760b-b6e3-4063-a10a-ba6b52c9de0e - dbt_run_op - Writing file at: /opt/dagster_home/storage/a768760b-b6e3-4063-a10a-ba6b52c9de0e/dbt_run_op/result using PickledObjectFilesystemIOManager...
2025-11-20 00:04:42 +0000 - dagster - DEBUG - data_quality_job - a768760b-b6e3-4063-a10a-ba6b52c9de0e - 1122 - dbt_run_op - HANDLED_OUTPUT - Handled output "result" using IO manager "io_manager"
2025-11-20 00:04:42 +0000 - dagster - DEBUG - data_quality_job - a768760b-b6e3-4063-a10a-ba6b52c9de0e - 1122 - dbt_run_op - STEP_SUCCESS - Finished execution of step "dbt_run_op" in 45.05s.
