2025-11-19 17:03:46 +0000 - dagster - DEBUG - data_quality_job - 7b332b6a-5b67-4b19-9105-56decbbfcdfd - 14463 - LOGS_CAPTURED - Started capturing logs in process (pid: 14463).
2025-11-19 17:03:46 +0000 - dagster - DEBUG - data_quality_job - 7b332b6a-5b67-4b19-9105-56decbbfcdfd - 14463 - airbyte_sync_op - STEP_START - Started execution of step "airbyte_sync_op".
2025-11-19 17:03:46 +0000 - dagster - INFO - data_quality_job - 7b332b6a-5b67-4b19-9105-56decbbfcdfd - airbyte_sync_op - 🚀 Lancement du sync Airbyte pour la connexion 76375e55-5b58-4ac2-951a-d4bdfb45b99a
2025-11-19 17:03:46 +0000 - dagster - INFO - data_quality_job - 7b332b6a-5b67-4b19-9105-56decbbfcdfd - airbyte_sync_op - ✅ Job Airbyte créé : 11
2025-11-19 17:03:46 +0000 - dagster - INFO - data_quality_job - 7b332b6a-5b67-4b19-9105-56decbbfcdfd - airbyte_sync_op - ⏱️ Statut job Airbyte 11: running
2025-11-19 17:03:56 +0000 - dagster - INFO - data_quality_job - 7b332b6a-5b67-4b19-9105-56decbbfcdfd - airbyte_sync_op - ⏱️ Statut job Airbyte 11: running
2025-11-19 17:04:06 +0000 - dagster - INFO - data_quality_job - 7b332b6a-5b67-4b19-9105-56decbbfcdfd - airbyte_sync_op - ⏱️ Statut job Airbyte 11: running
2025-11-19 17:04:17 +0000 - dagster - INFO - data_quality_job - 7b332b6a-5b67-4b19-9105-56decbbfcdfd - airbyte_sync_op - ⏱️ Statut job Airbyte 11: running
2025-11-19 17:04:27 +0000 - dagster - INFO - data_quality_job - 7b332b6a-5b67-4b19-9105-56decbbfcdfd - airbyte_sync_op - ⏱️ Statut job Airbyte 11: running
2025-11-19 17:04:37 +0000 - dagster - INFO - data_quality_job - 7b332b6a-5b67-4b19-9105-56decbbfcdfd - airbyte_sync_op - ⏱️ Statut job Airbyte 11: running
2025-11-19 17:04:47 +0000 - dagster - INFO - data_quality_job - 7b332b6a-5b67-4b19-9105-56decbbfcdfd - airbyte_sync_op - ⏱️ Statut job Airbyte 11: running
2025-11-19 17:04:57 +0000 - dagster - INFO - data_quality_job - 7b332b6a-5b67-4b19-9105-56decbbfcdfd - airbyte_sync_op - ⏱️ Statut job Airbyte 11: running
2025-11-19 17:05:07 +0000 - dagster - INFO - data_quality_job - 7b332b6a-5b67-4b19-9105-56decbbfcdfd - airbyte_sync_op - ⏱️ Statut job Airbyte 11: running
2025-11-19 17:05:17 +0000 - dagster - INFO - data_quality_job - 7b332b6a-5b67-4b19-9105-56decbbfcdfd - airbyte_sync_op - ⏱️ Statut job Airbyte 11: running
2025-11-19 17:05:27 +0000 - dagster - INFO - data_quality_job - 7b332b6a-5b67-4b19-9105-56decbbfcdfd - airbyte_sync_op - ⏱️ Statut job Airbyte 11: running
2025-11-19 17:05:37 +0000 - dagster - INFO - data_quality_job - 7b332b6a-5b67-4b19-9105-56decbbfcdfd - airbyte_sync_op - ⏱️ Statut job Airbyte 11: running
2025-11-19 17:05:47 +0000 - dagster - INFO - data_quality_job - 7b332b6a-5b67-4b19-9105-56decbbfcdfd - airbyte_sync_op - ⏱️ Statut job Airbyte 11: running
2025-11-19 17:05:57 +0000 - dagster - INFO - data_quality_job - 7b332b6a-5b67-4b19-9105-56decbbfcdfd - airbyte_sync_op - ⏱️ Statut job Airbyte 11: succeeded
2025-11-19 17:05:57 +0000 - dagster - INFO - data_quality_job - 7b332b6a-5b67-4b19-9105-56decbbfcdfd - airbyte_sync_op - 🎉 Sync Airbyte terminé avec succès
2025-11-19 17:05:57 +0000 - dagster - DEBUG - data_quality_job - 7b332b6a-5b67-4b19-9105-56decbbfcdfd - 14463 - airbyte_sync_op - STEP_OUTPUT - Yielded output "result" of type "Any". (Type check passed).
2025-11-19 17:05:57 +0000 - dagster - DEBUG - data_quality_job - 7b332b6a-5b67-4b19-9105-56decbbfcdfd - airbyte_sync_op - Writing file at: /opt/dagster_home/storage/7b332b6a-5b67-4b19-9105-56decbbfcdfd/airbyte_sync_op/result using PickledObjectFilesystemIOManager...
2025-11-19 17:05:57 +0000 - dagster - DEBUG - data_quality_job - 7b332b6a-5b67-4b19-9105-56decbbfcdfd - 14463 - airbyte_sync_op - HANDLED_OUTPUT - Handled output "result" using IO manager "io_manager"
2025-11-19 17:05:57 +0000 - dagster - DEBUG - data_quality_job - 7b332b6a-5b67-4b19-9105-56decbbfcdfd - 14463 - airbyte_sync_op - STEP_SUCCESS - Finished execution of step "airbyte_sync_op" in 2m11s.
