2025-11-19 22:37:55 +0000 - dagster - DEBUG - data_quality_job - 41366713-0884-4c06-82ad-e8f0ee4064a4 - 1138 - LOGS_CAPTURED - Started capturing logs in process (pid: 1138).
2025-11-19 22:37:55 +0000 - dagster - DEBUG - data_quality_job - 41366713-0884-4c06-82ad-e8f0ee4064a4 - 1138 - dbt_run_op - STEP_START - Started execution of step "dbt_run_op".
2025-11-19 22:37:55 +0000 - dagster - INFO - data_quality_job - 41366713-0884-4c06-82ad-e8f0ee4064a4 - dbt_run_op - ▶️ Running dbt run + test...
2025-11-19 22:37:59 +0000 - dagster - INFO - data_quality_job - 41366713-0884-4c06-82ad-e8f0ee4064a4 - dbt_run_op - [0m22:37:59  Running with dbt=1.10.15
2025-11-19 22:38:00 +0000 - dagster - INFO - data_quality_job - 41366713-0884-4c06-82ad-e8f0ee4064a4 - dbt_run_op - [0m22:38:00  Registered adapter: postgres=1.9.1
2025-11-19 22:38:04 +0000 - dagster - INFO - data_quality_job - 41366713-0884-4c06-82ad-e8f0ee4064a4 - dbt_run_op - [0m22:38:04  Found 2 models, 9 data tests, 1 source, 841 macros
2025-11-19 22:38:04 +0000 - dagster - INFO - data_quality_job - 41366713-0884-4c06-82ad-e8f0ee4064a4 - dbt_run_op - [0m22:38:04
2025-11-19 22:38:04 +0000 - dagster - INFO - data_quality_job - 41366713-0884-4c06-82ad-e8f0ee4064a4 - dbt_run_op - [0m22:38:04  Concurrency: 4 threads (target='dev')
2025-11-19 22:38:04 +0000 - dagster - INFO - data_quality_job - 41366713-0884-4c06-82ad-e8f0ee4064a4 - dbt_run_op - [0m22:38:04
2025-11-19 22:38:04 +0000 - dagster - INFO - data_quality_job - 41366713-0884-4c06-82ad-e8f0ee4064a4 - dbt_run_op - [0m22:38:04  1 of 2 START sql table model analytics.stg_sales_data .......................... [RUN]
2025-11-19 22:38:14 +0000 - dagster - INFO - data_quality_job - 41366713-0884-4c06-82ad-e8f0ee4064a4 - dbt_run_op - [0m22:38:14  1 of 2 OK created sql table model analytics.stg_sales_data ..................... [[32mSELECT 520748[0m in 9.70s]
2025-11-19 22:38:14 +0000 - dagster - INFO - data_quality_job - 41366713-0884-4c06-82ad-e8f0ee4064a4 - dbt_run_op - [0m22:38:14  2 of 2 START sql table model analytics.fct_sales ............................... [RUN]
2025-11-19 22:38:17 +0000 - dagster - INFO - data_quality_job - 41366713-0884-4c06-82ad-e8f0ee4064a4 - dbt_run_op - [0m22:38:17  2 of 2 OK created sql table model analytics.fct_sales .......................... [[32mSELECT 519584[0m in 3.36s]
2025-11-19 22:38:17 +0000 - dagster - INFO - data_quality_job - 41366713-0884-4c06-82ad-e8f0ee4064a4 - dbt_run_op - [0m22:38:17
2025-11-19 22:38:17 +0000 - dagster - INFO - data_quality_job - 41366713-0884-4c06-82ad-e8f0ee4064a4 - dbt_run_op - [0m22:38:17  Finished running 2 table models in 0 hours 0 minutes and 13.44 seconds (13.44s).
2025-11-19 22:38:18 +0000 - dagster - INFO - data_quality_job - 41366713-0884-4c06-82ad-e8f0ee4064a4 - dbt_run_op - [0m22:38:17
2025-11-19 22:38:18 +0000 - dagster - INFO - data_quality_job - 41366713-0884-4c06-82ad-e8f0ee4064a4 - dbt_run_op - [0m22:38:17  [32mCompleted successfully[0m
2025-11-19 22:38:18 +0000 - dagster - INFO - data_quality_job - 41366713-0884-4c06-82ad-e8f0ee4064a4 - dbt_run_op - [0m22:38:17
2025-11-19 22:38:18 +0000 - dagster - INFO - data_quality_job - 41366713-0884-4c06-82ad-e8f0ee4064a4 - dbt_run_op - [0m22:38:17  Done. PASS=2 WARN=0 ERROR=0 SKIP=0 NO-OP=0 TOTAL=2
2025-11-19 22:38:23 +0000 - dagster - INFO - data_quality_job - 41366713-0884-4c06-82ad-e8f0ee4064a4 - dbt_run_op - [0m22:38:23  Running with dbt=1.10.15
2025-11-19 22:38:24 +0000 - dagster - INFO - data_quality_job - 41366713-0884-4c06-82ad-e8f0ee4064a4 - dbt_run_op - [0m22:38:23  Registered adapter: postgres=1.9.1
2025-11-19 22:38:24 +0000 - dagster - INFO - data_quality_job - 41366713-0884-4c06-82ad-e8f0ee4064a4 - dbt_run_op - [0m22:38:24  Encountered an error:
2025-11-19 22:38:24 +0000 - dagster - INFO - data_quality_job - 41366713-0884-4c06-82ad-e8f0ee4064a4 - dbt_run_op - Compilation Error
2025-11-19 22:38:24 +0000 - dagster - INFO - data_quality_job - 41366713-0884-4c06-82ad-e8f0ee4064a4 - dbt_run_op - dbt found 3 package(s) specified in packages.yml, but only 1 package(s) installed in dbt_packages. Run "dbt deps" to install package dependencies.
2025-11-19 22:38:30 +0000 - dagster - ERROR - data_quality_job - 41366713-0884-4c06-82ad-e8f0ee4064a4 - 1138 - dbt_run_op - STEP_FAILURE - Execution of step "dbt_run_op" failed.

dagster._core.errors.DagsterExecutionStepExecutionError: Error occurred while executing op "dbt_run_op"::

Exception: ❌ dbt failed

Stack Trace:
  File "/usr/local/lib/python3.10/site-packages/dagster/_core/execution/plan/utils.py", line 57, in op_execution_error_boundary
    yield
  File "/usr/local/lib/python3.10/site-packages/dagster/_utils/__init__.py", line 394, in iterate_with_context
    next_output = next(iterator)
  File "/usr/local/lib/python3.10/site-packages/dagster/_core/execution/plan/compute_generator.py", line 135, in _coerce_op_compute_fn_to_iterator
    result = invoke_compute_fn(
  File "/usr/local/lib/python3.10/site-packages/dagster/_core/execution/plan/compute_generator.py", line 115, in invoke_compute_fn
    return fn(context, **args_to_pass) if context_arg_provided else fn(**args_to_pass)
  File "/opt/dagster/ops/dbt_op.py", line 26, in dbt_run_op
    raise Exception("❌ dbt failed")

