2025-11-19 22:52:10 +0000 - dagster - DEBUG - data_quality_job - b1d99d2e-3248-46ec-8d81-db6c10f7ee9f - 942 - LOGS_CAPTURED - Started capturing logs in process (pid: 942).
2025-11-19 22:52:10 +0000 - dagster - DEBUG - data_quality_job - b1d99d2e-3248-46ec-8d81-db6c10f7ee9f - 942 - airbyte_sync_op - STEP_START - Started execution of step "airbyte_sync_op".
2025-11-19 22:52:10 +0000 - dagster - INFO - data_quality_job - b1d99d2e-3248-46ec-8d81-db6c10f7ee9f - airbyte_sync_op - 🚀 Lancement du sync Airbyte pour la connexion 76375e55-5b58-4ac2-951a-d4bdfb45b99a
2025-11-19 22:52:11 +0000 - dagster - INFO - data_quality_job - b1d99d2e-3248-46ec-8d81-db6c10f7ee9f - airbyte_sync_op - ✅ Job Airbyte créé : 15
2025-11-19 22:52:11 +0000 - dagster - INFO - data_quality_job - b1d99d2e-3248-46ec-8d81-db6c10f7ee9f - airbyte_sync_op - ⏱️ Statut job Airbyte 15: running
2025-11-19 22:52:16 +0000 - dagster - INFO - data_quality_job - b1d99d2e-3248-46ec-8d81-db6c10f7ee9f - airbyte_sync_op - ⏱️ Statut job Airbyte 15: running
2025-11-19 22:52:22 +0000 - dagster - INFO - data_quality_job - b1d99d2e-3248-46ec-8d81-db6c10f7ee9f - airbyte_sync_op - ⏱️ Statut job Airbyte 15: running
2025-11-19 22:52:27 +0000 - dagster - INFO - data_quality_job - b1d99d2e-3248-46ec-8d81-db6c10f7ee9f - airbyte_sync_op - ⏱️ Statut job Airbyte 15: running
2025-11-19 22:52:32 +0000 - dagster - INFO - data_quality_job - b1d99d2e-3248-46ec-8d81-db6c10f7ee9f - airbyte_sync_op - ⏱️ Statut job Airbyte 15: running
2025-11-19 22:52:37 +0000 - dagster - INFO - data_quality_job - b1d99d2e-3248-46ec-8d81-db6c10f7ee9f - airbyte_sync_op - ⏱️ Statut job Airbyte 15: running
2025-11-19 22:52:42 +0000 - dagster - INFO - data_quality_job - b1d99d2e-3248-46ec-8d81-db6c10f7ee9f - airbyte_sync_op - ⏱️ Statut job Airbyte 15: running
2025-11-19 22:52:47 +0000 - dagster - INFO - data_quality_job - b1d99d2e-3248-46ec-8d81-db6c10f7ee9f - airbyte_sync_op - ⏱️ Statut job Airbyte 15: running
2025-11-19 22:52:52 +0000 - dagster - INFO - data_quality_job - b1d99d2e-3248-46ec-8d81-db6c10f7ee9f - airbyte_sync_op - ⏱️ Statut job Airbyte 15: running
2025-11-19 22:52:57 +0000 - dagster - INFO - data_quality_job - b1d99d2e-3248-46ec-8d81-db6c10f7ee9f - airbyte_sync_op - ⏱️ Statut job Airbyte 15: running
2025-11-19 22:53:02 +0000 - dagster - INFO - data_quality_job - b1d99d2e-3248-46ec-8d81-db6c10f7ee9f - airbyte_sync_op - ⏱️ Statut job Airbyte 15: running
2025-11-19 22:53:08 +0000 - dagster - INFO - data_quality_job - b1d99d2e-3248-46ec-8d81-db6c10f7ee9f - airbyte_sync_op - ⏱️ Statut job Airbyte 15: running
2025-11-19 22:53:13 +0000 - dagster - INFO - data_quality_job - b1d99d2e-3248-46ec-8d81-db6c10f7ee9f - airbyte_sync_op - ⏱️ Statut job Airbyte 15: running
2025-11-19 22:53:18 +0000 - dagster - INFO - data_quality_job - b1d99d2e-3248-46ec-8d81-db6c10f7ee9f - airbyte_sync_op - ⏱️ Statut job Airbyte 15: running
2025-11-19 22:53:23 +0000 - dagster - INFO - data_quality_job - b1d99d2e-3248-46ec-8d81-db6c10f7ee9f - airbyte_sync_op - ⏱️ Statut job Airbyte 15: running
2025-11-19 22:53:28 +0000 - dagster - INFO - data_quality_job - b1d99d2e-3248-46ec-8d81-db6c10f7ee9f - airbyte_sync_op - ⏱️ Statut job Airbyte 15: running
2025-11-19 22:53:33 +0000 - dagster - INFO - data_quality_job - b1d99d2e-3248-46ec-8d81-db6c10f7ee9f - airbyte_sync_op - ⏱️ Statut job Airbyte 15: running
2025-11-19 22:53:38 +0000 - dagster - INFO - data_quality_job - b1d99d2e-3248-46ec-8d81-db6c10f7ee9f - airbyte_sync_op - ⏱️ Statut job Airbyte 15: running
2025-11-19 22:53:43 +0000 - dagster - INFO - data_quality_job - b1d99d2e-3248-46ec-8d81-db6c10f7ee9f - airbyte_sync_op - ⏱️ Statut job Airbyte 15: running
2025-11-19 22:53:48 +0000 - dagster - INFO - data_quality_job - b1d99d2e-3248-46ec-8d81-db6c10f7ee9f - airbyte_sync_op - ⏱️ Statut job Airbyte 15: running
2025-11-19 22:53:53 +0000 - dagster - INFO - data_quality_job - b1d99d2e-3248-46ec-8d81-db6c10f7ee9f - airbyte_sync_op - ⏱️ Statut job Airbyte 15: running
2025-11-19 22:53:58 +0000 - dagster - INFO - data_quality_job - b1d99d2e-3248-46ec-8d81-db6c10f7ee9f - airbyte_sync_op - ⏱️ Statut job Airbyte 15: running
2025-11-19 22:54:03 +0000 - dagster - INFO - data_quality_job - b1d99d2e-3248-46ec-8d81-db6c10f7ee9f - airbyte_sync_op - ⏱️ Statut job Airbyte 15: running
2025-11-19 22:54:08 +0000 - dagster - INFO - data_quality_job - b1d99d2e-3248-46ec-8d81-db6c10f7ee9f - airbyte_sync_op - ⏱️ Statut job Airbyte 15: running
2025-11-19 22:54:13 +0000 - dagster - INFO - data_quality_job - b1d99d2e-3248-46ec-8d81-db6c10f7ee9f - airbyte_sync_op - ⏱️ Statut job Airbyte 15: running
2025-11-19 22:54:18 +0000 - dagster - INFO - data_quality_job - b1d99d2e-3248-46ec-8d81-db6c10f7ee9f - airbyte_sync_op - ⏱️ Statut job Airbyte 15: running
2025-11-19 22:54:23 +0000 - dagster - INFO - data_quality_job - b1d99d2e-3248-46ec-8d81-db6c10f7ee9f - airbyte_sync_op - ⏱️ Statut job Airbyte 15: running
2025-11-19 22:54:28 +0000 - dagster - INFO - data_quality_job - b1d99d2e-3248-46ec-8d81-db6c10f7ee9f - airbyte_sync_op - ⏱️ Statut job Airbyte 15: running
2025-11-19 22:54:33 +0000 - dagster - INFO - data_quality_job - b1d99d2e-3248-46ec-8d81-db6c10f7ee9f - airbyte_sync_op - ⏱️ Statut job Airbyte 15: running
2025-11-19 22:54:38 +0000 - dagster - INFO - data_quality_job - b1d99d2e-3248-46ec-8d81-db6c10f7ee9f - airbyte_sync_op - ⏱️ Statut job Airbyte 15: running
2025-11-19 22:54:43 +0000 - dagster - INFO - data_quality_job - b1d99d2e-3248-46ec-8d81-db6c10f7ee9f - airbyte_sync_op - ⏱️ Statut job Airbyte 15: running
2025-11-19 22:54:49 +0000 - dagster - INFO - data_quality_job - b1d99d2e-3248-46ec-8d81-db6c10f7ee9f - airbyte_sync_op - ⏱️ Statut job Airbyte 15: running
2025-11-19 22:54:54 +0000 - dagster - INFO - data_quality_job - b1d99d2e-3248-46ec-8d81-db6c10f7ee9f - airbyte_sync_op - ⏱️ Statut job Airbyte 15: running
2025-11-19 22:54:59 +0000 - dagster - INFO - data_quality_job - b1d99d2e-3248-46ec-8d81-db6c10f7ee9f - airbyte_sync_op - ⏱️ Statut job Airbyte 15: running
2025-11-19 22:55:04 +0000 - dagster - INFO - data_quality_job - b1d99d2e-3248-46ec-8d81-db6c10f7ee9f - airbyte_sync_op - ⏱️ Statut job Airbyte 15: running
2025-11-19 22:55:09 +0000 - dagster - INFO - data_quality_job - b1d99d2e-3248-46ec-8d81-db6c10f7ee9f - airbyte_sync_op - ⏱️ Statut job Airbyte 15: running
2025-11-19 22:55:14 +0000 - dagster - INFO - data_quality_job - b1d99d2e-3248-46ec-8d81-db6c10f7ee9f - airbyte_sync_op - ⏱️ Statut job Airbyte 15: running
2025-11-19 22:55:19 +0000 - dagster - INFO - data_quality_job - b1d99d2e-3248-46ec-8d81-db6c10f7ee9f - airbyte_sync_op - ⏱️ Statut job Airbyte 15: running
2025-11-19 22:55:24 +0000 - dagster - INFO - data_quality_job - b1d99d2e-3248-46ec-8d81-db6c10f7ee9f - airbyte_sync_op - ⏱️ Statut job Airbyte 15: succeeded
2025-11-19 22:55:24 +0000 - dagster - INFO - data_quality_job - b1d99d2e-3248-46ec-8d81-db6c10f7ee9f - airbyte_sync_op - 🎉 Sync Airbyte terminé avec succès
2025-11-19 22:55:24 +0000 - dagster - DEBUG - data_quality_job - b1d99d2e-3248-46ec-8d81-db6c10f7ee9f - 942 - airbyte_sync_op - STEP_OUTPUT - Yielded output "result" of type "Any". (Type check passed).
2025-11-19 22:55:24 +0000 - dagster - DEBUG - data_quality_job - b1d99d2e-3248-46ec-8d81-db6c10f7ee9f - airbyte_sync_op - Writing file at: /opt/dagster_home/storage/b1d99d2e-3248-46ec-8d81-db6c10f7ee9f/airbyte_sync_op/result using PickledObjectFilesystemIOManager...
2025-11-19 22:55:24 +0000 - dagster - DEBUG - data_quality_job - b1d99d2e-3248-46ec-8d81-db6c10f7ee9f - 942 - airbyte_sync_op - HANDLED_OUTPUT - Handled output "result" using IO manager "io_manager"
2025-11-19 22:55:24 +0000 - dagster - DEBUG - data_quality_job - b1d99d2e-3248-46ec-8d81-db6c10f7ee9f - 942 - airbyte_sync_op - STEP_SUCCESS - Finished execution of step "airbyte_sync_op" in 3m14s.
