2025-11-19 22:59:04 +0000 - dagster - DEBUG - data_quality_job - c0adf528-8ce1-4e08-9036-fa5a6db776dd - 1225 - LOGS_CAPTURED - Started capturing logs in process (pid: 1225).
2025-11-19 22:59:04 +0000 - dagster - DEBUG - data_quality_job - c0adf528-8ce1-4e08-9036-fa5a6db776dd - 1225 - airbyte_sync_op - STEP_START - Started execution of step "airbyte_sync_op".
2025-11-19 22:59:04 +0000 - dagster - INFO - data_quality_job - c0adf528-8ce1-4e08-9036-fa5a6db776dd - airbyte_sync_op - 🚀 Lancement du sync Airbyte pour la connexion 76375e55-5b58-4ac2-951a-d4bdfb45b99a
2025-11-19 22:59:05 +0000 - dagster - INFO - data_quality_job - c0adf528-8ce1-4e08-9036-fa5a6db776dd - airbyte_sync_op - ✅ Job Airbyte créé : 16
2025-11-19 22:59:05 +0000 - dagster - INFO - data_quality_job - c0adf528-8ce1-4e08-9036-fa5a6db776dd - airbyte_sync_op - ⏱️ Statut job Airbyte 16: running
2025-11-19 22:59:10 +0000 - dagster - INFO - data_quality_job - c0adf528-8ce1-4e08-9036-fa5a6db776dd - airbyte_sync_op - ⏱️ Statut job Airbyte 16: running
2025-11-19 22:59:15 +0000 - dagster - INFO - data_quality_job - c0adf528-8ce1-4e08-9036-fa5a6db776dd - airbyte_sync_op - ⏱️ Statut job Airbyte 16: running
2025-11-19 22:59:20 +0000 - dagster - INFO - data_quality_job - c0adf528-8ce1-4e08-9036-fa5a6db776dd - airbyte_sync_op - ⏱️ Statut job Airbyte 16: running
2025-11-19 22:59:25 +0000 - dagster - INFO - data_quality_job - c0adf528-8ce1-4e08-9036-fa5a6db776dd - airbyte_sync_op - ⏱️ Statut job Airbyte 16: running
2025-11-19 22:59:30 +0000 - dagster - INFO - data_quality_job - c0adf528-8ce1-4e08-9036-fa5a6db776dd - airbyte_sync_op - ⏱️ Statut job Airbyte 16: running
2025-11-19 22:59:35 +0000 - dagster - INFO - data_quality_job - c0adf528-8ce1-4e08-9036-fa5a6db776dd - airbyte_sync_op - ⏱️ Statut job Airbyte 16: running
2025-11-19 22:59:40 +0000 - dagster - INFO - data_quality_job - c0adf528-8ce1-4e08-9036-fa5a6db776dd - airbyte_sync_op - ⏱️ Statut job Airbyte 16: running
2025-11-19 22:59:45 +0000 - dagster - INFO - data_quality_job - c0adf528-8ce1-4e08-9036-fa5a6db776dd - airbyte_sync_op - ⏱️ Statut job Airbyte 16: running
2025-11-19 22:59:50 +0000 - dagster - INFO - data_quality_job - c0adf528-8ce1-4e08-9036-fa5a6db776dd - airbyte_sync_op - ⏱️ Statut job Airbyte 16: running
2025-11-19 22:59:55 +0000 - dagster - INFO - data_quality_job - c0adf528-8ce1-4e08-9036-fa5a6db776dd - airbyte_sync_op - ⏱️ Statut job Airbyte 16: running
2025-11-19 23:00:00 +0000 - dagster - INFO - data_quality_job - c0adf528-8ce1-4e08-9036-fa5a6db776dd - airbyte_sync_op - ⏱️ Statut job Airbyte 16: running
2025-11-19 23:00:05 +0000 - dagster - INFO - data_quality_job - c0adf528-8ce1-4e08-9036-fa5a6db776dd - airbyte_sync_op - ⏱️ Statut job Airbyte 16: running
2025-11-19 23:00:11 +0000 - dagster - INFO - data_quality_job - c0adf528-8ce1-4e08-9036-fa5a6db776dd - airbyte_sync_op - ⏱️ Statut job Airbyte 16: running
2025-11-19 23:00:16 +0000 - dagster - INFO - data_quality_job - c0adf528-8ce1-4e08-9036-fa5a6db776dd - airbyte_sync_op - ⏱️ Statut job Airbyte 16: running
2025-11-19 23:00:21 +0000 - dagster - INFO - data_quality_job - c0adf528-8ce1-4e08-9036-fa5a6db776dd - airbyte_sync_op - ⏱️ Statut job Airbyte 16: running
2025-11-19 23:00:26 +0000 - dagster - INFO - data_quality_job - c0adf528-8ce1-4e08-9036-fa5a6db776dd - airbyte_sync_op - ⏱️ Statut job Airbyte 16: running
2025-11-19 23:00:31 +0000 - dagster - INFO - data_quality_job - c0adf528-8ce1-4e08-9036-fa5a6db776dd - airbyte_sync_op - ⏱️ Statut job Airbyte 16: running
2025-11-19 23:00:36 +0000 - dagster - INFO - data_quality_job - c0adf528-8ce1-4e08-9036-fa5a6db776dd - airbyte_sync_op - ⏱️ Statut job Airbyte 16: running
2025-11-19 23:00:41 +0000 - dagster - INFO - data_quality_job - c0adf528-8ce1-4e08-9036-fa5a6db776dd - airbyte_sync_op - ⏱️ Statut job Airbyte 16: running
2025-11-19 23:00:46 +0000 - dagster - INFO - data_quality_job - c0adf528-8ce1-4e08-9036-fa5a6db776dd - airbyte_sync_op - ⏱️ Statut job Airbyte 16: running
2025-11-19 23:00:51 +0000 - dagster - INFO - data_quality_job - c0adf528-8ce1-4e08-9036-fa5a6db776dd - airbyte_sync_op - ⏱️ Statut job Airbyte 16: running
2025-11-19 23:00:56 +0000 - dagster - INFO - data_quality_job - c0adf528-8ce1-4e08-9036-fa5a6db776dd - airbyte_sync_op - ⏱️ Statut job Airbyte 16: running
2025-11-19 23:01:01 +0000 - dagster - INFO - data_quality_job - c0adf528-8ce1-4e08-9036-fa5a6db776dd - airbyte_sync_op - ⏱️ Statut job Airbyte 16: running
2025-11-19 23:01:06 +0000 - dagster - INFO - data_quality_job - c0adf528-8ce1-4e08-9036-fa5a6db776dd - airbyte_sync_op - ⏱️ Statut job Airbyte 16: running
2025-11-19 23:01:11 +0000 - dagster - INFO - data_quality_job - c0adf528-8ce1-4e08-9036-fa5a6db776dd - airbyte_sync_op - ⏱️ Statut job Airbyte 16: running
2025-11-19 23:01:16 +0000 - dagster - INFO - data_quality_job - c0adf528-8ce1-4e08-9036-fa5a6db776dd - airbyte_sync_op - ⏱️ Statut job Airbyte 16: running
2025-11-19 23:01:21 +0000 - dagster - INFO - data_quality_job - c0adf528-8ce1-4e08-9036-fa5a6db776dd - airbyte_sync_op - ⏱️ Statut job Airbyte 16: running
2025-11-19 23:01:26 +0000 - dagster - INFO - data_quality_job - c0adf528-8ce1-4e08-9036-fa5a6db776dd - airbyte_sync_op - ⏱️ Statut job Airbyte 16: running
2025-11-19 23:01:31 +0000 - dagster - INFO - data_quality_job - c0adf528-8ce1-4e08-9036-fa5a6db776dd - airbyte_sync_op - ⏱️ Statut job Airbyte 16: running
2025-11-19 23:01:36 +0000 - dagster - INFO - data_quality_job - c0adf528-8ce1-4e08-9036-fa5a6db776dd - airbyte_sync_op - ⏱️ Statut job Airbyte 16: running
2025-11-19 23:01:41 +0000 - dagster - INFO - data_quality_job - c0adf528-8ce1-4e08-9036-fa5a6db776dd - airbyte_sync_op - ⏱️ Statut job Airbyte 16: running
2025-11-19 23:01:46 +0000 - dagster - INFO - data_quality_job - c0adf528-8ce1-4e08-9036-fa5a6db776dd - airbyte_sync_op - ⏱️ Statut job Airbyte 16: running
2025-11-19 23:01:51 +0000 - dagster - INFO - data_quality_job - c0adf528-8ce1-4e08-9036-fa5a6db776dd - airbyte_sync_op - ⏱️ Statut job Airbyte 16: running
2025-11-19 23:01:57 +0000 - dagster - INFO - data_quality_job - c0adf528-8ce1-4e08-9036-fa5a6db776dd - airbyte_sync_op - ⏱️ Statut job Airbyte 16: running
2025-11-19 23:02:01 +0000 - dagster - INFO - data_quality_job - c0adf528-8ce1-4e08-9036-fa5a6db776dd - airbyte_sync_op - ⏱️ Statut job Airbyte 16: running
2025-11-19 23:02:07 +0000 - dagster - INFO - data_quality_job - c0adf528-8ce1-4e08-9036-fa5a6db776dd - airbyte_sync_op - ⏱️ Statut job Airbyte 16: running
2025-11-19 23:02:12 +0000 - dagster - INFO - data_quality_job - c0adf528-8ce1-4e08-9036-fa5a6db776dd - airbyte_sync_op - ⏱️ Statut job Airbyte 16: running
2025-11-19 23:02:17 +0000 - dagster - INFO - data_quality_job - c0adf528-8ce1-4e08-9036-fa5a6db776dd - airbyte_sync_op - ⏱️ Statut job Airbyte 16: running
2025-11-19 23:02:22 +0000 - dagster - INFO - data_quality_job - c0adf528-8ce1-4e08-9036-fa5a6db776dd - airbyte_sync_op - ⏱️ Statut job Airbyte 16: succeeded
2025-11-19 23:02:22 +0000 - dagster - INFO - data_quality_job - c0adf528-8ce1-4e08-9036-fa5a6db776dd - airbyte_sync_op - 🎉 Sync Airbyte terminé avec succès
2025-11-19 23:02:22 +0000 - dagster - DEBUG - data_quality_job - c0adf528-8ce1-4e08-9036-fa5a6db776dd - 1225 - airbyte_sync_op - STEP_OUTPUT - Yielded output "result" of type "Any". (Type check passed).
2025-11-19 23:02:22 +0000 - dagster - DEBUG - data_quality_job - c0adf528-8ce1-4e08-9036-fa5a6db776dd - airbyte_sync_op - Writing file at: /opt/dagster_home/storage/c0adf528-8ce1-4e08-9036-fa5a6db776dd/airbyte_sync_op/result using PickledObjectFilesystemIOManager...
2025-11-19 23:02:22 +0000 - dagster - DEBUG - data_quality_job - c0adf528-8ce1-4e08-9036-fa5a6db776dd - 1225 - airbyte_sync_op - HANDLED_OUTPUT - Handled output "result" using IO manager "io_manager"
2025-11-19 23:02:22 +0000 - dagster - DEBUG - data_quality_job - c0adf528-8ce1-4e08-9036-fa5a6db776dd - 1225 - airbyte_sync_op - STEP_SUCCESS - Finished execution of step "airbyte_sync_op" in 3m18s.
