2025-11-21 01:58:05 +0000 - dagster - DEBUG - data_quality_job - e02b8c18-8ccb-46c5-934e-39e36739eda8 - 4084 - LOGS_CAPTURED - Started capturing logs in process (pid: 4084).
2025-11-21 01:58:06 +0000 - dagster - DEBUG - data_quality_job - e02b8c18-8ccb-46c5-934e-39e36739eda8 - 4084 - gx_validation_op - STEP_START - Started execution of step "gx_validation_op".
2025-11-21 01:58:06 +0000 - dagster - INFO - data_quality_job - e02b8c18-8ccb-46c5-934e-39e36739eda8 - gx_validation_op - ▶️ Running Great Expectations pipeline...
2025-11-21 01:58:11 +0000 - dagster - INFO - data_quality_job - e02b8c18-8ccb-46c5-934e-39e36739eda8 - gx_validation_op - 🚀 Lancement pipeline Great Expectations
2025-11-21 01:58:11 +0000 - dagster - INFO - data_quality_job - e02b8c18-8ccb-46c5-934e-39e36739eda8 - gx_validation_op - 📁 Type de contexte : <class 'great_expectations.data_context.data_context.ephemeral_data_context.EphemeralDataContext'>
2025-11-21 01:58:11 +0000 - dagster - INFO - data_quality_job - e02b8c18-8ccb-46c5-934e-39e36739eda8 - gx_validation_op - ℹ️ Aucun ancien datasource à supprimer
2025-11-21 01:58:11 +0000 - dagster - INFO - data_quality_job - e02b8c18-8ccb-46c5-934e-39e36739eda8 - gx_validation_op - ✅ Nouveau datasource créé : pg_airbyte
2025-11-21 01:58:11 +0000 - dagster - INFO - data_quality_job - e02b8c18-8ccb-46c5-934e-39e36739eda8 - gx_validation_op
2025-11-21 01:58:11 +0000 - dagster - INFO - data_quality_job - e02b8c18-8ccb-46c5-934e-39e36739eda8 - gx_validation_op - 🔷 Validation de analytics.stg_sales_data
2025-11-21 01:58:11 +0000 - dagster - INFO - data_quality_job - e02b8c18-8ccb-46c5-934e-39e36739eda8 - gx_validation_op - 📦 Asset ajouté : analytics.stg_sales_data
2025-11-21 01:58:11 +0000 - dagster - INFO - data_quality_job - e02b8c18-8ccb-46c5-934e-39e36739eda8 - gx_validation_op - 📥 BatchRequest créé
2025-11-21 01:58:12 +0000 - dagster - INFO - data_quality_job - e02b8c18-8ccb-46c5-934e-39e36739eda8 - gx_validation_op - ℹ️ Aucune suite existante à supprimer pour stg_sales_data_suite
2025-11-21 01:58:12 +0000 - dagster - INFO - data_quality_job - e02b8c18-8ccb-46c5-934e-39e36739eda8 - gx_validation_op - 📘 Nouvelle suite créée : stg_sales_data_suite
2025-11-21 01:58:12 +0000 - dagster - INFO - data_quality_job - e02b8c18-8ccb-46c5-934e-39e36739eda8 - gx_validation_op - 📊 Aperçu des données (stg) :
2025-11-21 01:58:12 +0000 - dagster - INFO - data_quality_job - e02b8c18-8ccb-46c5-934e-39e36739eda8 - gx_validation_op
2025-11-21 01:58:12 +0000 - dagster - INFO - data_quality_job - e02b8c18-8ccb-46c5-934e-39e36739eda8 - gx_validation_op - Calculating Metrics:   0%|          | 0/1 [00:00<?, ?it/s]
2025-11-21 01:58:12 +0000 - dagster - INFO - data_quality_job - e02b8c18-8ccb-46c5-934e-39e36739eda8 - gx_validation_op - Calculating Metrics:   0%|          | 0/1 [00:00<?, ?it/s]
2025-11-21 01:58:12 +0000 - dagster - INFO - data_quality_job - e02b8c18-8ccb-46c5-934e-39e36739eda8 - gx_validation_op - Calculating Metrics: 100%|██████████| 1/1 [00:00<00:00, 23.04it/s]
2025-11-21 01:58:12 +0000 - dagster - INFO - data_quality_job - e02b8c18-8ccb-46c5-934e-39e36739eda8 - gx_validation_op - Calculating Metrics: 100%|██████████| 1/1 [00:00<00:00, 22.94it/s]
2025-11-21 01:58:12 +0000 - dagster - INFO - data_quality_job - e02b8c18-8ccb-46c5-934e-39e36739eda8 - gx_validation_op - Calculating Metrics: 100%|██████████| 1/1 [00:00<00:00, 22.87it/s]
2025-11-21 01:58:12 +0000 - dagster - INFO - data_quality_job - e02b8c18-8ccb-46c5-934e-39e36739eda8 - gx_validation_op - Calculating Metrics: 100%|██████████| 1/1 [00:00<00:00, 22.77it/s]
2025-11-21 01:58:12 +0000 - dagster - INFO - data_quality_job - e02b8c18-8ccb-46c5-934e-39e36739eda8 - gx_validation_op - /usr/local/lib/python3.10/site-packages/great_expectations/expectations/expectation.py:1599: UserWarning: `result_format` configured at the Validator-level will not be persisted. Please add the configuration to your Checkpoint config or checkpoint_run() method instead.
2025-11-21 01:58:12 +0000 - dagster - INFO - data_quality_job - e02b8c18-8ccb-46c5-934e-39e36739eda8 - gx_validation_op -   warnings.warn(
2025-11-21 01:58:12 +0000 - dagster - INFO - data_quality_job - e02b8c18-8ccb-46c5-934e-39e36739eda8 - gx_validation_op -   invoice_no  ...                                sk
2025-11-21 01:58:13 +0000 - dagster - INFO - data_quality_job - e02b8c18-8ccb-46c5-934e-39e36739eda8 - gx_validation_op - 0     550302  ...  00001482a076eb8893b4d68354c6c58c
2025-11-21 01:58:13 +0000 - dagster - INFO - data_quality_job - e02b8c18-8ccb-46c5-934e-39e36739eda8 - gx_validation_op - 1     566408  ...  000055653a16796d3a2241b98e8b0403
2025-11-21 01:58:13 +0000 - dagster - INFO - data_quality_job - e02b8c18-8ccb-46c5-934e-39e36739eda8 - gx_validation_op - 2     578533  ...  0000abbd6bc9594cf8711b677c31a4e5
2025-11-21 01:58:13 +0000 - dagster - INFO - data_quality_job - e02b8c18-8ccb-46c5-934e-39e36739eda8 - gx_validation_op - 3     543985  ...  0001277d916575dfa4a0ee0a73799dd2
2025-11-21 01:58:13 +0000 - dagster - INFO - data_quality_job - e02b8c18-8ccb-46c5-934e-39e36739eda8 - gx_validation_op - 4     576538  ...  000142c2700349df2c85bac51ecf07bc
2025-11-21 01:58:13 +0000 - dagster - INFO - data_quality_job - e02b8c18-8ccb-46c5-934e-39e36739eda8 - gx_validation_op
2025-11-21 01:58:13 +0000 - dagster - INFO - data_quality_job - e02b8c18-8ccb-46c5-934e-39e36739eda8 - gx_validation_op - [5 rows x 10 columns]
2025-11-21 01:58:13 +0000 - dagster - INFO - data_quality_job - e02b8c18-8ccb-46c5-934e-39e36739eda8 - gx_validation_op
2025-11-21 01:58:13 +0000 - dagster - INFO - data_quality_job - e02b8c18-8ccb-46c5-934e-39e36739eda8 - gx_validation_op - Calculating Metrics:   0%|          | 0/8 [00:00<?, ?it/s]
2025-11-21 01:58:13 +0000 - dagster - INFO - data_quality_job - e02b8c18-8ccb-46c5-934e-39e36739eda8 - gx_validation_op - Calculating Metrics:   0%|          | 0/8 [00:00<?, ?it/s]
2025-11-21 01:58:13 +0000 - dagster - INFO - data_quality_job - e02b8c18-8ccb-46c5-934e-39e36739eda8 - gx_validation_op - Calculating Metrics:  25%|██▌       | 2/8 [00:00<00:00, 49.99it/s]
2025-11-21 01:58:13 +0000 - dagster - INFO - data_quality_job - e02b8c18-8ccb-46c5-934e-39e36739eda8 - gx_validation_op - Calculating Metrics:  25%|██▌       | 2/8 [00:00<00:00, 49.61it/s]
2025-11-21 01:58:13 +0000 - dagster - INFO - data_quality_job - e02b8c18-8ccb-46c5-934e-39e36739eda8 - gx_validation_op - Calculating Metrics:  50%|█████     | 4/8 [00:00<00:00, 44.92it/s]
2025-11-21 01:58:14 +0000 - dagster - INFO - data_quality_job - e02b8c18-8ccb-46c5-934e-39e36739eda8 - gx_validation_op - Calculating Metrics:  50%|█████     | 4/8 [00:00<00:00, 44.77it/s]
2025-11-21 01:58:14 +0000 - dagster - INFO - data_quality_job - e02b8c18-8ccb-46c5-934e-39e36739eda8 - gx_validation_op - Calculating Metrics:  62%|██████▎   | 5/8 [00:00<00:00, 55.55it/s]
2025-11-21 01:58:14 +0000 - dagster - INFO - data_quality_job - e02b8c18-8ccb-46c5-934e-39e36739eda8 - gx_validation_op - Calculating Metrics:  62%|██████▎   | 5/8 [00:00<00:00, 55.44it/s]
2025-11-21 01:58:14 +0000 - dagster - INFO - data_quality_job - e02b8c18-8ccb-46c5-934e-39e36739eda8 - gx_validation_op - Calculating Metrics:  88%|████████▊ | 7/8 [00:00<00:00, 52.28it/s]
2025-11-21 01:58:14 +0000 - dagster - INFO - data_quality_job - e02b8c18-8ccb-46c5-934e-39e36739eda8 - gx_validation_op - Calculating Metrics:  88%|████████▊ | 7/8 [00:00<00:00, 52.28it/s]
2025-11-21 01:58:14 +0000 - dagster - INFO - data_quality_job - e02b8c18-8ccb-46c5-934e-39e36739eda8 - gx_validation_op - Calculating Metrics:  88%|████████▊ | 7/8 [00:00<00:00, 52.28it/s]
2025-11-21 01:58:14 +0000 - dagster - INFO - data_quality_job - e02b8c18-8ccb-46c5-934e-39e36739eda8 - gx_validation_op - Calculating Metrics: 100%|██████████| 8/8 [00:00<00:00, 52.28it/s]
2025-11-21 01:58:14 +0000 - dagster - INFO - data_quality_job - e02b8c18-8ccb-46c5-934e-39e36739eda8 - gx_validation_op - Calculating Metrics: 100%|██████████| 8/8 [00:00<00:00, 52.28it/s]
2025-11-21 01:58:14 +0000 - dagster - INFO - data_quality_job - e02b8c18-8ccb-46c5-934e-39e36739eda8 - gx_validation_op - Calculating Metrics: 100%|██████████| 8/8 [00:00<00:00, 52.28it/s]
2025-11-21 01:58:14 +0000 - dagster - INFO - data_quality_job - e02b8c18-8ccb-46c5-934e-39e36739eda8 - gx_validation_op - Calculating Metrics: 100%|██████████| 8/8 [00:00<00:00, 42.91it/s]
2025-11-21 01:58:14 +0000 - dagster - INFO - data_quality_job - e02b8c18-8ccb-46c5-934e-39e36739eda8 - gx_validation_op
2025-11-21 01:58:14 +0000 - dagster - INFO - data_quality_job - e02b8c18-8ccb-46c5-934e-39e36739eda8 - gx_validation_op - Calculating Metrics:   0%|          | 0/8 [00:00<?, ?it/s]
2025-11-21 01:58:14 +0000 - dagster - INFO - data_quality_job - e02b8c18-8ccb-46c5-934e-39e36739eda8 - gx_validation_op - Calculating Metrics:   0%|          | 0/8 [00:00<?, ?it/s]
2025-11-21 01:58:15 +0000 - dagster - INFO - data_quality_job - e02b8c18-8ccb-46c5-934e-39e36739eda8 - gx_validation_op - Calculating Metrics:  25%|██▌       | 2/8 [00:00<00:00, 2645.41it/s]
2025-11-21 01:58:15 +0000 - dagster - INFO - data_quality_job - e02b8c18-8ccb-46c5-934e-39e36739eda8 - gx_validation_op - Calculating Metrics:  25%|██▌       | 2/8 [00:00<00:00, 2079.99it/s]
2025-11-21 01:58:15 +0000 - dagster - INFO - data_quality_job - e02b8c18-8ccb-46c5-934e-39e36739eda8 - gx_validation_op - Calculating Metrics:  50%|█████     | 4/8 [00:00<00:00, 117.54it/s]
2025-11-21 01:58:15 +0000 - dagster - INFO - data_quality_job - e02b8c18-8ccb-46c5-934e-39e36739eda8 - gx_validation_op - Calculating Metrics:  50%|█████     | 4/8 [00:00<00:00, 116.60it/s]
2025-11-21 01:58:15 +0000 - dagster - INFO - data_quality_job - e02b8c18-8ccb-46c5-934e-39e36739eda8 - gx_validation_op - Calculating Metrics:  62%|██████▎   | 5/8 [00:00<00:00, 143.89it/s]
2025-11-21 01:58:15 +0000 - dagster - INFO - data_quality_job - e02b8c18-8ccb-46c5-934e-39e36739eda8 - gx_validation_op - Calculating Metrics:  62%|██████▎   | 5/8 [00:00<00:00, 143.26it/s]
2025-11-21 01:58:15 +0000 - dagster - INFO - data_quality_job - e02b8c18-8ccb-46c5-934e-39e36739eda8 - gx_validation_op - Calculating Metrics:  88%|████████▊ | 7/8 [00:00<00:00, 89.55it/s]
2025-11-21 01:58:15 +0000 - dagster - INFO - data_quality_job - e02b8c18-8ccb-46c5-934e-39e36739eda8 - gx_validation_op - Calculating Metrics:  88%|████████▊ | 7/8 [00:00<00:00, 89.27it/s]
2025-11-21 01:58:15 +0000 - dagster - INFO - data_quality_job - e02b8c18-8ccb-46c5-934e-39e36739eda8 - gx_validation_op - Calculating Metrics: 100%|██████████| 8/8 [00:00<00:00, 66.45it/s]
2025-11-21 01:58:15 +0000 - dagster - INFO - data_quality_job - e02b8c18-8ccb-46c5-934e-39e36739eda8 - gx_validation_op - Calculating Metrics: 100%|██████████| 8/8 [00:00<00:00, 66.45it/s]
2025-11-21 01:58:15 +0000 - dagster - INFO - data_quality_job - e02b8c18-8ccb-46c5-934e-39e36739eda8 - gx_validation_op - Calculating Metrics: 100%|██████████| 8/8 [00:00<00:00, 66.45it/s]
2025-11-21 01:58:15 +0000 - dagster - INFO - data_quality_job - e02b8c18-8ccb-46c5-934e-39e36739eda8 - gx_validation_op - Calculating Metrics: 100%|██████████| 8/8 [00:00<00:00, 66.45it/s]
2025-11-21 01:58:15 +0000 - dagster - INFO - data_quality_job - e02b8c18-8ccb-46c5-934e-39e36739eda8 - gx_validation_op - Calculating Metrics: 100%|██████████| 8/8 [00:00<00:00, 66.07it/s]
2025-11-21 01:58:15 +0000 - dagster - INFO - data_quality_job - e02b8c18-8ccb-46c5-934e-39e36739eda8 - gx_validation_op
2025-11-21 01:58:16 +0000 - dagster - INFO - data_quality_job - e02b8c18-8ccb-46c5-934e-39e36739eda8 - gx_validation_op - Calculating Metrics:   0%|          | 0/2 [00:00<?, ?it/s]
2025-11-21 01:58:16 +0000 - dagster - INFO - data_quality_job - e02b8c18-8ccb-46c5-934e-39e36739eda8 - gx_validation_op - Calculating Metrics:   0%|          | 0/2 [00:00<?, ?it/s]
2025-11-21 01:58:16 +0000 - dagster - INFO - data_quality_job - e02b8c18-8ccb-46c5-934e-39e36739eda8 - gx_validation_op - Calculating Metrics:  50%|█████     | 1/2 [00:00<00:00, 4387.35it/s]
2025-11-21 01:58:16 +0000 - dagster - INFO - data_quality_job - e02b8c18-8ccb-46c5-934e-39e36739eda8 - gx_validation_op - Calculating Metrics:  50%|█████     | 1/2 [00:00<00:00, 3052.62it/s]
2025-11-21 01:58:16 +0000 - dagster - INFO - data_quality_job - e02b8c18-8ccb-46c5-934e-39e36739eda8 - gx_validation_op - Calculating Metrics: 100%|██████████| 2/2 [00:00<00:00, 60.38it/s]
2025-11-21 01:58:16 +0000 - dagster - INFO - data_quality_job - e02b8c18-8ccb-46c5-934e-39e36739eda8 - gx_validation_op - Calculating Metrics: 100%|██████████| 2/2 [00:00<00:00, 59.99it/s]
2025-11-21 01:58:16 +0000 - dagster - INFO - data_quality_job - e02b8c18-8ccb-46c5-934e-39e36739eda8 - gx_validation_op - Calculating Metrics: 100%|██████████| 2/2 [00:00<00:00, 59.75it/s]
2025-11-21 01:58:16 +0000 - dagster - INFO - data_quality_job - e02b8c18-8ccb-46c5-934e-39e36739eda8 - gx_validation_op - Calculating Metrics: 100%|██████████| 2/2 [00:00<00:00, 59.52it/s]
2025-11-21 01:58:16 +0000 - dagster - INFO - data_quality_job - e02b8c18-8ccb-46c5-934e-39e36739eda8 - gx_validation_op
2025-11-21 01:58:16 +0000 - dagster - INFO - data_quality_job - e02b8c18-8ccb-46c5-934e-39e36739eda8 - gx_validation_op - Calculating Metrics:   0%|          | 0/11 [00:00<?, ?it/s]
2025-11-21 01:58:16 +0000 - dagster - INFO - data_quality_job - e02b8c18-8ccb-46c5-934e-39e36739eda8 - gx_validation_op - Calculating Metrics:   0%|          | 0/11 [00:00<?, ?it/s]
2025-11-21 01:58:16 +0000 - dagster - INFO - data_quality_job - e02b8c18-8ccb-46c5-934e-39e36739eda8 - gx_validation_op - Calculating Metrics:  18%|█▊        | 2/11 [00:00<00:00, 2618.17it/s]
2025-11-21 01:58:16 +0000 - dagster - INFO - data_quality_job - e02b8c18-8ccb-46c5-934e-39e36739eda8 - gx_validation_op - Calculating Metrics:  18%|█▊        | 2/11 [00:00<00:00, 1927.09it/s]
2025-11-21 01:58:17 +0000 - dagster - INFO - data_quality_job - e02b8c18-8ccb-46c5-934e-39e36739eda8 - gx_validation_op - Calculating Metrics:  36%|███▋      | 4/11 [00:00<00:00, 93.08it/s]
2025-11-21 01:58:17 +0000 - dagster - INFO - data_quality_job - e02b8c18-8ccb-46c5-934e-39e36739eda8 - gx_validation_op - Calculating Metrics:  36%|███▋      | 4/11 [00:00<00:00, 92.38it/s]
2025-11-21 01:58:17 +0000 - dagster - INFO - data_quality_job - e02b8c18-8ccb-46c5-934e-39e36739eda8 - gx_validation_op - Calculating Metrics:  55%|█████▍    | 6/11 [00:00<00:00, 135.06it/s]
2025-11-21 01:58:17 +0000 - dagster - INFO - data_quality_job - e02b8c18-8ccb-46c5-934e-39e36739eda8 - gx_validation_op - Calculating Metrics:  55%|█████▍    | 6/11 [00:00<00:00, 134.48it/s]
2025-11-21 01:58:17 +0000 - dagster - INFO - data_quality_job - e02b8c18-8ccb-46c5-934e-39e36739eda8 - gx_validation_op - Calculating Metrics:  82%|████████▏ | 9/11 [00:00<00:00, 39.97it/s]
2025-11-21 01:58:17 +0000 - dagster - INFO - data_quality_job - e02b8c18-8ccb-46c5-934e-39e36739eda8 - gx_validation_op - Calculating Metrics:  82%|████████▏ | 9/11 [00:00<00:00, 39.97it/s]
2025-11-21 01:58:17 +0000 - dagster - INFO - data_quality_job - e02b8c18-8ccb-46c5-934e-39e36739eda8 - gx_validation_op - Calculating Metrics:  82%|████████▏ | 9/11 [00:00<00:00, 39.97it/s]
2025-11-21 01:58:17 +0000 - dagster - INFO - data_quality_job - e02b8c18-8ccb-46c5-934e-39e36739eda8 - gx_validation_op - Calculating Metrics: 100%|██████████| 11/11 [00:00<00:00, 39.97it/s]
2025-11-21 01:58:17 +0000 - dagster - INFO - data_quality_job - e02b8c18-8ccb-46c5-934e-39e36739eda8 - gx_validation_op - Calculating Metrics: 100%|██████████| 11/11 [00:00<00:00, 39.97it/s]
2025-11-21 01:58:17 +0000 - dagster - INFO - data_quality_job - e02b8c18-8ccb-46c5-934e-39e36739eda8 - gx_validation_op - Calculating Metrics: 100%|██████████| 11/11 [00:00<00:00, 39.97it/s]
2025-11-21 01:58:17 +0000 - dagster - INFO - data_quality_job - e02b8c18-8ccb-46c5-934e-39e36739eda8 - gx_validation_op - Calculating Metrics: 100%|██████████| 11/11 [00:00<00:00, 34.26it/s]
2025-11-21 01:58:17 +0000 - dagster - INFO - data_quality_job - e02b8c18-8ccb-46c5-934e-39e36739eda8 - gx_validation_op
2025-11-21 01:58:18 +0000 - dagster - INFO - data_quality_job - e02b8c18-8ccb-46c5-934e-39e36739eda8 - gx_validation_op - Calculating Metrics:   0%|          | 0/11 [00:00<?, ?it/s]
2025-11-21 01:58:18 +0000 - dagster - INFO - data_quality_job - e02b8c18-8ccb-46c5-934e-39e36739eda8 - gx_validation_op - Calculating Metrics:   0%|          | 0/11 [00:00<?, ?it/s]
2025-11-21 01:58:18 +0000 - dagster - INFO - data_quality_job - e02b8c18-8ccb-46c5-934e-39e36739eda8 - gx_validation_op - Calculating Metrics:  18%|█▊        | 2/11 [00:00<00:00, 3245.11it/s]
2025-11-21 01:58:18 +0000 - dagster - INFO - data_quality_job - e02b8c18-8ccb-46c5-934e-39e36739eda8 - gx_validation_op - Calculating Metrics:  18%|█▊        | 2/11 [00:00<00:00, 2457.12it/s]
2025-11-21 01:58:18 +0000 - dagster - INFO - data_quality_job - e02b8c18-8ccb-46c5-934e-39e36739eda8 - gx_validation_op - Calculating Metrics:  36%|███▋      | 4/11 [00:00<00:00, 114.74it/s]
2025-11-21 01:58:18 +0000 - dagster - INFO - data_quality_job - e02b8c18-8ccb-46c5-934e-39e36739eda8 - gx_validation_op - Calculating Metrics:  36%|███▋      | 4/11 [00:00<00:00, 113.87it/s]
2025-11-21 01:58:18 +0000 - dagster - INFO - data_quality_job - e02b8c18-8ccb-46c5-934e-39e36739eda8 - gx_validation_op - Calculating Metrics:  55%|█████▍    | 6/11 [00:00<00:00, 165.74it/s]
2025-11-21 01:58:18 +0000 - dagster - INFO - data_quality_job - e02b8c18-8ccb-46c5-934e-39e36739eda8 - gx_validation_op - Calculating Metrics:  55%|█████▍    | 6/11 [00:00<00:00, 164.67it/s]
2025-11-21 01:58:18 +0000 - dagster - INFO - data_quality_job - e02b8c18-8ccb-46c5-934e-39e36739eda8 - gx_validation_op - Calculating Metrics:  82%|████████▏ | 9/11 [00:00<00:00, 87.13it/s]
2025-11-21 01:58:18 +0000 - dagster - INFO - data_quality_job - e02b8c18-8ccb-46c5-934e-39e36739eda8 - gx_validation_op - Calculating Metrics:  82%|████████▏ | 9/11 [00:00<00:00, 87.13it/s]
2025-11-21 01:58:18 +0000 - dagster - INFO - data_quality_job - e02b8c18-8ccb-46c5-934e-39e36739eda8 - gx_validation_op - Calculating Metrics:  82%|████████▏ | 9/11 [00:00<00:00, 87.13it/s]
2025-11-21 01:58:18 +0000 - dagster - INFO - data_quality_job - e02b8c18-8ccb-46c5-934e-39e36739eda8 - gx_validation_op - Calculating Metrics: 100%|██████████| 11/11 [00:00<00:00, 87.13it/s]
2025-11-21 01:58:19 +0000 - dagster - INFO - data_quality_job - e02b8c18-8ccb-46c5-934e-39e36739eda8 - gx_validation_op - Calculating Metrics: 100%|██████████| 11/11 [00:00<00:00, 87.13it/s]
2025-11-21 01:58:19 +0000 - dagster - INFO - data_quality_job - e02b8c18-8ccb-46c5-934e-39e36739eda8 - gx_validation_op - Calculating Metrics: 100%|██████████| 11/11 [00:00<00:00, 87.13it/s]
2025-11-21 01:58:19 +0000 - dagster - INFO - data_quality_job - e02b8c18-8ccb-46c5-934e-39e36739eda8 - gx_validation_op - Calculating Metrics: 100%|██████████| 11/11 [00:00<00:00, 56.93it/s]
2025-11-21 01:58:19 +0000 - dagster - INFO - data_quality_job - e02b8c18-8ccb-46c5-934e-39e36739eda8 - gx_validation_op - ✅ Expectations (stg_sales_data) définies, lancement de la validation...
2025-11-21 01:58:19 +0000 - dagster - INFO - data_quality_job - e02b8c18-8ccb-46c5-934e-39e36739eda8 - gx_validation_op
2025-11-21 01:58:19 +0000 - dagster - INFO - data_quality_job - e02b8c18-8ccb-46c5-934e-39e36739eda8 - gx_validation_op - Calculating Metrics:   0%|          | 0/28 [00:00<?, ?it/s]
2025-11-21 01:58:19 +0000 - dagster - INFO - data_quality_job - e02b8c18-8ccb-46c5-934e-39e36739eda8 - gx_validation_op - Calculating Metrics:   0%|          | 0/28 [00:00<?, ?it/s]
2025-11-21 01:58:20 +0000 - dagster - INFO - data_quality_job - e02b8c18-8ccb-46c5-934e-39e36739eda8 - gx_validation_op - Calculating Metrics:  11%|█         | 3/28 [00:00<00:00, 4971.52it/s]
2025-11-21 01:58:20 +0000 - dagster - INFO - data_quality_job - e02b8c18-8ccb-46c5-934e-39e36739eda8 - gx_validation_op - Calculating Metrics:  11%|█         | 3/28 [00:00<00:00, 3116.12it/s]
2025-11-21 01:58:20 +0000 - dagster - INFO - data_quality_job - e02b8c18-8ccb-46c5-934e-39e36739eda8 - gx_validation_op - Calculating Metrics:  21%|██▏       | 6/28 [00:00<00:00, 73.32it/s]
2025-11-21 01:58:20 +0000 - dagster - INFO - data_quality_job - e02b8c18-8ccb-46c5-934e-39e36739eda8 - gx_validation_op - Calculating Metrics:  21%|██▏       | 6/28 [00:00<00:00, 72.88it/s]
2025-11-21 01:58:20 +0000 - dagster - INFO - data_quality_job - e02b8c18-8ccb-46c5-934e-39e36739eda8 - gx_validation_op - Calculating Metrics:  43%|████▎     | 12/28 [00:00<00:00, 141.32it/s]
2025-11-21 01:58:20 +0000 - dagster - INFO - data_quality_job - e02b8c18-8ccb-46c5-934e-39e36739eda8 - gx_validation_op - Calculating Metrics:  43%|████▎     | 12/28 [00:00<00:00, 140.50it/s]
2025-11-21 01:58:20 +0000 - dagster - INFO - data_quality_job - e02b8c18-8ccb-46c5-934e-39e36739eda8 - gx_validation_op - Calculating Metrics:  79%|███████▊  | 22/28 [00:00<00:00, 52.34it/s]
2025-11-21 01:58:20 +0000 - dagster - INFO - data_quality_job - e02b8c18-8ccb-46c5-934e-39e36739eda8 - gx_validation_op - Calculating Metrics:  79%|███████▊  | 22/28 [00:00<00:00, 52.34it/s]
2025-11-21 01:58:20 +0000 - dagster - INFO - data_quality_job - e02b8c18-8ccb-46c5-934e-39e36739eda8 - gx_validation_op - Calculating Metrics:  79%|███████▊  | 22/28 [00:00<00:00, 52.34it/s]
2025-11-21 01:58:20 +0000 - dagster - INFO - data_quality_job - e02b8c18-8ccb-46c5-934e-39e36739eda8 - gx_validation_op - Calculating Metrics: 100%|██████████| 28/28 [00:00<00:00, 50.29it/s]
2025-11-21 01:58:20 +0000 - dagster - INFO - data_quality_job - e02b8c18-8ccb-46c5-934e-39e36739eda8 - gx_validation_op - Calculating Metrics: 100%|██████████| 28/28 [00:00<00:00, 50.29it/s]
2025-11-21 01:58:21 +0000 - dagster - INFO - data_quality_job - e02b8c18-8ccb-46c5-934e-39e36739eda8 - gx_validation_op - Calculating Metrics: 100%|██████████| 28/28 [00:00<00:00, 50.29it/s]
2025-11-21 01:58:21 +0000 - dagster - INFO - data_quality_job - e02b8c18-8ccb-46c5-934e-39e36739eda8 - gx_validation_op - Calculating Metrics: 100%|██████████| 28/28 [00:00<00:00, 50.29it/s]
2025-11-21 01:58:21 +0000 - dagster - INFO - data_quality_job - e02b8c18-8ccb-46c5-934e-39e36739eda8 - gx_validation_op - Calculating Metrics: 100%|██████████| 28/28 [00:00<00:00, 50.69it/s]
2025-11-21 01:58:21 +0000 - dagster - INFO - data_quality_job - e02b8c18-8ccb-46c5-934e-39e36739eda8 - gx_validation_op - 🏁 Résultat stg_sales_data : success = True
2025-11-21 01:58:21 +0000 - dagster - INFO - data_quality_job - e02b8c18-8ccb-46c5-934e-39e36739eda8 - gx_validation_op - 📄 Rapport Data Docs (stg_sales_data) : /usr/src/app/gx/validation_docs/stg_sales_data_validation.html
2025-11-21 01:58:21 +0000 - dagster - INFO - data_quality_job - e02b8c18-8ccb-46c5-934e-39e36739eda8 - gx_validation_op
2025-11-21 01:58:21 +0000 - dagster - INFO - data_quality_job - e02b8c18-8ccb-46c5-934e-39e36739eda8 - gx_validation_op - 🟣 Validation de analytics.fct_sales
2025-11-21 01:58:21 +0000 - dagster - INFO - data_quality_job - e02b8c18-8ccb-46c5-934e-39e36739eda8 - gx_validation_op - 📦 Asset ajouté : analytics.fct_sales
2025-11-21 01:58:21 +0000 - dagster - INFO - data_quality_job - e02b8c18-8ccb-46c5-934e-39e36739eda8 - gx_validation_op - 📥 BatchRequest créé
2025-11-21 01:58:21 +0000 - dagster - INFO - data_quality_job - e02b8c18-8ccb-46c5-934e-39e36739eda8 - gx_validation_op - ℹ️ Aucune suite existante à supprimer pour fct_sales_suite
2025-11-21 01:58:21 +0000 - dagster - INFO - data_quality_job - e02b8c18-8ccb-46c5-934e-39e36739eda8 - gx_validation_op - 📘 Nouvelle suite créée : fct_sales_suite
2025-11-21 01:58:21 +0000 - dagster - INFO - data_quality_job - e02b8c18-8ccb-46c5-934e-39e36739eda8 - gx_validation_op - 📊 Aperçu des données (fct_sales) :
2025-11-21 01:58:22 +0000 - dagster - INFO - data_quality_job - e02b8c18-8ccb-46c5-934e-39e36739eda8 - gx_validation_op
2025-11-21 01:58:22 +0000 - dagster - INFO - data_quality_job - e02b8c18-8ccb-46c5-934e-39e36739eda8 - gx_validation_op - Calculating Metrics:   0%|          | 0/1 [00:00<?, ?it/s]
2025-11-21 01:58:22 +0000 - dagster - INFO - data_quality_job - e02b8c18-8ccb-46c5-934e-39e36739eda8 - gx_validation_op - Calculating Metrics:   0%|          | 0/1 [00:00<?, ?it/s]
2025-11-21 01:58:22 +0000 - dagster - INFO - data_quality_job - e02b8c18-8ccb-46c5-934e-39e36739eda8 - gx_validation_op - Calculating Metrics: 100%|██████████| 1/1 [00:00<00:00, 32.30it/s]
2025-11-21 01:58:22 +0000 - dagster - INFO - data_quality_job - e02b8c18-8ccb-46c5-934e-39e36739eda8 - gx_validation_op - Calculating Metrics: 100%|██████████| 1/1 [00:00<00:00, 32.08it/s]
2025-11-21 01:58:22 +0000 - dagster - INFO - data_quality_job - e02b8c18-8ccb-46c5-934e-39e36739eda8 - gx_validation_op - Calculating Metrics: 100%|██████████| 1/1 [00:00<00:00, 31.98it/s]
2025-11-21 01:58:22 +0000 - dagster - INFO - data_quality_job - e02b8c18-8ccb-46c5-934e-39e36739eda8 - gx_validation_op - Calculating Metrics: 100%|██████████| 1/1 [00:00<00:00, 31.88it/s]
2025-11-21 01:58:22 +0000 - dagster - INFO - data_quality_job - e02b8c18-8ccb-46c5-934e-39e36739eda8 - gx_validation_op - /usr/local/lib/python3.10/site-packages/great_expectations/expectations/expectation.py:1599: UserWarning: `result_format` configured at the Validator-level will not be persisted. Please add the configuration to your Checkpoint config or checkpoint_run() method instead.
2025-11-21 01:58:22 +0000 - dagster - INFO - data_quality_job - e02b8c18-8ccb-46c5-934e-39e36739eda8 - gx_validation_op -   warnings.warn(
2025-11-21 01:58:22 +0000 - dagster - INFO - data_quality_job - e02b8c18-8ccb-46c5-934e-39e36739eda8 - gx_validation_op -   invoice_number product_code  ...  gross_margin line_total
2025-11-21 01:58:22 +0000 - dagster - INFO - data_quality_job - e02b8c18-8ccb-46c5-934e-39e36739eda8 - gx_validation_op - 0         545660        82583  ...          1.89       6.30
2025-11-21 01:58:22 +0000 - dagster - INFO - data_quality_job - e02b8c18-8ccb-46c5-934e-39e36739eda8 - gx_validation_op - 1         538903        21115  ...          4.05      13.50
2025-11-21 01:58:22 +0000 - dagster - INFO - data_quality_job - e02b8c18-8ccb-46c5-934e-39e36739eda8 - gx_validation_op - 2         545216        16235  ...          0.88       2.94
2025-11-21 01:58:22 +0000 - dagster - INFO - data_quality_job - e02b8c18-8ccb-46c5-934e-39e36739eda8 - gx_validation_op - 3         539082        22931  ...          4.59      15.30
2025-11-21 01:58:23 +0000 - dagster - INFO - data_quality_job - e02b8c18-8ccb-46c5-934e-39e36739eda8 - gx_validation_op - 4         568719        21803  ...          1.01       3.36
2025-11-21 01:58:23 +0000 - dagster - INFO - data_quality_job - e02b8c18-8ccb-46c5-934e-39e36739eda8 - gx_validation_op
2025-11-21 01:58:23 +0000 - dagster - INFO - data_quality_job - e02b8c18-8ccb-46c5-934e-39e36739eda8 - gx_validation_op - [5 rows x 16 columns]
2025-11-21 01:58:23 +0000 - dagster - INFO - data_quality_job - e02b8c18-8ccb-46c5-934e-39e36739eda8 - gx_validation_op
2025-11-21 01:58:23 +0000 - dagster - INFO - data_quality_job - e02b8c18-8ccb-46c5-934e-39e36739eda8 - gx_validation_op - Calculating Metrics:   0%|          | 0/8 [00:00<?, ?it/s]
2025-11-21 01:58:23 +0000 - dagster - INFO - data_quality_job - e02b8c18-8ccb-46c5-934e-39e36739eda8 - gx_validation_op - Calculating Metrics:   0%|          | 0/8 [00:00<?, ?it/s]
2025-11-21 01:58:23 +0000 - dagster - INFO - data_quality_job - e02b8c18-8ccb-46c5-934e-39e36739eda8 - gx_validation_op - Calculating Metrics:  25%|██▌       | 2/8 [00:00<00:00, 62.62it/s]
2025-11-21 01:58:23 +0000 - dagster - INFO - data_quality_job - e02b8c18-8ccb-46c5-934e-39e36739eda8 - gx_validation_op - Calculating Metrics:  25%|██▌       | 2/8 [00:00<00:00, 61.17it/s]
2025-11-21 01:58:23 +0000 - dagster - INFO - data_quality_job - e02b8c18-8ccb-46c5-934e-39e36739eda8 - gx_validation_op - Calculating Metrics:  50%|█████     | 4/8 [00:00<00:00, 55.85it/s]
2025-11-21 01:58:23 +0000 - dagster - INFO - data_quality_job - e02b8c18-8ccb-46c5-934e-39e36739eda8 - gx_validation_op - Calculating Metrics:  50%|█████     | 4/8 [00:00<00:00, 55.63it/s]
2025-11-21 01:58:23 +0000 - dagster - INFO - data_quality_job - e02b8c18-8ccb-46c5-934e-39e36739eda8 - gx_validation_op - Calculating Metrics:  62%|██████▎   | 5/8 [00:00<00:00, 69.02it/s]
2025-11-21 01:58:23 +0000 - dagster - INFO - data_quality_job - e02b8c18-8ccb-46c5-934e-39e36739eda8 - gx_validation_op - Calculating Metrics:  62%|██████▎   | 5/8 [00:00<00:00, 68.85it/s]
2025-11-21 01:58:23 +0000 - dagster - INFO - data_quality_job - e02b8c18-8ccb-46c5-934e-39e36739eda8 - gx_validation_op - Calculating Metrics:  88%|████████▊ | 7/8 [00:00<00:00, 60.91it/s]
2025-11-21 01:58:24 +0000 - dagster - INFO - data_quality_job - e02b8c18-8ccb-46c5-934e-39e36739eda8 - gx_validation_op - Calculating Metrics:  88%|████████▊ | 7/8 [00:00<00:00, 60.91it/s]
2025-11-21 01:58:24 +0000 - dagster - INFO - data_quality_job - e02b8c18-8ccb-46c5-934e-39e36739eda8 - gx_validation_op - Calculating Metrics:  88%|████████▊ | 7/8 [00:00<00:00, 60.91it/s]
2025-11-21 01:58:24 +0000 - dagster - INFO - data_quality_job - e02b8c18-8ccb-46c5-934e-39e36739eda8 - gx_validation_op - Calculating Metrics: 100%|██████████| 8/8 [00:00<00:00, 60.91it/s]
2025-11-21 01:58:24 +0000 - dagster - INFO - data_quality_job - e02b8c18-8ccb-46c5-934e-39e36739eda8 - gx_validation_op - Calculating Metrics: 100%|██████████| 8/8 [00:00<00:00, 60.91it/s]
2025-11-21 01:58:24 +0000 - dagster - INFO - data_quality_job - e02b8c18-8ccb-46c5-934e-39e36739eda8 - gx_validation_op - Calculating Metrics: 100%|██████████| 8/8 [00:00<00:00, 60.91it/s]
2025-11-21 01:58:23 +0000 - dagster - INFO - data_quality_job - e02b8c18-8ccb-46c5-934e-39e36739eda8 - gx_validation_op - Calculating Metrics: 100%|██████████| 8/8 [00:00<00:00, 51.94it/s]
2025-11-21 01:58:24 +0000 - dagster - INFO - data_quality_job - e02b8c18-8ccb-46c5-934e-39e36739eda8 - gx_validation_op
2025-11-21 01:58:24 +0000 - dagster - INFO - data_quality_job - e02b8c18-8ccb-46c5-934e-39e36739eda8 - gx_validation_op - Calculating Metrics:   0%|          | 0/8 [00:00<?, ?it/s]
2025-11-21 01:58:23 +0000 - dagster - INFO - data_quality_job - e02b8c18-8ccb-46c5-934e-39e36739eda8 - gx_validation_op - Calculating Metrics:   0%|          | 0/8 [00:00<?, ?it/s]
2025-11-21 01:58:23 +0000 - dagster - INFO - data_quality_job - e02b8c18-8ccb-46c5-934e-39e36739eda8 - gx_validation_op - Calculating Metrics:  25%|██▌       | 2/8 [00:00<00:00, 2411.91it/s]
2025-11-21 01:58:23 +0000 - dagster - INFO - data_quality_job - e02b8c18-8ccb-46c5-934e-39e36739eda8 - gx_validation_op - Calculating Metrics:  25%|██▌       | 2/8 [00:00<00:00, 1917.83it/s]
2025-11-21 01:58:23 +0000 - dagster - INFO - data_quality_job - e02b8c18-8ccb-46c5-934e-39e36739eda8 - gx_validation_op - Calculating Metrics:  50%|█████     | 4/8 [00:00<00:00, 110.21it/s]
2025-11-21 01:58:23 +0000 - dagster - INFO - data_quality_job - e02b8c18-8ccb-46c5-934e-39e36739eda8 - gx_validation_op - Calculating Metrics:  50%|█████     | 4/8 [00:00<00:00, 109.48it/s]
2025-11-21 01:58:23 +0000 - dagster - INFO - data_quality_job - e02b8c18-8ccb-46c5-934e-39e36739eda8 - gx_validation_op - Calculating Metrics:  62%|██████▎   | 5/8 [00:00<00:00, 135.19it/s]
2025-11-21 01:58:23 +0000 - dagster - INFO - data_quality_job - e02b8c18-8ccb-46c5-934e-39e36739eda8 - gx_validation_op - Calculating Metrics:  62%|██████▎   | 5/8 [00:00<00:00, 134.42it/s]
2025-11-21 01:58:23 +0000 - dagster - INFO - data_quality_job - e02b8c18-8ccb-46c5-934e-39e36739eda8 - gx_validation_op - Calculating Metrics:  88%|████████▊ | 7/8 [00:00<00:00, 95.99it/s]
2025-11-21 01:58:24 +0000 - dagster - INFO - data_quality_job - e02b8c18-8ccb-46c5-934e-39e36739eda8 - gx_validation_op - Calculating Metrics:  88%|████████▊ | 7/8 [00:00<00:00, 95.77it/s]
2025-11-21 01:58:24 +0000 - dagster - INFO - data_quality_job - e02b8c18-8ccb-46c5-934e-39e36739eda8 - gx_validation_op - Calculating Metrics: 100%|██████████| 8/8 [00:00<00:00, 63.82it/s]
2025-11-21 01:58:24 +0000 - dagster - INFO - data_quality_job - e02b8c18-8ccb-46c5-934e-39e36739eda8 - gx_validation_op - Calculating Metrics: 100%|██████████| 8/8 [00:00<00:00, 63.82it/s]
2025-11-21 01:58:24 +0000 - dagster - INFO - data_quality_job - e02b8c18-8ccb-46c5-934e-39e36739eda8 - gx_validation_op - Calculating Metrics: 100%|██████████| 8/8 [00:00<00:00, 63.82it/s]
2025-11-21 01:58:24 +0000 - dagster - INFO - data_quality_job - e02b8c18-8ccb-46c5-934e-39e36739eda8 - gx_validation_op - Calculating Metrics: 100%|██████████| 8/8 [00:00<00:00, 63.82it/s]
2025-11-21 01:58:24 +0000 - dagster - INFO - data_quality_job - e02b8c18-8ccb-46c5-934e-39e36739eda8 - gx_validation_op - Calculating Metrics: 100%|██████████| 8/8 [00:00<00:00, 63.48it/s]
2025-11-21 01:58:24 +0000 - dagster - INFO - data_quality_job - e02b8c18-8ccb-46c5-934e-39e36739eda8 - gx_validation_op
2025-11-21 01:58:24 +0000 - dagster - INFO - data_quality_job - e02b8c18-8ccb-46c5-934e-39e36739eda8 - gx_validation_op - Calculating Metrics:   0%|          | 0/2 [00:00<?, ?it/s]
2025-11-21 01:58:24 +0000 - dagster - INFO - data_quality_job - e02b8c18-8ccb-46c5-934e-39e36739eda8 - gx_validation_op - Calculating Metrics:   0%|          | 0/2 [00:00<?, ?it/s]
2025-11-21 01:58:24 +0000 - dagster - INFO - data_quality_job - e02b8c18-8ccb-46c5-934e-39e36739eda8 - gx_validation_op - Calculating Metrics:  50%|█████     | 1/2 [00:00<00:00, 2839.75it/s]
2025-11-21 01:58:24 +0000 - dagster - INFO - data_quality_job - e02b8c18-8ccb-46c5-934e-39e36739eda8 - gx_validation_op - Calculating Metrics:  50%|█████     | 1/2 [00:00<00:00, 2008.77it/s]
2025-11-21 01:58:24 +0000 - dagster - INFO - data_quality_job - e02b8c18-8ccb-46c5-934e-39e36739eda8 - gx_validation_op - Calculating Metrics: 100%|██████████| 2/2 [00:00<00:00, 61.92it/s]
2025-11-21 01:58:24 +0000 - dagster - INFO - data_quality_job - e02b8c18-8ccb-46c5-934e-39e36739eda8 - gx_validation_op - Calculating Metrics: 100%|██████████| 2/2 [00:00<00:00, 61.42it/s]
2025-11-21 01:58:24 +0000 - dagster - INFO - data_quality_job - e02b8c18-8ccb-46c5-934e-39e36739eda8 - gx_validation_op - Calculating Metrics: 100%|██████████| 2/2 [00:00<00:00, 61.18it/s]
2025-11-21 01:58:25 +0000 - dagster - INFO - data_quality_job - e02b8c18-8ccb-46c5-934e-39e36739eda8 - gx_validation_op - Calculating Metrics: 100%|██████████| 2/2 [00:00<00:00, 60.89it/s]
2025-11-21 01:58:25 +0000 - dagster - INFO - data_quality_job - e02b8c18-8ccb-46c5-934e-39e36739eda8 - gx_validation_op
2025-11-21 01:58:25 +0000 - dagster - INFO - data_quality_job - e02b8c18-8ccb-46c5-934e-39e36739eda8 - gx_validation_op - Calculating Metrics:   0%|          | 0/11 [00:00<?, ?it/s]
2025-11-21 01:58:25 +0000 - dagster - INFO - data_quality_job - e02b8c18-8ccb-46c5-934e-39e36739eda8 - gx_validation_op - Calculating Metrics:   0%|          | 0/11 [00:00<?, ?it/s]
2025-11-21 01:58:25 +0000 - dagster - INFO - data_quality_job - e02b8c18-8ccb-46c5-934e-39e36739eda8 - gx_validation_op - Calculating Metrics:  18%|█▊        | 2/11 [00:00<00:00, 2618.17it/s]
2025-11-21 01:58:25 +0000 - dagster - INFO - data_quality_job - e02b8c18-8ccb-46c5-934e-39e36739eda8 - gx_validation_op - Calculating Metrics:  18%|█▊        | 2/11 [00:00<00:00, 1814.54it/s]
2025-11-21 01:58:25 +0000 - dagster - INFO - data_quality_job - e02b8c18-8ccb-46c5-934e-39e36739eda8 - gx_validation_op - Calculating Metrics:  36%|███▋      | 4/11 [00:00<00:00, 100.59it/s]
2025-11-21 01:58:25 +0000 - dagster - INFO - data_quality_job - e02b8c18-8ccb-46c5-934e-39e36739eda8 - gx_validation_op - Calculating Metrics:  36%|███▋      | 4/11 [00:00<00:00, 99.76it/s]
2025-11-21 01:58:25 +0000 - dagster - INFO - data_quality_job - e02b8c18-8ccb-46c5-934e-39e36739eda8 - gx_validation_op - Calculating Metrics:  55%|█████▍    | 6/11 [00:00<00:00, 145.26it/s]
2025-11-21 01:58:25 +0000 - dagster - INFO - data_quality_job - e02b8c18-8ccb-46c5-934e-39e36739eda8 - gx_validation_op - Calculating Metrics:  55%|█████▍    | 6/11 [00:00<00:00, 144.53it/s]
2025-11-21 01:58:25 +0000 - dagster - INFO - data_quality_job - e02b8c18-8ccb-46c5-934e-39e36739eda8 - gx_validation_op - Calculating Metrics:  82%|████████▏ | 9/11 [00:00<00:00, 27.27it/s]
2025-11-21 01:58:25 +0000 - dagster - INFO - data_quality_job - e02b8c18-8ccb-46c5-934e-39e36739eda8 - gx_validation_op - Calculating Metrics:  82%|████████▏ | 9/11 [00:00<00:00, 27.27it/s]
2025-11-21 01:58:25 +0000 - dagster - INFO - data_quality_job - e02b8c18-8ccb-46c5-934e-39e36739eda8 - gx_validation_op - Calculating Metrics:  82%|████████▏ | 9/11 [00:00<00:00, 27.27it/s]
2025-11-21 01:58:26 +0000 - dagster - INFO - data_quality_job - e02b8c18-8ccb-46c5-934e-39e36739eda8 - gx_validation_op - Calculating Metrics: 100%|██████████| 11/11 [00:00<00:00, 27.27it/s]
2025-11-21 01:58:26 +0000 - dagster - INFO - data_quality_job - e02b8c18-8ccb-46c5-934e-39e36739eda8 - gx_validation_op - Calculating Metrics: 100%|██████████| 11/11 [00:00<00:00, 27.27it/s]
2025-11-21 01:58:26 +0000 - dagster - INFO - data_quality_job - e02b8c18-8ccb-46c5-934e-39e36739eda8 - gx_validation_op - Calculating Metrics: 100%|██████████| 11/11 [00:00<00:00, 27.27it/s]
2025-11-21 01:58:26 +0000 - dagster - INFO - data_quality_job - e02b8c18-8ccb-46c5-934e-39e36739eda8 - gx_validation_op - Calculating Metrics: 100%|██████████| 11/11 [00:00<00:00, 24.68it/s]
2025-11-21 01:58:26 +0000 - dagster - INFO - data_quality_job - e02b8c18-8ccb-46c5-934e-39e36739eda8 - gx_validation_op
2025-11-21 01:58:26 +0000 - dagster - INFO - data_quality_job - e02b8c18-8ccb-46c5-934e-39e36739eda8 - gx_validation_op - Calculating Metrics:   0%|          | 0/11 [00:00<?, ?it/s]
2025-11-21 01:58:26 +0000 - dagster - INFO - data_quality_job - e02b8c18-8ccb-46c5-934e-39e36739eda8 - gx_validation_op - Calculating Metrics:   0%|          | 0/11 [00:00<?, ?it/s]
2025-11-21 01:58:26 +0000 - dagster - INFO - data_quality_job - e02b8c18-8ccb-46c5-934e-39e36739eda8 - gx_validation_op - Calculating Metrics:  18%|█▊        | 2/11 [00:00<00:00, 2275.80it/s]
2025-11-21 01:58:26 +0000 - dagster - INFO - data_quality_job - e02b8c18-8ccb-46c5-934e-39e36739eda8 - gx_validation_op - Calculating Metrics:  18%|█▊        | 2/11 [00:00<00:00, 1794.35it/s]
2025-11-21 01:58:26 +0000 - dagster - INFO - data_quality_job - e02b8c18-8ccb-46c5-934e-39e36739eda8 - gx_validation_op - Calculating Metrics:  36%|███▋      | 4/11 [00:00<00:00, 108.78it/s]
2025-11-21 01:58:26 +0000 - dagster - INFO - data_quality_job - e02b8c18-8ccb-46c5-934e-39e36739eda8 - gx_validation_op - Calculating Metrics:  36%|███▋      | 4/11 [00:00<00:00, 107.82it/s]
2025-11-21 01:58:26 +0000 - dagster - INFO - data_quality_job - e02b8c18-8ccb-46c5-934e-39e36739eda8 - gx_validation_op - Calculating Metrics:  55%|█████▍    | 6/11 [00:00<00:00, 156.06it/s]
2025-11-21 01:58:26 +0000 - dagster - INFO - data_quality_job - e02b8c18-8ccb-46c5-934e-39e36739eda8 - gx_validation_op - Calculating Metrics:  55%|█████▍    | 6/11 [00:00<00:00, 154.76it/s]
2025-11-21 01:58:27 +0000 - dagster - INFO - data_quality_job - e02b8c18-8ccb-46c5-934e-39e36739eda8 - gx_validation_op - Calculating Metrics:  82%|████████▏ | 9/11 [00:00<00:00, 74.06it/s]
2025-11-21 01:58:27 +0000 - dagster - INFO - data_quality_job - e02b8c18-8ccb-46c5-934e-39e36739eda8 - gx_validation_op - Calculating Metrics:  82%|████████▏ | 9/11 [00:00<00:00, 74.06it/s]
2025-11-21 01:58:27 +0000 - dagster - INFO - data_quality_job - e02b8c18-8ccb-46c5-934e-39e36739eda8 - gx_validation_op - Calculating Metrics:  82%|████████▏ | 9/11 [00:00<00:00, 74.06it/s]
2025-11-21 01:58:27 +0000 - dagster - INFO - data_quality_job - e02b8c18-8ccb-46c5-934e-39e36739eda8 - gx_validation_op - Calculating Metrics: 100%|██████████| 11/11 [00:00<00:00, 74.06it/s]
2025-11-21 01:58:27 +0000 - dagster - INFO - data_quality_job - e02b8c18-8ccb-46c5-934e-39e36739eda8 - gx_validation_op - Calculating Metrics: 100%|██████████| 11/11 [00:00<00:00, 74.06it/s]
2025-11-21 01:58:27 +0000 - dagster - INFO - data_quality_job - e02b8c18-8ccb-46c5-934e-39e36739eda8 - gx_validation_op - Calculating Metrics: 100%|██████████| 11/11 [00:00<00:00, 74.06it/s]
2025-11-21 01:58:27 +0000 - dagster - INFO - data_quality_job - e02b8c18-8ccb-46c5-934e-39e36739eda8 - gx_validation_op - Calculating Metrics: 100%|██████████| 11/11 [00:00<00:00, 49.66it/s]
2025-11-21 01:58:27 +0000 - dagster - INFO - data_quality_job - e02b8c18-8ccb-46c5-934e-39e36739eda8 - gx_validation_op
2025-11-21 01:58:27 +0000 - dagster - INFO - data_quality_job - e02b8c18-8ccb-46c5-934e-39e36739eda8 - gx_validation_op - Calculating Metrics:   0%|          | 0/11 [00:00<?, ?it/s]
2025-11-21 01:58:27 +0000 - dagster - INFO - data_quality_job - e02b8c18-8ccb-46c5-934e-39e36739eda8 - gx_validation_op - Calculating Metrics:   0%|          | 0/11 [00:00<?, ?it/s]
2025-11-21 01:58:27 +0000 - dagster - INFO - data_quality_job - e02b8c18-8ccb-46c5-934e-39e36739eda8 - gx_validation_op - Calculating Metrics:  18%|█▊        | 2/11 [00:00<00:00, 2524.41it/s]
2025-11-21 01:58:28 +0000 - dagster - INFO - data_quality_job - e02b8c18-8ccb-46c5-934e-39e36739eda8 - gx_validation_op - Calculating Metrics:  18%|█▊        | 2/11 [00:00<00:00, 1940.01it/s]
2025-11-21 01:58:28 +0000 - dagster - INFO - data_quality_job - e02b8c18-8ccb-46c5-934e-39e36739eda8 - gx_validation_op - Calculating Metrics:  36%|███▋      | 4/11 [00:00<00:00, 111.11it/s]
2025-11-21 01:58:28 +0000 - dagster - INFO - data_quality_job - e02b8c18-8ccb-46c5-934e-39e36739eda8 - gx_validation_op - Calculating Metrics:  36%|███▋      | 4/11 [00:00<00:00, 109.91it/s]
2025-11-21 01:58:28 +0000 - dagster - INFO - data_quality_job - e02b8c18-8ccb-46c5-934e-39e36739eda8 - gx_validation_op - Calculating Metrics:  55%|█████▍    | 6/11 [00:00<00:00, 161.03it/s]
2025-11-21 01:58:28 +0000 - dagster - INFO - data_quality_job - e02b8c18-8ccb-46c5-934e-39e36739eda8 - gx_validation_op - Calculating Metrics:  55%|█████▍    | 6/11 [00:00<00:00, 160.40it/s]
2025-11-21 01:58:28 +0000 - dagster - INFO - data_quality_job - e02b8c18-8ccb-46c5-934e-39e36739eda8 - gx_validation_op - Calculating Metrics:  82%|████████▏ | 9/11 [00:00<00:00, 83.69it/s]
2025-11-21 01:58:28 +0000 - dagster - INFO - data_quality_job - e02b8c18-8ccb-46c5-934e-39e36739eda8 - gx_validation_op - Calculating Metrics:  82%|████████▏ | 9/11 [00:00<00:00, 83.69it/s]
2025-11-21 01:58:28 +0000 - dagster - INFO - data_quality_job - e02b8c18-8ccb-46c5-934e-39e36739eda8 - gx_validation_op - Calculating Metrics:  82%|████████▏ | 9/11 [00:00<00:00, 83.69it/s]
2025-11-21 01:58:28 +0000 - dagster - INFO - data_quality_job - e02b8c18-8ccb-46c5-934e-39e36739eda8 - gx_validation_op - Calculating Metrics: 100%|██████████| 11/11 [00:00<00:00, 83.69it/s]
2025-11-21 01:58:28 +0000 - dagster - INFO - data_quality_job - e02b8c18-8ccb-46c5-934e-39e36739eda8 - gx_validation_op - Calculating Metrics: 100%|██████████| 11/11 [00:00<00:00, 83.69it/s]
2025-11-21 01:58:28 +0000 - dagster - INFO - data_quality_job - e02b8c18-8ccb-46c5-934e-39e36739eda8 - gx_validation_op - Calculating Metrics: 100%|██████████| 11/11 [00:00<00:00, 83.69it/s]
2025-11-21 01:58:28 +0000 - dagster - INFO - data_quality_job - e02b8c18-8ccb-46c5-934e-39e36739eda8 - gx_validation_op - Calculating Metrics: 100%|██████████| 11/11 [00:00<00:00, 55.38it/s]
2025-11-21 01:58:29 +0000 - dagster - INFO - data_quality_job - e02b8c18-8ccb-46c5-934e-39e36739eda8 - gx_validation_op
2025-11-21 01:58:29 +0000 - dagster - INFO - data_quality_job - e02b8c18-8ccb-46c5-934e-39e36739eda8 - gx_validation_op - Calculating Metrics:   0%|          | 0/11 [00:00<?, ?it/s]
2025-11-21 01:58:29 +0000 - dagster - INFO - data_quality_job - e02b8c18-8ccb-46c5-934e-39e36739eda8 - gx_validation_op - Calculating Metrics:   0%|          | 0/11 [00:00<?, ?it/s]
2025-11-21 01:58:29 +0000 - dagster - INFO - data_quality_job - e02b8c18-8ccb-46c5-934e-39e36739eda8 - gx_validation_op - Calculating Metrics:  18%|█▊        | 2/11 [00:00<00:00, 2539.69it/s]
2025-11-21 01:58:29 +0000 - dagster - INFO - data_quality_job - e02b8c18-8ccb-46c5-934e-39e36739eda8 - gx_validation_op - Calculating Metrics:  18%|█▊        | 2/11 [00:00<00:00, 1940.46it/s]
2025-11-21 01:58:29 +0000 - dagster - INFO - data_quality_job - e02b8c18-8ccb-46c5-934e-39e36739eda8 - gx_validation_op - Calculating Metrics:  36%|███▋      | 4/11 [00:00<00:00, 108.54it/s]
2025-11-21 01:58:29 +0000 - dagster - INFO - data_quality_job - e02b8c18-8ccb-46c5-934e-39e36739eda8 - gx_validation_op - Calculating Metrics:  36%|███▋      | 4/11 [00:00<00:00, 107.66it/s]
2025-11-21 01:58:29 +0000 - dagster - INFO - data_quality_job - e02b8c18-8ccb-46c5-934e-39e36739eda8 - gx_validation_op - Calculating Metrics:  55%|█████▍    | 6/11 [00:00<00:00, 156.69it/s]
2025-11-21 01:58:29 +0000 - dagster - INFO - data_quality_job - e02b8c18-8ccb-46c5-934e-39e36739eda8 - gx_validation_op - Calculating Metrics:  55%|█████▍    | 6/11 [00:00<00:00, 155.94it/s]
2025-11-21 01:58:29 +0000 - dagster - INFO - data_quality_job - e02b8c18-8ccb-46c5-934e-39e36739eda8 - gx_validation_op - Calculating Metrics:  82%|████████▏ | 9/11 [00:00<00:00, 79.87it/s]
2025-11-21 01:58:29 +0000 - dagster - INFO - data_quality_job - e02b8c18-8ccb-46c5-934e-39e36739eda8 - gx_validation_op - Calculating Metrics:  82%|████████▏ | 9/11 [00:00<00:00, 79.87it/s]
2025-11-21 01:58:29 +0000 - dagster - INFO - data_quality_job - e02b8c18-8ccb-46c5-934e-39e36739eda8 - gx_validation_op - Calculating Metrics:  82%|████████▏ | 9/11 [00:00<00:00, 79.87it/s]
2025-11-21 01:58:30 +0000 - dagster - INFO - data_quality_job - e02b8c18-8ccb-46c5-934e-39e36739eda8 - gx_validation_op - Calculating Metrics: 100%|██████████| 11/11 [00:00<00:00, 79.87it/s]
2025-11-21 01:58:30 +0000 - dagster - INFO - data_quality_job - e02b8c18-8ccb-46c5-934e-39e36739eda8 - gx_validation_op - Calculating Metrics: 100%|██████████| 11/11 [00:00<00:00, 79.87it/s]
2025-11-21 01:58:30 +0000 - dagster - INFO - data_quality_job - e02b8c18-8ccb-46c5-934e-39e36739eda8 - gx_validation_op - Calculating Metrics: 100%|██████████| 11/11 [00:00<00:00, 79.87it/s]
2025-11-21 01:58:30 +0000 - dagster - INFO - data_quality_job - e02b8c18-8ccb-46c5-934e-39e36739eda8 - gx_validation_op - Calculating Metrics: 100%|██████████| 11/11 [00:00<00:00, 33.58it/s]
2025-11-21 01:58:30 +0000 - dagster - INFO - data_quality_job - e02b8c18-8ccb-46c5-934e-39e36739eda8 - gx_validation_op
2025-11-21 01:58:30 +0000 - dagster - INFO - data_quality_job - e02b8c18-8ccb-46c5-934e-39e36739eda8 - gx_validation_op - Calculating Metrics:   0%|          | 0/11 [00:00<?, ?it/s]
2025-11-21 01:58:30 +0000 - dagster - INFO - data_quality_job - e02b8c18-8ccb-46c5-934e-39e36739eda8 - gx_validation_op - Calculating Metrics:   0%|          | 0/11 [00:00<?, ?it/s]
2025-11-21 01:58:30 +0000 - dagster - INFO - data_quality_job - e02b8c18-8ccb-46c5-934e-39e36739eda8 - gx_validation_op - Calculating Metrics:  18%|█▊        | 2/11 [00:00<00:00, 2434.30it/s]
2025-11-21 01:58:30 +0000 - dagster - INFO - data_quality_job - e02b8c18-8ccb-46c5-934e-39e36739eda8 - gx_validation_op - Calculating Metrics:  18%|█▊        | 2/11 [00:00<00:00, 1764.91it/s]
2025-11-21 01:58:30 +0000 - dagster - INFO - data_quality_job - e02b8c18-8ccb-46c5-934e-39e36739eda8 - gx_validation_op - Calculating Metrics:  36%|███▋      | 4/11 [00:00<00:00, 100.10it/s]
2025-11-21 01:58:30 +0000 - dagster - INFO - data_quality_job - e02b8c18-8ccb-46c5-934e-39e36739eda8 - gx_validation_op - Calculating Metrics:  36%|███▋      | 4/11 [00:00<00:00, 99.39it/s]
2025-11-21 01:58:30 +0000 - dagster - INFO - data_quality_job - e02b8c18-8ccb-46c5-934e-39e36739eda8 - gx_validation_op - Calculating Metrics:  55%|█████▍    | 6/11 [00:00<00:00, 143.59it/s]
2025-11-21 01:58:31 +0000 - dagster - INFO - data_quality_job - e02b8c18-8ccb-46c5-934e-39e36739eda8 - gx_validation_op - Calculating Metrics:  55%|█████▍    | 6/11 [00:00<00:00, 142.65it/s]
2025-11-21 01:58:31 +0000 - dagster - INFO - data_quality_job - e02b8c18-8ccb-46c5-934e-39e36739eda8 - gx_validation_op - Calculating Metrics:  82%|████████▏ | 9/11 [00:00<00:00, 70.78it/s]
2025-11-21 01:58:31 +0000 - dagster - INFO - data_quality_job - e02b8c18-8ccb-46c5-934e-39e36739eda8 - gx_validation_op - Calculating Metrics:  82%|████████▏ | 9/11 [00:00<00:00, 70.78it/s]
2025-11-21 01:58:31 +0000 - dagster - INFO - data_quality_job - e02b8c18-8ccb-46c5-934e-39e36739eda8 - gx_validation_op - Calculating Metrics:  82%|████████▏ | 9/11 [00:00<00:00, 70.78it/s]
2025-11-21 01:58:31 +0000 - dagster - INFO - data_quality_job - e02b8c18-8ccb-46c5-934e-39e36739eda8 - gx_validation_op - Calculating Metrics: 100%|██████████| 11/11 [00:00<00:00, 70.78it/s]
2025-11-21 01:58:31 +0000 - dagster - INFO - data_quality_job - e02b8c18-8ccb-46c5-934e-39e36739eda8 - gx_validation_op - Calculating Metrics: 100%|██████████| 11/11 [00:00<00:00, 70.78it/s]
2025-11-21 01:58:31 +0000 - dagster - INFO - data_quality_job - e02b8c18-8ccb-46c5-934e-39e36739eda8 - gx_validation_op - Calculating Metrics: 100%|██████████| 11/11 [00:00<00:00, 70.78it/s]
2025-11-21 01:58:31 +0000 - dagster - INFO - data_quality_job - e02b8c18-8ccb-46c5-934e-39e36739eda8 - gx_validation_op - Calculating Metrics: 100%|██████████| 11/11 [00:00<00:00, 49.98it/s]
2025-11-21 01:58:31 +0000 - dagster - INFO - data_quality_job - e02b8c18-8ccb-46c5-934e-39e36739eda8 - gx_validation_op
2025-11-21 01:58:31 +0000 - dagster - INFO - data_quality_job - e02b8c18-8ccb-46c5-934e-39e36739eda8 - gx_validation_op - Calculating Metrics:   0%|          | 0/11 [00:00<?, ?it/s]
2025-11-21 01:58:31 +0000 - dagster - INFO - data_quality_job - e02b8c18-8ccb-46c5-934e-39e36739eda8 - gx_validation_op - Calculating Metrics:   0%|          | 0/11 [00:00<?, ?it/s]
2025-11-21 01:58:31 +0000 - dagster - INFO - data_quality_job - e02b8c18-8ccb-46c5-934e-39e36739eda8 - gx_validation_op - Calculating Metrics:  18%|█▊        | 2/11 [00:00<00:00, 3232.60it/s]
2025-11-21 01:58:32 +0000 - dagster - INFO - data_quality_job - e02b8c18-8ccb-46c5-934e-39e36739eda8 - gx_validation_op - Calculating Metrics:  18%|█▊        | 2/11 [00:00<00:00, 2449.94it/s]
2025-11-21 01:58:32 +0000 - dagster - INFO - data_quality_job - e02b8c18-8ccb-46c5-934e-39e36739eda8 - gx_validation_op - Calculating Metrics:  36%|███▋      | 4/11 [00:00<00:00, 107.99it/s]
2025-11-21 01:58:32 +0000 - dagster - INFO - data_quality_job - e02b8c18-8ccb-46c5-934e-39e36739eda8 - gx_validation_op - Calculating Metrics:  36%|███▋      | 4/11 [00:00<00:00, 107.27it/s]
2025-11-21 01:58:32 +0000 - dagster - INFO - data_quality_job - e02b8c18-8ccb-46c5-934e-39e36739eda8 - gx_validation_op - Calculating Metrics:  55%|█████▍    | 6/11 [00:00<00:00, 155.66it/s]
2025-11-21 01:58:32 +0000 - dagster - INFO - data_quality_job - e02b8c18-8ccb-46c5-934e-39e36739eda8 - gx_validation_op - Calculating Metrics:  55%|█████▍    | 6/11 [00:00<00:00, 154.95it/s]
2025-11-21 01:58:32 +0000 - dagster - INFO - data_quality_job - e02b8c18-8ccb-46c5-934e-39e36739eda8 - gx_validation_op - Calculating Metrics:  82%|████████▏ | 9/11 [00:00<00:00, 79.35it/s]
2025-11-21 01:58:32 +0000 - dagster - INFO - data_quality_job - e02b8c18-8ccb-46c5-934e-39e36739eda8 - gx_validation_op - Calculating Metrics:  82%|████████▏ | 9/11 [00:00<00:00, 79.35it/s]
2025-11-21 01:58:32 +0000 - dagster - INFO - data_quality_job - e02b8c18-8ccb-46c5-934e-39e36739eda8 - gx_validation_op - Calculating Metrics:  82%|████████▏ | 9/11 [00:00<00:00, 79.35it/s]
2025-11-21 01:58:32 +0000 - dagster - INFO - data_quality_job - e02b8c18-8ccb-46c5-934e-39e36739eda8 - gx_validation_op - Calculating Metrics: 100%|██████████| 11/11 [00:00<00:00, 79.35it/s]
2025-11-21 01:58:32 +0000 - dagster - INFO - data_quality_job - e02b8c18-8ccb-46c5-934e-39e36739eda8 - gx_validation_op - Calculating Metrics: 100%|██████████| 11/11 [00:00<00:00, 79.35it/s]
2025-11-21 01:58:32 +0000 - dagster - INFO - data_quality_job - e02b8c18-8ccb-46c5-934e-39e36739eda8 - gx_validation_op - Calculating Metrics: 100%|██████████| 11/11 [00:00<00:00, 79.35it/s]
2025-11-21 01:58:32 +0000 - dagster - INFO - data_quality_job - e02b8c18-8ccb-46c5-934e-39e36739eda8 - gx_validation_op - Calculating Metrics: 100%|██████████| 11/11 [00:00<00:00, 53.13it/s]
2025-11-21 01:58:33 +0000 - dagster - INFO - data_quality_job - e02b8c18-8ccb-46c5-934e-39e36739eda8 - gx_validation_op
2025-11-21 01:58:33 +0000 - dagster - INFO - data_quality_job - e02b8c18-8ccb-46c5-934e-39e36739eda8 - gx_validation_op - Calculating Metrics:   0%|          | 0/8 [00:00<?, ?it/s]
2025-11-21 01:58:33 +0000 - dagster - INFO - data_quality_job - e02b8c18-8ccb-46c5-934e-39e36739eda8 - gx_validation_op - Calculating Metrics:   0%|          | 0/8 [00:00<?, ?it/s]
2025-11-21 01:58:33 +0000 - dagster - INFO - data_quality_job - e02b8c18-8ccb-46c5-934e-39e36739eda8 - gx_validation_op - Calculating Metrics:  25%|██▌       | 2/8 [00:00<00:00, 2404.30it/s]
2025-11-21 01:58:33 +0000 - dagster - INFO - data_quality_job - e02b8c18-8ccb-46c5-934e-39e36739eda8 - gx_validation_op - Calculating Metrics:  25%|██▌       | 2/8 [00:00<00:00, 1942.71it/s]
2025-11-21 01:58:33 +0000 - dagster - INFO - data_quality_job - e02b8c18-8ccb-46c5-934e-39e36739eda8 - gx_validation_op - Calculating Metrics:  50%|█████     | 4/8 [00:00<00:00, 94.75it/s]
2025-11-21 01:58:33 +0000 - dagster - INFO - data_quality_job - e02b8c18-8ccb-46c5-934e-39e36739eda8 - gx_validation_op - Calculating Metrics:  50%|█████     | 4/8 [00:00<00:00, 94.30it/s]
2025-11-21 01:58:33 +0000 - dagster - INFO - data_quality_job - e02b8c18-8ccb-46c5-934e-39e36739eda8 - gx_validation_op - Calculating Metrics:  62%|██████▎   | 5/8 [00:00<00:00, 116.46it/s]
2025-11-21 01:58:33 +0000 - dagster - INFO - data_quality_job - e02b8c18-8ccb-46c5-934e-39e36739eda8 - gx_validation_op - Calculating Metrics:  62%|██████▎   | 5/8 [00:00<00:00, 116.01it/s]
2025-11-21 01:58:33 +0000 - dagster - INFO - data_quality_job - e02b8c18-8ccb-46c5-934e-39e36739eda8 - gx_validation_op - Calculating Metrics:  88%|████████▊ | 7/8 [00:00<00:00, 79.28it/s]
2025-11-21 01:58:33 +0000 - dagster - INFO - data_quality_job - e02b8c18-8ccb-46c5-934e-39e36739eda8 - gx_validation_op - Calculating Metrics:  88%|████████▊ | 7/8 [00:00<00:00, 79.05it/s]
2025-11-21 01:58:33 +0000 - dagster - INFO - data_quality_job - e02b8c18-8ccb-46c5-934e-39e36739eda8 - gx_validation_op - Calculating Metrics: 100%|██████████| 8/8 [00:00<00:00, 56.53it/s]
2025-11-21 01:58:34 +0000 - dagster - INFO - data_quality_job - e02b8c18-8ccb-46c5-934e-39e36739eda8 - gx_validation_op - Calculating Metrics: 100%|██████████| 8/8 [00:00<00:00, 56.53it/s]
2025-11-21 01:58:34 +0000 - dagster - INFO - data_quality_job - e02b8c18-8ccb-46c5-934e-39e36739eda8 - gx_validation_op - Calculating Metrics: 100%|██████████| 8/8 [00:00<00:00, 56.53it/s]
2025-11-21 01:58:34 +0000 - dagster - INFO - data_quality_job - e02b8c18-8ccb-46c5-934e-39e36739eda8 - gx_validation_op - Calculating Metrics: 100%|██████████| 8/8 [00:00<00:00, 56.53it/s]
2025-11-21 01:58:34 +0000 - dagster - INFO - data_quality_job - e02b8c18-8ccb-46c5-934e-39e36739eda8 - gx_validation_op - Calculating Metrics: 100%|██████████| 8/8 [00:00<00:00, 56.29it/s]
2025-11-21 01:58:34 +0000 - dagster - INFO - data_quality_job - e02b8c18-8ccb-46c5-934e-39e36739eda8 - gx_validation_op - ✅ Expectations (fct_sales) définies, lancement de la validation...
2025-11-21 01:58:34 +0000 - dagster - INFO - data_quality_job - e02b8c18-8ccb-46c5-934e-39e36739eda8 - gx_validation_op
2025-11-21 01:58:34 +0000 - dagster - INFO - data_quality_job - e02b8c18-8ccb-46c5-934e-39e36739eda8 - gx_validation_op - Calculating Metrics:   0%|          | 0/60 [00:00<?, ?it/s]
2025-11-21 01:58:34 +0000 - dagster - INFO - data_quality_job - e02b8c18-8ccb-46c5-934e-39e36739eda8 - gx_validation_op - Calculating Metrics:   0%|          | 0/60 [00:00<?, ?it/s]
2025-11-21 01:58:34 +0000 - dagster - INFO - data_quality_job - e02b8c18-8ccb-46c5-934e-39e36739eda8 - gx_validation_op - Calculating Metrics:   5%|▌         | 3/60 [00:00<00:00, 3198.50it/s]
2025-11-21 01:58:34 +0000 - dagster - INFO - data_quality_job - e02b8c18-8ccb-46c5-934e-39e36739eda8 - gx_validation_op - Calculating Metrics:   5%|▌         | 3/60 [00:00<00:00, 1689.66it/s]
2025-11-21 01:58:34 +0000 - dagster - INFO - data_quality_job - e02b8c18-8ccb-46c5-934e-39e36739eda8 - gx_validation_op - Calculating Metrics:  10%|█         | 6/60 [00:00<00:00, 87.42it/s]
2025-11-21 01:58:35 +0000 - dagster - INFO - data_quality_job - e02b8c18-8ccb-46c5-934e-39e36739eda8 - gx_validation_op - Calculating Metrics:  10%|█         | 6/60 [00:00<00:00, 86.36it/s]
2025-11-21 01:58:35 +0000 - dagster - INFO - data_quality_job - e02b8c18-8ccb-46c5-934e-39e36739eda8 - gx_validation_op - Calculating Metrics:  35%|███▌      | 21/60 [00:00<00:00, 277.56it/s]
2025-11-21 01:58:35 +0000 - dagster - INFO - data_quality_job - e02b8c18-8ccb-46c5-934e-39e36739eda8 - gx_validation_op - Calculating Metrics:  35%|███▌      | 21/60 [00:00<00:00, 274.63it/s]
2025-11-21 01:58:35 +0000 - dagster - INFO - data_quality_job - e02b8c18-8ccb-46c5-934e-39e36739eda8 - gx_validation_op - Calculating Metrics:  75%|███████▌  | 45/60 [00:00<00:00, 56.48it/s]
2025-11-21 01:58:35 +0000 - dagster - INFO - data_quality_job - e02b8c18-8ccb-46c5-934e-39e36739eda8 - gx_validation_op - Calculating Metrics:  75%|███████▌  | 45/60 [00:00<00:00, 56.48it/s]
2025-11-21 01:58:35 +0000 - dagster - INFO - data_quality_job - e02b8c18-8ccb-46c5-934e-39e36739eda8 - gx_validation_op - Calculating Metrics:  75%|███████▌  | 45/60 [00:00<00:00, 56.48it/s]
2025-11-21 01:58:35 +0000 - dagster - INFO - data_quality_job - e02b8c18-8ccb-46c5-934e-39e36739eda8 - gx_validation_op - Calculating Metrics: 100%|██████████| 60/60 [00:01<00:00, 55.98it/s]
2025-11-21 01:58:35 +0000 - dagster - INFO - data_quality_job - e02b8c18-8ccb-46c5-934e-39e36739eda8 - gx_validation_op - Calculating Metrics: 100%|██████████| 60/60 [00:01<00:00, 55.98it/s]
2025-11-21 01:58:35 +0000 - dagster - INFO - data_quality_job - e02b8c18-8ccb-46c5-934e-39e36739eda8 - gx_validation_op - Calculating Metrics: 100%|██████████| 60/60 [00:01<00:00, 55.98it/s]
2025-11-21 01:58:35 +0000 - dagster - INFO - data_quality_job - e02b8c18-8ccb-46c5-934e-39e36739eda8 - gx_validation_op - Calculating Metrics: 100%|██████████| 60/60 [00:01<00:00, 55.98it/s]
2025-11-21 01:58:35 +0000 - dagster - INFO - data_quality_job - e02b8c18-8ccb-46c5-934e-39e36739eda8 - gx_validation_op - Calculating Metrics: 100%|██████████| 60/60 [00:01<00:00, 56.06it/s]
2025-11-21 01:58:36 +0000 - dagster - INFO - data_quality_job - e02b8c18-8ccb-46c5-934e-39e36739eda8 - gx_validation_op - 🏁 Résultat fct_sales : success = True
2025-11-21 01:58:36 +0000 - dagster - INFO - data_quality_job - e02b8c18-8ccb-46c5-934e-39e36739eda8 - gx_validation_op - 📄 Rapport Data Docs (fct_sales) : /usr/src/app/gx/validation_docs/fct_sales_validation.html
2025-11-21 01:58:36 +0000 - dagster - INFO - data_quality_job - e02b8c18-8ccb-46c5-934e-39e36739eda8 - gx_validation_op - 🏠 Page d'accueil générée : /usr/src/app/gx/validation_docs/index.html
2025-11-21 01:58:36 +0000 - dagster - INFO - data_quality_job - e02b8c18-8ccb-46c5-934e-39e36739eda8 - gx_validation_op
2025-11-21 01:58:36 +0000 - dagster - INFO - data_quality_job - e02b8c18-8ccb-46c5-934e-39e36739eda8 - gx_validation_op - ✅ Pipeline GE terminé. Rapports disponibles dans gx/validation_docs/
2025-11-21 01:58:36 +0000 - dagster - INFO - data_quality_job - e02b8c18-8ccb-46c5-934e-39e36739eda8 - gx_validation_op - ✅ Great Expectations validation OK
2025-11-21 01:58:36 +0000 - dagster - DEBUG - data_quality_job - e02b8c18-8ccb-46c5-934e-39e36739eda8 - 4084 - gx_validation_op - STEP_OUTPUT - Yielded output "result" of type "Any". (Type check passed).
2025-11-21 01:58:36 +0000 - dagster - DEBUG - data_quality_job - e02b8c18-8ccb-46c5-934e-39e36739eda8 - gx_validation_op - Writing file at: /opt/dagster_home/storage/e02b8c18-8ccb-46c5-934e-39e36739eda8/gx_validation_op/result using PickledObjectFilesystemIOManager...
2025-11-21 01:58:36 +0000 - dagster - DEBUG - data_quality_job - e02b8c18-8ccb-46c5-934e-39e36739eda8 - 4084 - gx_validation_op - HANDLED_OUTPUT - Handled output "result" using IO manager "io_manager"
2025-11-21 01:58:36 +0000 - dagster - DEBUG - data_quality_job - e02b8c18-8ccb-46c5-934e-39e36739eda8 - 4084 - gx_validation_op - STEP_SUCCESS - Finished execution of step "gx_validation_op" in 31.8s.
