2025-11-19 18:27:33 +0000 - dagster - DEBUG - data_quality_job - 7dc48b8d-77fa-45fb-a31b-0537f49176fd - 764 - LOGS_CAPTURED - Started capturing logs in process (pid: 764).
2025-11-19 18:27:33 +0000 - dagster - DEBUG - data_quality_job - 7dc48b8d-77fa-45fb-a31b-0537f49176fd - 764 - airbyte_sync_op - STEP_START - Started execution of step "airbyte_sync_op".
2025-11-19 18:27:33 +0000 - dagster - INFO - data_quality_job - 7dc48b8d-77fa-45fb-a31b-0537f49176fd - airbyte_sync_op - 🚀 Lancement du sync Airbyte pour la connexion 76375e55-5b58-4ac2-951a-d4bdfb45b99a
2025-11-19 18:27:34 +0000 - dagster - INFO - data_quality_job - 7dc48b8d-77fa-45fb-a31b-0537f49176fd - airbyte_sync_op - ✅ Job Airbyte créé : 13
2025-11-19 18:27:34 +0000 - dagster - INFO - data_quality_job - 7dc48b8d-77fa-45fb-a31b-0537f49176fd - airbyte_sync_op - ⏱️ Statut job Airbyte 13: running
2025-11-19 18:27:39 +0000 - dagster - INFO - data_quality_job - 7dc48b8d-77fa-45fb-a31b-0537f49176fd - airbyte_sync_op - ⏱️ Statut job Airbyte 13: running
2025-11-19 18:27:44 +0000 - dagster - INFO - data_quality_job - 7dc48b8d-77fa-45fb-a31b-0537f49176fd - airbyte_sync_op - ⏱️ Statut job Airbyte 13: running
2025-11-19 18:27:50 +0000 - dagster - INFO - data_quality_job - 7dc48b8d-77fa-45fb-a31b-0537f49176fd - airbyte_sync_op - ⏱️ Statut job Airbyte 13: running
2025-11-19 18:27:55 +0000 - dagster - INFO - data_quality_job - 7dc48b8d-77fa-45fb-a31b-0537f49176fd - airbyte_sync_op - ⏱️ Statut job Airbyte 13: running
2025-11-19 18:28:00 +0000 - dagster - INFO - data_quality_job - 7dc48b8d-77fa-45fb-a31b-0537f49176fd - airbyte_sync_op - ⏱️ Statut job Airbyte 13: running
2025-11-19 18:28:05 +0000 - dagster - INFO - data_quality_job - 7dc48b8d-77fa-45fb-a31b-0537f49176fd - airbyte_sync_op - ⏱️ Statut job Airbyte 13: running
2025-11-19 18:28:10 +0000 - dagster - INFO - data_quality_job - 7dc48b8d-77fa-45fb-a31b-0537f49176fd - airbyte_sync_op - ⏱️ Statut job Airbyte 13: running
2025-11-19 18:28:15 +0000 - dagster - INFO - data_quality_job - 7dc48b8d-77fa-45fb-a31b-0537f49176fd - airbyte_sync_op - ⏱️ Statut job Airbyte 13: running
2025-11-19 18:28:20 +0000 - dagster - INFO - data_quality_job - 7dc48b8d-77fa-45fb-a31b-0537f49176fd - airbyte_sync_op - ⏱️ Statut job Airbyte 13: running
2025-11-19 18:28:26 +0000 - dagster - INFO - data_quality_job - 7dc48b8d-77fa-45fb-a31b-0537f49176fd - airbyte_sync_op - ⏱️ Statut job Airbyte 13: running
2025-11-19 18:28:31 +0000 - dagster - INFO - data_quality_job - 7dc48b8d-77fa-45fb-a31b-0537f49176fd - airbyte_sync_op - ⏱️ Statut job Airbyte 13: running
2025-11-19 18:28:36 +0000 - dagster - INFO - data_quality_job - 7dc48b8d-77fa-45fb-a31b-0537f49176fd - airbyte_sync_op - ⏱️ Statut job Airbyte 13: running
2025-11-19 18:28:41 +0000 - dagster - INFO - data_quality_job - 7dc48b8d-77fa-45fb-a31b-0537f49176fd - airbyte_sync_op - ⏱️ Statut job Airbyte 13: running
2025-11-19 18:28:46 +0000 - dagster - INFO - data_quality_job - 7dc48b8d-77fa-45fb-a31b-0537f49176fd - airbyte_sync_op - ⏱️ Statut job Airbyte 13: running
2025-11-19 18:28:52 +0000 - dagster - INFO - data_quality_job - 7dc48b8d-77fa-45fb-a31b-0537f49176fd - airbyte_sync_op - ⏱️ Statut job Airbyte 13: running
2025-11-19 18:28:57 +0000 - dagster - INFO - data_quality_job - 7dc48b8d-77fa-45fb-a31b-0537f49176fd - airbyte_sync_op - ⏱️ Statut job Airbyte 13: running
2025-11-19 18:29:02 +0000 - dagster - INFO - data_quality_job - 7dc48b8d-77fa-45fb-a31b-0537f49176fd - airbyte_sync_op - ⏱️ Statut job Airbyte 13: running
2025-11-19 18:29:07 +0000 - dagster - INFO - data_quality_job - 7dc48b8d-77fa-45fb-a31b-0537f49176fd - airbyte_sync_op - ⏱️ Statut job Airbyte 13: running
2025-11-19 18:29:12 +0000 - dagster - INFO - data_quality_job - 7dc48b8d-77fa-45fb-a31b-0537f49176fd - airbyte_sync_op - ⏱️ Statut job Airbyte 13: running
2025-11-19 18:29:17 +0000 - dagster - INFO - data_quality_job - 7dc48b8d-77fa-45fb-a31b-0537f49176fd - airbyte_sync_op - ⏱️ Statut job Airbyte 13: running
2025-11-19 18:29:22 +0000 - dagster - INFO - data_quality_job - 7dc48b8d-77fa-45fb-a31b-0537f49176fd - airbyte_sync_op - ⏱️ Statut job Airbyte 13: running
2025-11-19 18:29:28 +0000 - dagster - INFO - data_quality_job - 7dc48b8d-77fa-45fb-a31b-0537f49176fd - airbyte_sync_op - ⏱️ Statut job Airbyte 13: running
2025-11-19 18:29:33 +0000 - dagster - INFO - data_quality_job - 7dc48b8d-77fa-45fb-a31b-0537f49176fd - airbyte_sync_op - ⏱️ Statut job Airbyte 13: running
2025-11-19 18:29:38 +0000 - dagster - INFO - data_quality_job - 7dc48b8d-77fa-45fb-a31b-0537f49176fd - airbyte_sync_op - ⏱️ Statut job Airbyte 13: running
2025-11-19 18:29:43 +0000 - dagster - INFO - data_quality_job - 7dc48b8d-77fa-45fb-a31b-0537f49176fd - airbyte_sync_op - ⏱️ Statut job Airbyte 13: running
2025-11-19 18:29:48 +0000 - dagster - INFO - data_quality_job - 7dc48b8d-77fa-45fb-a31b-0537f49176fd - airbyte_sync_op - ⏱️ Statut job Airbyte 13: running
2025-11-19 18:29:53 +0000 - dagster - INFO - data_quality_job - 7dc48b8d-77fa-45fb-a31b-0537f49176fd - airbyte_sync_op - ⏱️ Statut job Airbyte 13: running
2025-11-19 18:29:58 +0000 - dagster - INFO - data_quality_job - 7dc48b8d-77fa-45fb-a31b-0537f49176fd - airbyte_sync_op - ⏱️ Statut job Airbyte 13: running
2025-11-19 18:30:04 +0000 - dagster - INFO - data_quality_job - 7dc48b8d-77fa-45fb-a31b-0537f49176fd - airbyte_sync_op - ⏱️ Statut job Airbyte 13: running
2025-11-19 18:30:09 +0000 - dagster - INFO - data_quality_job - 7dc48b8d-77fa-45fb-a31b-0537f49176fd - airbyte_sync_op - ⏱️ Statut job Airbyte 13: running
2025-11-19 18:30:14 +0000 - dagster - INFO - data_quality_job - 7dc48b8d-77fa-45fb-a31b-0537f49176fd - airbyte_sync_op - ⏱️ Statut job Airbyte 13: running
2025-11-19 18:30:19 +0000 - dagster - INFO - data_quality_job - 7dc48b8d-77fa-45fb-a31b-0537f49176fd - airbyte_sync_op - ⏱️ Statut job Airbyte 13: running
2025-11-19 18:30:24 +0000 - dagster - INFO - data_quality_job - 7dc48b8d-77fa-45fb-a31b-0537f49176fd - airbyte_sync_op - ⏱️ Statut job Airbyte 13: running
2025-11-19 18:30:29 +0000 - dagster - INFO - data_quality_job - 7dc48b8d-77fa-45fb-a31b-0537f49176fd - airbyte_sync_op - ⏱️ Statut job Airbyte 13: running
2025-11-19 18:30:34 +0000 - dagster - INFO - data_quality_job - 7dc48b8d-77fa-45fb-a31b-0537f49176fd - airbyte_sync_op - ⏱️ Statut job Airbyte 13: running
2025-11-19 18:30:39 +0000 - dagster - INFO - data_quality_job - 7dc48b8d-77fa-45fb-a31b-0537f49176fd - airbyte_sync_op - ⏱️ Statut job Airbyte 13: running
2025-11-19 18:30:45 +0000 - dagster - INFO - data_quality_job - 7dc48b8d-77fa-45fb-a31b-0537f49176fd - airbyte_sync_op - ⏱️ Statut job Airbyte 13: running
2025-11-19 18:30:50 +0000 - dagster - INFO - data_quality_job - 7dc48b8d-77fa-45fb-a31b-0537f49176fd - airbyte_sync_op - ⏱️ Statut job Airbyte 13: running
2025-11-19 18:30:55 +0000 - dagster - INFO - data_quality_job - 7dc48b8d-77fa-45fb-a31b-0537f49176fd - airbyte_sync_op - ⏱️ Statut job Airbyte 13: running
2025-11-19 18:31:00 +0000 - dagster - INFO - data_quality_job - 7dc48b8d-77fa-45fb-a31b-0537f49176fd - airbyte_sync_op - ⏱️ Statut job Airbyte 13: running
2025-11-19 18:31:05 +0000 - dagster - INFO - data_quality_job - 7dc48b8d-77fa-45fb-a31b-0537f49176fd - airbyte_sync_op - ⏱️ Statut job Airbyte 13: running
2025-11-19 18:31:10 +0000 - dagster - INFO - data_quality_job - 7dc48b8d-77fa-45fb-a31b-0537f49176fd - airbyte_sync_op - ⏱️ Statut job Airbyte 13: running
2025-11-19 18:31:15 +0000 - dagster - INFO - data_quality_job - 7dc48b8d-77fa-45fb-a31b-0537f49176fd - airbyte_sync_op - ⏱️ Statut job Airbyte 13: running
2025-11-19 18:31:21 +0000 - dagster - INFO - data_quality_job - 7dc48b8d-77fa-45fb-a31b-0537f49176fd - airbyte_sync_op - ⏱️ Statut job Airbyte 13: running
2025-11-19 18:31:26 +0000 - dagster - INFO - data_quality_job - 7dc48b8d-77fa-45fb-a31b-0537f49176fd - airbyte_sync_op - ⏱️ Statut job Airbyte 13: running
2025-11-19 18:31:31 +0000 - dagster - INFO - data_quality_job - 7dc48b8d-77fa-45fb-a31b-0537f49176fd - airbyte_sync_op - ⏱️ Statut job Airbyte 13: succeeded
2025-11-19 18:31:31 +0000 - dagster - INFO - data_quality_job - 7dc48b8d-77fa-45fb-a31b-0537f49176fd - airbyte_sync_op - 🎉 Sync Airbyte terminé avec succès
2025-11-19 18:31:31 +0000 - dagster - DEBUG - data_quality_job - 7dc48b8d-77fa-45fb-a31b-0537f49176fd - 764 - airbyte_sync_op - STEP_OUTPUT - Yielded output "result" of type "Any". (Type check passed).
2025-11-19 18:31:31 +0000 - dagster - DEBUG - data_quality_job - 7dc48b8d-77fa-45fb-a31b-0537f49176fd - airbyte_sync_op - Writing file at: /opt/dagster_home/storage/7dc48b8d-77fa-45fb-a31b-0537f49176fd/airbyte_sync_op/result using PickledObjectFilesystemIOManager...
2025-11-19 18:31:31 +0000 - dagster - DEBUG - data_quality_job - 7dc48b8d-77fa-45fb-a31b-0537f49176fd - 764 - airbyte_sync_op - HANDLED_OUTPUT - Handled output "result" using IO manager "io_manager"
2025-11-19 18:31:31 +0000 - dagster - DEBUG - data_quality_job - 7dc48b8d-77fa-45fb-a31b-0537f49176fd - 764 - airbyte_sync_op - STEP_SUCCESS - Finished execution of step "airbyte_sync_op" in 3m58s.
