2025-11-19 17:06:39 +0000 - dagster - DEBUG - data_quality_job - 7d1a1dcd-2a65-4093-b019-46dcebdb7f3e - 715 - LOGS_CAPTURED - Started capturing logs in process (pid: 715).
2025-11-19 17:06:39 +0000 - dagster - DEBUG - data_quality_job - 7d1a1dcd-2a65-4093-b019-46dcebdb7f3e - 715 - airbyte_sync_op - STEP_START - Started execution of step "airbyte_sync_op".
2025-11-19 17:06:39 +0000 - dagster - INFO - data_quality_job - 7d1a1dcd-2a65-4093-b019-46dcebdb7f3e - airbyte_sync_op - 🚀 Lancement du sync Airbyte pour la connexion 76375e55-5b58-4ac2-951a-d4bdfb45b99a
2025-11-19 17:06:39 +0000 - dagster - INFO - data_quality_job - 7d1a1dcd-2a65-4093-b019-46dcebdb7f3e - airbyte_sync_op - ✅ Job Airbyte créé : 12
2025-11-19 17:06:39 +0000 - dagster - INFO - data_quality_job - 7d1a1dcd-2a65-4093-b019-46dcebdb7f3e - airbyte_sync_op - ⏱️ Statut job Airbyte 12: running
2025-11-19 17:06:50 +0000 - dagster - INFO - data_quality_job - 7d1a1dcd-2a65-4093-b019-46dcebdb7f3e - airbyte_sync_op - ⏱️ Statut job Airbyte 12: running
2025-11-19 17:07:00 +0000 - dagster - INFO - data_quality_job - 7d1a1dcd-2a65-4093-b019-46dcebdb7f3e - airbyte_sync_op - ⏱️ Statut job Airbyte 12: running
2025-11-19 17:07:10 +0000 - dagster - INFO - data_quality_job - 7d1a1dcd-2a65-4093-b019-46dcebdb7f3e - airbyte_sync_op - ⏱️ Statut job Airbyte 12: running
2025-11-19 17:07:20 +0000 - dagster - INFO - data_quality_job - 7d1a1dcd-2a65-4093-b019-46dcebdb7f3e - airbyte_sync_op - ⏱️ Statut job Airbyte 12: running
2025-11-19 17:07:30 +0000 - dagster - INFO - data_quality_job - 7d1a1dcd-2a65-4093-b019-46dcebdb7f3e - airbyte_sync_op - ⏱️ Statut job Airbyte 12: running
2025-11-19 17:07:40 +0000 - dagster - INFO - data_quality_job - 7d1a1dcd-2a65-4093-b019-46dcebdb7f3e - airbyte_sync_op - ⏱️ Statut job Airbyte 12: running
2025-11-19 17:07:50 +0000 - dagster - INFO - data_quality_job - 7d1a1dcd-2a65-4093-b019-46dcebdb7f3e - airbyte_sync_op - ⏱️ Statut job Airbyte 12: running
2025-11-19 17:08:00 +0000 - dagster - INFO - data_quality_job - 7d1a1dcd-2a65-4093-b019-46dcebdb7f3e - airbyte_sync_op - ⏱️ Statut job Airbyte 12: running
2025-11-19 17:08:10 +0000 - dagster - INFO - data_quality_job - 7d1a1dcd-2a65-4093-b019-46dcebdb7f3e - airbyte_sync_op - ⏱️ Statut job Airbyte 12: running
2025-11-19 17:08:20 +0000 - dagster - INFO - data_quality_job - 7d1a1dcd-2a65-4093-b019-46dcebdb7f3e - airbyte_sync_op - ⏱️ Statut job Airbyte 12: running
2025-11-19 17:08:30 +0000 - dagster - INFO - data_quality_job - 7d1a1dcd-2a65-4093-b019-46dcebdb7f3e - airbyte_sync_op - ⏱️ Statut job Airbyte 12: running
2025-11-19 17:08:40 +0000 - dagster - INFO - data_quality_job - 7d1a1dcd-2a65-4093-b019-46dcebdb7f3e - airbyte_sync_op - ⏱️ Statut job Airbyte 12: running
2025-11-19 17:08:51 +0000 - dagster - INFO - data_quality_job - 7d1a1dcd-2a65-4093-b019-46dcebdb7f3e - airbyte_sync_op - ⏱️ Statut job Airbyte 12: running
2025-11-19 17:09:01 +0000 - dagster - INFO - data_quality_job - 7d1a1dcd-2a65-4093-b019-46dcebdb7f3e - airbyte_sync_op - ⏱️ Statut job Airbyte 12: succeeded
2025-11-19 17:09:01 +0000 - dagster - INFO - data_quality_job - 7d1a1dcd-2a65-4093-b019-46dcebdb7f3e - airbyte_sync_op - 🎉 Sync Airbyte terminé avec succès
2025-11-19 17:09:01 +0000 - dagster - DEBUG - data_quality_job - 7d1a1dcd-2a65-4093-b019-46dcebdb7f3e - 715 - airbyte_sync_op - STEP_OUTPUT - Yielded output "result" of type "Any". (Type check passed).
2025-11-19 17:09:01 +0000 - dagster - DEBUG - data_quality_job - 7d1a1dcd-2a65-4093-b019-46dcebdb7f3e - airbyte_sync_op - Writing file at: /opt/dagster_home/storage/7d1a1dcd-2a65-4093-b019-46dcebdb7f3e/airbyte_sync_op/result using PickledObjectFilesystemIOManager...
2025-11-19 17:09:01 +0000 - dagster - DEBUG - data_quality_job - 7d1a1dcd-2a65-4093-b019-46dcebdb7f3e - 715 - airbyte_sync_op - HANDLED_OUTPUT - Handled output "result" using IO manager "io_manager"
2025-11-19 17:09:01 +0000 - dagster - DEBUG - data_quality_job - 7d1a1dcd-2a65-4093-b019-46dcebdb7f3e - 715 - airbyte_sync_op - STEP_SUCCESS - Finished execution of step "airbyte_sync_op" in 2m22s.
