2025-11-20 13:48:49 +0000 - dagster - DEBUG - data_quality_job - ee29bbbf-00b9-4e01-8a76-972f6e7fc5ee - 14079 - LOGS_CAPTURED - Started capturing logs in process (pid: 14079).
2025-11-20 13:48:49 +0000 - dagster - DEBUG - data_quality_job - ee29bbbf-00b9-4e01-8a76-972f6e7fc5ee - 14079 - dbt_run_op - STEP_START - Started execution of step "dbt_run_op".
2025-11-20 13:48:49 +0000 - dagster - INFO - data_quality_job - ee29bbbf-00b9-4e01-8a76-972f6e7fc5ee - dbt_run_op - 🚀 Running dbt run + dbt test...
2025-11-20 13:48:51 +0000 - dagster - INFO - data_quality_job - ee29bbbf-00b9-4e01-8a76-972f6e7fc5ee - dbt_run_op - [0m13:48:51  Running with dbt=1.10.15
2025-11-20 13:48:52 +0000 - dagster - INFO - data_quality_job - ee29bbbf-00b9-4e01-8a76-972f6e7fc5ee - dbt_run_op - [0m13:48:52  Registered adapter: postgres=1.9.1
2025-11-20 13:48:58 +0000 - dagster - INFO - data_quality_job - ee29bbbf-00b9-4e01-8a76-972f6e7fc5ee - dbt_run_op - [0m13:48:58  [[33mWARNING[0m][MissingArgumentsPropertyInGenericTestDeprecation]: Deprecated
2025-11-20 13:48:58 +0000 - dagster - INFO - data_quality_job - ee29bbbf-00b9-4e01-8a76-972f6e7fc5ee - dbt_run_op - functionality
2025-11-20 13:48:58 +0000 - dagster - INFO - data_quality_job - ee29bbbf-00b9-4e01-8a76-972f6e7fc5ee - dbt_run_op - Found top-level arguments to test
2025-11-20 13:48:59 +0000 - dagster - INFO - data_quality_job - ee29bbbf-00b9-4e01-8a76-972f6e7fc5ee - dbt_run_op - `dbt_expectations.expect_column_values_to_be_between`. Arguments to generic
2025-11-20 13:48:59 +0000 - dagster - INFO - data_quality_job - ee29bbbf-00b9-4e01-8a76-972f6e7fc5ee - dbt_run_op - tests should be nested under the `arguments` property.`
2025-11-20 13:48:59 +0000 - dagster - INFO - data_quality_job - ee29bbbf-00b9-4e01-8a76-972f6e7fc5ee - dbt_run_op - [0m13:48:59  Found 2 models, 9 data tests, 1 source, 840 macros
2025-11-20 13:48:59 +0000 - dagster - INFO - data_quality_job - ee29bbbf-00b9-4e01-8a76-972f6e7fc5ee - dbt_run_op - [0m13:48:59
2025-11-20 13:48:59 +0000 - dagster - INFO - data_quality_job - ee29bbbf-00b9-4e01-8a76-972f6e7fc5ee - dbt_run_op - [0m13:48:59  Concurrency: 4 threads (target='dev')
2025-11-20 13:48:59 +0000 - dagster - INFO - data_quality_job - ee29bbbf-00b9-4e01-8a76-972f6e7fc5ee - dbt_run_op - [0m13:48:59
2025-11-20 13:49:00 +0000 - dagster - INFO - data_quality_job - ee29bbbf-00b9-4e01-8a76-972f6e7fc5ee - dbt_run_op - [0m13:48:59  1 of 2 START sql table model analytics.stg_sales_data .......................... [RUN]
2025-11-20 13:49:07 +0000 - dagster - INFO - data_quality_job - ee29bbbf-00b9-4e01-8a76-972f6e7fc5ee - dbt_run_op - [0m13:49:07  1 of 2 OK created sql table model analytics.stg_sales_data ..................... [[32mSELECT 520748[0m in 7.50s]
2025-11-20 13:49:07 +0000 - dagster - INFO - data_quality_job - ee29bbbf-00b9-4e01-8a76-972f6e7fc5ee - dbt_run_op - [0m13:49:07  2 of 2 START sql table model analytics.fct_sales ............................... [RUN]
2025-11-20 13:49:09 +0000 - dagster - INFO - data_quality_job - ee29bbbf-00b9-4e01-8a76-972f6e7fc5ee - dbt_run_op - [0m13:49:09  2 of 2 OK created sql table model analytics.fct_sales .......................... [[32mSELECT 519583[0m in 2.27s]
2025-11-20 13:49:09 +0000 - dagster - INFO - data_quality_job - ee29bbbf-00b9-4e01-8a76-972f6e7fc5ee - dbt_run_op - [0m13:49:09
2025-11-20 13:49:09 +0000 - dagster - INFO - data_quality_job - ee29bbbf-00b9-4e01-8a76-972f6e7fc5ee - dbt_run_op - [0m13:49:09  Finished running 2 table models in 0 hours 0 minutes and 10.03 seconds (10.03s).
2025-11-20 13:49:09 +0000 - dagster - INFO - data_quality_job - ee29bbbf-00b9-4e01-8a76-972f6e7fc5ee - dbt_run_op - [0m13:49:09
2025-11-20 13:49:10 +0000 - dagster - INFO - data_quality_job - ee29bbbf-00b9-4e01-8a76-972f6e7fc5ee - dbt_run_op - [0m13:49:09  [32mCompleted successfully[0m
2025-11-20 13:49:10 +0000 - dagster - INFO - data_quality_job - ee29bbbf-00b9-4e01-8a76-972f6e7fc5ee - dbt_run_op - [0m13:49:09
2025-11-20 13:49:10 +0000 - dagster - INFO - data_quality_job - ee29bbbf-00b9-4e01-8a76-972f6e7fc5ee - dbt_run_op - [0m13:49:09  Done. PASS=2 WARN=0 ERROR=0 SKIP=0 NO-OP=0 TOTAL=2
2025-11-20 13:49:10 +0000 - dagster - INFO - data_quality_job - ee29bbbf-00b9-4e01-8a76-972f6e7fc5ee - dbt_run_op - [0m13:49:09  [[33mWARNING[0m][DeprecationsSummary]: Deprecated functionality
2025-11-20 13:49:10 +0000 - dagster - INFO - data_quality_job - ee29bbbf-00b9-4e01-8a76-972f6e7fc5ee - dbt_run_op - Summary of encountered deprecations:
2025-11-20 13:49:10 +0000 - dagster - INFO - data_quality_job - ee29bbbf-00b9-4e01-8a76-972f6e7fc5ee - dbt_run_op - - MissingArgumentsPropertyInGenericTestDeprecation: 4 occurrences
2025-11-20 13:49:10 +0000 - dagster - INFO - data_quality_job - ee29bbbf-00b9-4e01-8a76-972f6e7fc5ee - dbt_run_op - To see all deprecation instances instead of just the first occurrence of each,
2025-11-20 13:49:10 +0000 - dagster - INFO - data_quality_job - ee29bbbf-00b9-4e01-8a76-972f6e7fc5ee - dbt_run_op - run command again with the `--show-all-deprecations` flag. You may also need to
2025-11-20 13:49:10 +0000 - dagster - INFO - data_quality_job - ee29bbbf-00b9-4e01-8a76-972f6e7fc5ee - dbt_run_op - run with `--no-partial-parse` as some deprecations are only encountered during
2025-11-20 13:49:10 +0000 - dagster - INFO - data_quality_job - ee29bbbf-00b9-4e01-8a76-972f6e7fc5ee - dbt_run_op - parsing.
2025-11-20 13:49:17 +0000 - dagster - INFO - data_quality_job - ee29bbbf-00b9-4e01-8a76-972f6e7fc5ee - dbt_run_op - [0m13:49:17  Running with dbt=1.10.15
2025-11-20 13:49:17 +0000 - dagster - INFO - data_quality_job - ee29bbbf-00b9-4e01-8a76-972f6e7fc5ee - dbt_run_op - [0m13:49:17  Registered adapter: postgres=1.9.1
2025-11-20 13:49:22 +0000 - dagster - INFO - data_quality_job - ee29bbbf-00b9-4e01-8a76-972f6e7fc5ee - dbt_run_op - [0m13:49:22  [[33mWARNING[0m][MissingArgumentsPropertyInGenericTestDeprecation]: Deprecated
2025-11-20 13:49:22 +0000 - dagster - INFO - data_quality_job - ee29bbbf-00b9-4e01-8a76-972f6e7fc5ee - dbt_run_op - functionality
2025-11-20 13:49:22 +0000 - dagster - INFO - data_quality_job - ee29bbbf-00b9-4e01-8a76-972f6e7fc5ee - dbt_run_op - Found top-level arguments to test
2025-11-20 13:49:22 +0000 - dagster - INFO - data_quality_job - ee29bbbf-00b9-4e01-8a76-972f6e7fc5ee - dbt_run_op - `dbt_expectations.expect_column_values_to_be_between`. Arguments to generic
2025-11-20 13:49:22 +0000 - dagster - INFO - data_quality_job - ee29bbbf-00b9-4e01-8a76-972f6e7fc5ee - dbt_run_op - tests should be nested under the `arguments` property.`
2025-11-20 13:49:23 +0000 - dagster - INFO - data_quality_job - ee29bbbf-00b9-4e01-8a76-972f6e7fc5ee - dbt_run_op - [0m13:49:23  Found 2 models, 9 data tests, 1 source, 840 macros
2025-11-20 13:49:23 +0000 - dagster - INFO - data_quality_job - ee29bbbf-00b9-4e01-8a76-972f6e7fc5ee - dbt_run_op - [0m13:49:23
2025-11-20 13:49:23 +0000 - dagster - INFO - data_quality_job - ee29bbbf-00b9-4e01-8a76-972f6e7fc5ee - dbt_run_op - [0m13:49:23  Concurrency: 4 threads (target='dev')
2025-11-20 13:49:23 +0000 - dagster - INFO - data_quality_job - ee29bbbf-00b9-4e01-8a76-972f6e7fc5ee - dbt_run_op - [0m13:49:23
2025-11-20 13:49:23 +0000 - dagster - INFO - data_quality_job - ee29bbbf-00b9-4e01-8a76-972f6e7fc5ee - dbt_run_op - [0m13:49:23  1 of 9 START test dbt_expectations_expect_column_values_to_be_between_fct_sales_net_sales_amount__0  [RUN]
2025-11-20 13:49:23 +0000 - dagster - INFO - data_quality_job - ee29bbbf-00b9-4e01-8a76-972f6e7fc5ee - dbt_run_op - [0m13:49:23  2 of 9 START test dbt_expectations_expect_column_values_to_be_between_fct_sales_price_per_unit__0_01  [RUN]
2025-11-20 13:49:23 +0000 - dagster - INFO - data_quality_job - ee29bbbf-00b9-4e01-8a76-972f6e7fc5ee - dbt_run_op - [0m13:49:23  3 of 9 START test dbt_expectations_expect_column_values_to_be_between_fct_sales_quantity_sold__1  [RUN]
2025-11-20 13:49:23 +0000 - dagster - INFO - data_quality_job - ee29bbbf-00b9-4e01-8a76-972f6e7fc5ee - dbt_run_op - [0m13:49:23  4 of 9 START test dbt_utils_unique_combination_of_columns_fct_sales_invoice_number__product_code  [RUN]
2025-11-20 13:49:24 +0000 - dagster - INFO - data_quality_job - ee29bbbf-00b9-4e01-8a76-972f6e7fc5ee - dbt_run_op - [0m13:49:24  3 of 9 PASS dbt_expectations_expect_column_values_to_be_between_fct_sales_quantity_sold__1  [[32mPASS[0m in 0.45s]
2025-11-20 13:49:24 +0000 - dagster - INFO - data_quality_job - ee29bbbf-00b9-4e01-8a76-972f6e7fc5ee - dbt_run_op - [0m13:49:24  1 of 9 PASS dbt_expectations_expect_column_values_to_be_between_fct_sales_net_sales_amount__0  [[32mPASS[0m in 0.45s]
2025-11-20 13:49:24 +0000 - dagster - INFO - data_quality_job - ee29bbbf-00b9-4e01-8a76-972f6e7fc5ee - dbt_run_op - [0m13:49:24  2 of 9 PASS dbt_expectations_expect_column_values_to_be_between_fct_sales_price_per_unit__0_01  [[32mPASS[0m in 0.46s]
2025-11-20 13:49:24 +0000 - dagster - INFO - data_quality_job - ee29bbbf-00b9-4e01-8a76-972f6e7fc5ee - dbt_run_op - [0m13:49:24  5 of 9 START test not_null_fct_sales_invoice_date .............................. [RUN]
2025-11-20 13:49:24 +0000 - dagster - INFO - data_quality_job - ee29bbbf-00b9-4e01-8a76-972f6e7fc5ee - dbt_run_op - [0m13:49:24  6 of 9 START test not_null_fct_sales_invoice_number ............................ [RUN]
2025-11-20 13:49:24 +0000 - dagster - INFO - data_quality_job - ee29bbbf-00b9-4e01-8a76-972f6e7fc5ee - dbt_run_op - [0m13:49:24  7 of 9 START test not_null_fct_sales_price_per_unit ............................ [RUN]
2025-11-20 13:49:24 +0000 - dagster - INFO - data_quality_job - ee29bbbf-00b9-4e01-8a76-972f6e7fc5ee - dbt_run_op - [0m13:49:24  5 of 9 PASS not_null_fct_sales_invoice_date .................................... [[32mPASS[0m in 0.25s]
2025-11-20 13:49:24 +0000 - dagster - INFO - data_quality_job - ee29bbbf-00b9-4e01-8a76-972f6e7fc5ee - dbt_run_op - [0m13:49:24  6 of 9 PASS not_null_fct_sales_invoice_number .................................. [[32mPASS[0m in 0.25s]
2025-11-20 13:49:24 +0000 - dagster - INFO - data_quality_job - ee29bbbf-00b9-4e01-8a76-972f6e7fc5ee - dbt_run_op - [0m13:49:24  8 of 9 START test not_null_fct_sales_product_code .............................. [RUN]
2025-11-20 13:49:24 +0000 - dagster - INFO - data_quality_job - ee29bbbf-00b9-4e01-8a76-972f6e7fc5ee - dbt_run_op - [0m13:49:24  9 of 9 START test not_null_fct_sales_quantity_sold ............................. [RUN]
2025-11-20 13:49:24 +0000 - dagster - INFO - data_quality_job - ee29bbbf-00b9-4e01-8a76-972f6e7fc5ee - dbt_run_op - [0m13:49:24  7 of 9 PASS not_null_fct_sales_price_per_unit .................................. [[32mPASS[0m in 0.29s]
2025-11-20 13:49:24 +0000 - dagster - INFO - data_quality_job - ee29bbbf-00b9-4e01-8a76-972f6e7fc5ee - dbt_run_op - [0m13:49:24  8 of 9 PASS not_null_fct_sales_product_code .................................... [[32mPASS[0m in 0.20s]
2025-11-20 13:49:24 +0000 - dagster - INFO - data_quality_job - ee29bbbf-00b9-4e01-8a76-972f6e7fc5ee - dbt_run_op - [0m13:49:24  9 of 9 PASS not_null_fct_sales_quantity_sold ................................... [[32mPASS[0m in 0.21s]
2025-11-20 13:49:24 +0000 - dagster - INFO - data_quality_job - ee29bbbf-00b9-4e01-8a76-972f6e7fc5ee - dbt_run_op - [0m13:49:24  4 of 9 PASS dbt_utils_unique_combination_of_columns_fct_sales_invoice_number__product_code  [[32mPASS[0m in 1.30s]
2025-11-20 13:49:25 +0000 - dagster - INFO - data_quality_job - ee29bbbf-00b9-4e01-8a76-972f6e7fc5ee - dbt_run_op - [0m13:49:24
2025-11-20 13:49:25 +0000 - dagster - INFO - data_quality_job - ee29bbbf-00b9-4e01-8a76-972f6e7fc5ee - dbt_run_op - [0m13:49:24  Finished running 9 data tests in 0 hours 0 minutes and 1.53 seconds (1.53s).
2025-11-20 13:49:25 +0000 - dagster - INFO - data_quality_job - ee29bbbf-00b9-4e01-8a76-972f6e7fc5ee - dbt_run_op - [0m13:49:25
2025-11-20 13:49:25 +0000 - dagster - INFO - data_quality_job - ee29bbbf-00b9-4e01-8a76-972f6e7fc5ee - dbt_run_op - [0m13:49:25  [32mCompleted successfully[0m
2025-11-20 13:49:25 +0000 - dagster - INFO - data_quality_job - ee29bbbf-00b9-4e01-8a76-972f6e7fc5ee - dbt_run_op - [0m13:49:25
2025-11-20 13:49:25 +0000 - dagster - INFO - data_quality_job - ee29bbbf-00b9-4e01-8a76-972f6e7fc5ee - dbt_run_op - [0m13:49:25  Done. PASS=9 WARN=0 ERROR=0 SKIP=0 NO-OP=0 TOTAL=9
2025-11-20 13:49:25 +0000 - dagster - INFO - data_quality_job - ee29bbbf-00b9-4e01-8a76-972f6e7fc5ee - dbt_run_op - [0m13:49:25  [[33mWARNING[0m][DeprecationsSummary]: Deprecated functionality
2025-11-20 13:49:25 +0000 - dagster - INFO - data_quality_job - ee29bbbf-00b9-4e01-8a76-972f6e7fc5ee - dbt_run_op - Summary of encountered deprecations:
2025-11-20 13:49:25 +0000 - dagster - INFO - data_quality_job - ee29bbbf-00b9-4e01-8a76-972f6e7fc5ee - dbt_run_op - - MissingArgumentsPropertyInGenericTestDeprecation: 4 occurrences
2025-11-20 13:49:25 +0000 - dagster - INFO - data_quality_job - ee29bbbf-00b9-4e01-8a76-972f6e7fc5ee - dbt_run_op - To see all deprecation instances instead of just the first occurrence of each,
2025-11-20 13:49:25 +0000 - dagster - INFO - data_quality_job - ee29bbbf-00b9-4e01-8a76-972f6e7fc5ee - dbt_run_op - run command again with the `--show-all-deprecations` flag. You may also need to
2025-11-20 13:49:25 +0000 - dagster - INFO - data_quality_job - ee29bbbf-00b9-4e01-8a76-972f6e7fc5ee - dbt_run_op - run with `--no-partial-parse` as some deprecations are only encountered during
2025-11-20 13:49:25 +0000 - dagster - INFO - data_quality_job - ee29bbbf-00b9-4e01-8a76-972f6e7fc5ee - dbt_run_op - parsing.
2025-11-20 13:49:26 +0000 - dagster - INFO - data_quality_job - ee29bbbf-00b9-4e01-8a76-972f6e7fc5ee - dbt_run_op - ✅ DBT completed successfully (run + test)
2025-11-20 13:49:26 +0000 - dagster - DEBUG - data_quality_job - ee29bbbf-00b9-4e01-8a76-972f6e7fc5ee - 14079 - dbt_run_op - STEP_OUTPUT - Yielded output "result" of type "Any". (Type check passed).
2025-11-20 13:49:26 +0000 - dagster - DEBUG - data_quality_job - ee29bbbf-00b9-4e01-8a76-972f6e7fc5ee - dbt_run_op - Writing file at: /opt/dagster_home/storage/ee29bbbf-00b9-4e01-8a76-972f6e7fc5ee/dbt_run_op/result using PickledObjectFilesystemIOManager...
2025-11-20 13:49:26 +0000 - dagster - DEBUG - data_quality_job - ee29bbbf-00b9-4e01-8a76-972f6e7fc5ee - 14079 - dbt_run_op - HANDLED_OUTPUT - Handled output "result" using IO manager "io_manager"
2025-11-20 13:49:26 +0000 - dagster - DEBUG - data_quality_job - ee29bbbf-00b9-4e01-8a76-972f6e7fc5ee - 14079 - dbt_run_op - STEP_SUCCESS - Finished execution of step "dbt_run_op" in 37.42s.
