2025-12-03 04:39:57 +0000 - dagster - DEBUG - data_quality_job - 14cfea7e-81e2-4cc5-b9d2-2c555717e48d - 242914 - LOGS_CAPTURED - Started capturing logs in process (pid: 242914).
2025-12-03 04:39:57 +0000 - dagster - DEBUG - data_quality_job - 14cfea7e-81e2-4cc5-b9d2-2c555717e48d - 242914 - airbyte_sync_op - STEP_START - Started execution of step "airbyte_sync_op".
2025-12-03 04:39:57 +0000 - dagster - INFO - data_quality_job - 14cfea7e-81e2-4cc5-b9d2-2c555717e48d - airbyte_sync_op - 🚀 Lancement du sync Airbyte pour la connexion 76375e55-5b58-4ac2-951a-d4bdfb45b99a
2025-12-03 04:39:59 +0000 - dagster - INFO - data_quality_job - 14cfea7e-81e2-4cc5-b9d2-2c555717e48d - airbyte_sync_op - ✅ Job Airbyte créé : 38
2025-12-03 04:40:00 +0000 - dagster - INFO - data_quality_job - 14cfea7e-81e2-4cc5-b9d2-2c555717e48d - airbyte_sync_op - ⏱️ Statut job Airbyte 38: running
2025-12-03 04:40:05 +0000 - dagster - INFO - data_quality_job - 14cfea7e-81e2-4cc5-b9d2-2c555717e48d - airbyte_sync_op - ⏱️ Statut job Airbyte 38: running
2025-12-03 04:40:10 +0000 - dagster - INFO - data_quality_job - 14cfea7e-81e2-4cc5-b9d2-2c555717e48d - airbyte_sync_op - ⏱️ Statut job Airbyte 38: running
2025-12-03 04:40:15 +0000 - dagster - INFO - data_quality_job - 14cfea7e-81e2-4cc5-b9d2-2c555717e48d - airbyte_sync_op - ⏱️ Statut job Airbyte 38: running
2025-12-03 04:40:20 +0000 - dagster - INFO - data_quality_job - 14cfea7e-81e2-4cc5-b9d2-2c555717e48d - airbyte_sync_op - ⏱️ Statut job Airbyte 38: running
2025-12-03 04:40:25 +0000 - dagster - INFO - data_quality_job - 14cfea7e-81e2-4cc5-b9d2-2c555717e48d - airbyte_sync_op - ⏱️ Statut job Airbyte 38: running
2025-12-03 04:40:30 +0000 - dagster - INFO - data_quality_job - 14cfea7e-81e2-4cc5-b9d2-2c555717e48d - airbyte_sync_op - ⏱️ Statut job Airbyte 38: running
2025-12-03 04:40:35 +0000 - dagster - INFO - data_quality_job - 14cfea7e-81e2-4cc5-b9d2-2c555717e48d - airbyte_sync_op - ⏱️ Statut job Airbyte 38: running
2025-12-03 04:40:40 +0000 - dagster - INFO - data_quality_job - 14cfea7e-81e2-4cc5-b9d2-2c555717e48d - airbyte_sync_op - ⏱️ Statut job Airbyte 38: running
2025-12-03 04:40:45 +0000 - dagster - INFO - data_quality_job - 14cfea7e-81e2-4cc5-b9d2-2c555717e48d - airbyte_sync_op - ⏱️ Statut job Airbyte 38: running
2025-12-03 04:40:50 +0000 - dagster - INFO - data_quality_job - 14cfea7e-81e2-4cc5-b9d2-2c555717e48d - airbyte_sync_op - ⏱️ Statut job Airbyte 38: running
2025-12-03 04:40:55 +0000 - dagster - INFO - data_quality_job - 14cfea7e-81e2-4cc5-b9d2-2c555717e48d - airbyte_sync_op - ⏱️ Statut job Airbyte 38: running
2025-12-03 04:41:00 +0000 - dagster - INFO - data_quality_job - 14cfea7e-81e2-4cc5-b9d2-2c555717e48d - airbyte_sync_op - ⏱️ Statut job Airbyte 38: running
2025-12-03 04:41:05 +0000 - dagster - INFO - data_quality_job - 14cfea7e-81e2-4cc5-b9d2-2c555717e48d - airbyte_sync_op - ⏱️ Statut job Airbyte 38: running
2025-12-03 04:41:10 +0000 - dagster - INFO - data_quality_job - 14cfea7e-81e2-4cc5-b9d2-2c555717e48d - airbyte_sync_op - ⏱️ Statut job Airbyte 38: running
2025-12-03 04:41:15 +0000 - dagster - INFO - data_quality_job - 14cfea7e-81e2-4cc5-b9d2-2c555717e48d - airbyte_sync_op - ⏱️ Statut job Airbyte 38: running
2025-12-03 04:41:20 +0000 - dagster - INFO - data_quality_job - 14cfea7e-81e2-4cc5-b9d2-2c555717e48d - airbyte_sync_op - ⏱️ Statut job Airbyte 38: running
2025-12-03 04:41:26 +0000 - dagster - INFO - data_quality_job - 14cfea7e-81e2-4cc5-b9d2-2c555717e48d - airbyte_sync_op - ⏱️ Statut job Airbyte 38: running
2025-12-03 04:41:31 +0000 - dagster - INFO - data_quality_job - 14cfea7e-81e2-4cc5-b9d2-2c555717e48d - airbyte_sync_op - ⏱️ Statut job Airbyte 38: running
2025-12-03 04:41:36 +0000 - dagster - INFO - data_quality_job - 14cfea7e-81e2-4cc5-b9d2-2c555717e48d - airbyte_sync_op - ⏱️ Statut job Airbyte 38: running
2025-12-03 04:41:41 +0000 - dagster - INFO - data_quality_job - 14cfea7e-81e2-4cc5-b9d2-2c555717e48d - airbyte_sync_op - ⏱️ Statut job Airbyte 38: running
2025-12-03 04:41:46 +0000 - dagster - INFO - data_quality_job - 14cfea7e-81e2-4cc5-b9d2-2c555717e48d - airbyte_sync_op - ⏱️ Statut job Airbyte 38: running
2025-12-03 04:41:51 +0000 - dagster - INFO - data_quality_job - 14cfea7e-81e2-4cc5-b9d2-2c555717e48d - airbyte_sync_op - ⏱️ Statut job Airbyte 38: running
2025-12-03 04:41:56 +0000 - dagster - INFO - data_quality_job - 14cfea7e-81e2-4cc5-b9d2-2c555717e48d - airbyte_sync_op - ⏱️ Statut job Airbyte 38: running
2025-12-03 04:42:01 +0000 - dagster - INFO - data_quality_job - 14cfea7e-81e2-4cc5-b9d2-2c555717e48d - airbyte_sync_op - ⏱️ Statut job Airbyte 38: running
2025-12-03 04:42:06 +0000 - dagster - INFO - data_quality_job - 14cfea7e-81e2-4cc5-b9d2-2c555717e48d - airbyte_sync_op - ⏱️ Statut job Airbyte 38: running
2025-12-03 04:42:11 +0000 - dagster - INFO - data_quality_job - 14cfea7e-81e2-4cc5-b9d2-2c555717e48d - airbyte_sync_op - ⏱️ Statut job Airbyte 38: running
2025-12-03 04:42:16 +0000 - dagster - INFO - data_quality_job - 14cfea7e-81e2-4cc5-b9d2-2c555717e48d - airbyte_sync_op - ⏱️ Statut job Airbyte 38: running
2025-12-03 04:42:21 +0000 - dagster - INFO - data_quality_job - 14cfea7e-81e2-4cc5-b9d2-2c555717e48d - airbyte_sync_op - ⏱️ Statut job Airbyte 38: running
2025-12-03 04:42:26 +0000 - dagster - INFO - data_quality_job - 14cfea7e-81e2-4cc5-b9d2-2c555717e48d - airbyte_sync_op - ⏱️ Statut job Airbyte 38: running
2025-12-03 04:42:31 +0000 - dagster - INFO - data_quality_job - 14cfea7e-81e2-4cc5-b9d2-2c555717e48d - airbyte_sync_op - ⏱️ Statut job Airbyte 38: running
2025-12-03 04:42:36 +0000 - dagster - INFO - data_quality_job - 14cfea7e-81e2-4cc5-b9d2-2c555717e48d - airbyte_sync_op - ⏱️ Statut job Airbyte 38: running
2025-12-03 04:42:41 +0000 - dagster - INFO - data_quality_job - 14cfea7e-81e2-4cc5-b9d2-2c555717e48d - airbyte_sync_op - ⏱️ Statut job Airbyte 38: running
2025-12-03 04:42:46 +0000 - dagster - INFO - data_quality_job - 14cfea7e-81e2-4cc5-b9d2-2c555717e48d - airbyte_sync_op - ⏱️ Statut job Airbyte 38: running
2025-12-03 04:42:51 +0000 - dagster - INFO - data_quality_job - 14cfea7e-81e2-4cc5-b9d2-2c555717e48d - airbyte_sync_op - ⏱️ Statut job Airbyte 38: running
2025-12-03 04:42:56 +0000 - dagster - INFO - data_quality_job - 14cfea7e-81e2-4cc5-b9d2-2c555717e48d - airbyte_sync_op - ⏱️ Statut job Airbyte 38: running
2025-12-03 04:43:01 +0000 - dagster - INFO - data_quality_job - 14cfea7e-81e2-4cc5-b9d2-2c555717e48d - airbyte_sync_op - ⏱️ Statut job Airbyte 38: running
2025-12-03 04:43:06 +0000 - dagster - INFO - data_quality_job - 14cfea7e-81e2-4cc5-b9d2-2c555717e48d - airbyte_sync_op - ⏱️ Statut job Airbyte 38: running
2025-12-03 04:43:12 +0000 - dagster - INFO - data_quality_job - 14cfea7e-81e2-4cc5-b9d2-2c555717e48d - airbyte_sync_op - ⏱️ Statut job Airbyte 38: running
2025-12-03 04:43:17 +0000 - dagster - INFO - data_quality_job - 14cfea7e-81e2-4cc5-b9d2-2c555717e48d - airbyte_sync_op - ⏱️ Statut job Airbyte 38: running
2025-12-03 04:43:22 +0000 - dagster - INFO - data_quality_job - 14cfea7e-81e2-4cc5-b9d2-2c555717e48d - airbyte_sync_op - ⏱️ Statut job Airbyte 38: running
2025-12-03 04:43:27 +0000 - dagster - INFO - data_quality_job - 14cfea7e-81e2-4cc5-b9d2-2c555717e48d - airbyte_sync_op - ⏱️ Statut job Airbyte 38: running
2025-12-03 04:43:32 +0000 - dagster - INFO - data_quality_job - 14cfea7e-81e2-4cc5-b9d2-2c555717e48d - airbyte_sync_op - ⏱️ Statut job Airbyte 38: running
2025-12-03 04:43:37 +0000 - dagster - INFO - data_quality_job - 14cfea7e-81e2-4cc5-b9d2-2c555717e48d - airbyte_sync_op - ⏱️ Statut job Airbyte 38: running
2025-12-03 04:43:42 +0000 - dagster - INFO - data_quality_job - 14cfea7e-81e2-4cc5-b9d2-2c555717e48d - airbyte_sync_op - ⏱️ Statut job Airbyte 38: running
2025-12-03 04:43:47 +0000 - dagster - INFO - data_quality_job - 14cfea7e-81e2-4cc5-b9d2-2c555717e48d - airbyte_sync_op - ⏱️ Statut job Airbyte 38: running
2025-12-03 04:43:52 +0000 - dagster - INFO - data_quality_job - 14cfea7e-81e2-4cc5-b9d2-2c555717e48d - airbyte_sync_op - ⏱️ Statut job Airbyte 38: running
2025-12-03 04:43:57 +0000 - dagster - INFO - data_quality_job - 14cfea7e-81e2-4cc5-b9d2-2c555717e48d - airbyte_sync_op - ⏱️ Statut job Airbyte 38: running
2025-12-03 04:44:02 +0000 - dagster - INFO - data_quality_job - 14cfea7e-81e2-4cc5-b9d2-2c555717e48d - airbyte_sync_op - ⏱️ Statut job Airbyte 38: running
2025-12-03 04:44:07 +0000 - dagster - INFO - data_quality_job - 14cfea7e-81e2-4cc5-b9d2-2c555717e48d - airbyte_sync_op - ⏱️ Statut job Airbyte 38: running
2025-12-03 04:44:12 +0000 - dagster - INFO - data_quality_job - 14cfea7e-81e2-4cc5-b9d2-2c555717e48d - airbyte_sync_op - ⏱️ Statut job Airbyte 38: running
2025-12-03 04:44:17 +0000 - dagster - INFO - data_quality_job - 14cfea7e-81e2-4cc5-b9d2-2c555717e48d - airbyte_sync_op - ⏱️ Statut job Airbyte 38: running
2025-12-03 04:44:22 +0000 - dagster - INFO - data_quality_job - 14cfea7e-81e2-4cc5-b9d2-2c555717e48d - airbyte_sync_op - ⏱️ Statut job Airbyte 38: running
2025-12-03 04:44:27 +0000 - dagster - INFO - data_quality_job - 14cfea7e-81e2-4cc5-b9d2-2c555717e48d - airbyte_sync_op - ⏱️ Statut job Airbyte 38: running
2025-12-03 04:44:32 +0000 - dagster - INFO - data_quality_job - 14cfea7e-81e2-4cc5-b9d2-2c555717e48d - airbyte_sync_op - ⏱️ Statut job Airbyte 38: running
2025-12-03 04:44:37 +0000 - dagster - INFO - data_quality_job - 14cfea7e-81e2-4cc5-b9d2-2c555717e48d - airbyte_sync_op - ⏱️ Statut job Airbyte 38: running
2025-12-03 04:44:42 +0000 - dagster - INFO - data_quality_job - 14cfea7e-81e2-4cc5-b9d2-2c555717e48d - airbyte_sync_op - ⏱️ Statut job Airbyte 38: running
2025-12-03 04:44:47 +0000 - dagster - INFO - data_quality_job - 14cfea7e-81e2-4cc5-b9d2-2c555717e48d - airbyte_sync_op - ⏱️ Statut job Airbyte 38: running
2025-12-03 04:44:53 +0000 - dagster - INFO - data_quality_job - 14cfea7e-81e2-4cc5-b9d2-2c555717e48d - airbyte_sync_op - ⏱️ Statut job Airbyte 38: running
2025-12-03 04:44:58 +0000 - dagster - INFO - data_quality_job - 14cfea7e-81e2-4cc5-b9d2-2c555717e48d - airbyte_sync_op - ⏱️ Statut job Airbyte 38: running
2025-12-03 04:45:03 +0000 - dagster - INFO - data_quality_job - 14cfea7e-81e2-4cc5-b9d2-2c555717e48d - airbyte_sync_op - ⏱️ Statut job Airbyte 38: running
2025-12-03 04:45:08 +0000 - dagster - INFO - data_quality_job - 14cfea7e-81e2-4cc5-b9d2-2c555717e48d - airbyte_sync_op - ⏱️ Statut job Airbyte 38: running
2025-12-03 04:45:13 +0000 - dagster - INFO - data_quality_job - 14cfea7e-81e2-4cc5-b9d2-2c555717e48d - airbyte_sync_op - ⏱️ Statut job Airbyte 38: running
2025-12-03 04:45:18 +0000 - dagster - INFO - data_quality_job - 14cfea7e-81e2-4cc5-b9d2-2c555717e48d - airbyte_sync_op - ⏱️ Statut job Airbyte 38: running
2025-12-03 04:45:23 +0000 - dagster - INFO - data_quality_job - 14cfea7e-81e2-4cc5-b9d2-2c555717e48d - airbyte_sync_op - ⏱️ Statut job Airbyte 38: running
2025-12-03 04:45:28 +0000 - dagster - INFO - data_quality_job - 14cfea7e-81e2-4cc5-b9d2-2c555717e48d - airbyte_sync_op - ⏱️ Statut job Airbyte 38: running
2025-12-03 04:45:33 +0000 - dagster - INFO - data_quality_job - 14cfea7e-81e2-4cc5-b9d2-2c555717e48d - airbyte_sync_op - ⏱️ Statut job Airbyte 38: running
2025-12-03 04:45:38 +0000 - dagster - INFO - data_quality_job - 14cfea7e-81e2-4cc5-b9d2-2c555717e48d - airbyte_sync_op - ⏱️ Statut job Airbyte 38: running
2025-12-03 04:45:43 +0000 - dagster - INFO - data_quality_job - 14cfea7e-81e2-4cc5-b9d2-2c555717e48d - airbyte_sync_op - ⏱️ Statut job Airbyte 38: running
2025-12-03 04:45:48 +0000 - dagster - INFO - data_quality_job - 14cfea7e-81e2-4cc5-b9d2-2c555717e48d - airbyte_sync_op - ⏱️ Statut job Airbyte 38: running
2025-12-03 04:45:53 +0000 - dagster - INFO - data_quality_job - 14cfea7e-81e2-4cc5-b9d2-2c555717e48d - airbyte_sync_op - ⏱️ Statut job Airbyte 38: running
2025-12-03 04:45:58 +0000 - dagster - INFO - data_quality_job - 14cfea7e-81e2-4cc5-b9d2-2c555717e48d - airbyte_sync_op - ⏱️ Statut job Airbyte 38: running
2025-12-03 04:46:03 +0000 - dagster - INFO - data_quality_job - 14cfea7e-81e2-4cc5-b9d2-2c555717e48d - airbyte_sync_op - ⏱️ Statut job Airbyte 38: succeeded
2025-12-03 04:46:03 +0000 - dagster - INFO - data_quality_job - 14cfea7e-81e2-4cc5-b9d2-2c555717e48d - airbyte_sync_op - 🎉 Sync Airbyte terminé avec succès
2025-12-03 04:46:03 +0000 - dagster - DEBUG - data_quality_job - 14cfea7e-81e2-4cc5-b9d2-2c555717e48d - 242914 - airbyte_sync_op - STEP_OUTPUT - Yielded output "result" of type "Any". (Type check passed).
2025-12-03 04:46:03 +0000 - dagster - DEBUG - data_quality_job - 14cfea7e-81e2-4cc5-b9d2-2c555717e48d - airbyte_sync_op - Writing file at: /opt/dagster_home/storage/14cfea7e-81e2-4cc5-b9d2-2c555717e48d/airbyte_sync_op/result using PickledObjectFilesystemIOManager...
2025-12-03 04:46:03 +0000 - dagster - DEBUG - data_quality_job - 14cfea7e-81e2-4cc5-b9d2-2c555717e48d - 242914 - airbyte_sync_op - HANDLED_OUTPUT - Handled output "result" using IO manager "io_manager"
2025-12-03 04:46:03 +0000 - dagster - DEBUG - data_quality_job - 14cfea7e-81e2-4cc5-b9d2-2c555717e48d - 242914 - airbyte_sync_op - STEP_SUCCESS - Finished execution of step "airbyte_sync_op" in 6m6s.
