2025-11-19 17:14:07 +0000 - dagster - DEBUG - data_quality_job - bad0394e-62db-43d7-b348-4f30079e3191 - 3624 - LOGS_CAPTURED - Started capturing logs in process (pid: 3624).
2025-11-19 17:14:07 +0000 - dagster - DEBUG - data_quality_job - bad0394e-62db-43d7-b348-4f30079e3191 - 3624 - dbt_run_op - STEP_START - Started execution of step "dbt_run_op".
2025-11-19 17:14:07 +0000 - dagster - INFO - data_quality_job - bad0394e-62db-43d7-b348-4f30079e3191 - dbt_run_op - ▶️ Running dbt run + test...
2025-11-19 17:14:10 +0000 - dagster - INFO - data_quality_job - bad0394e-62db-43d7-b348-4f30079e3191 - dbt_run_op - [0m17:14:10  Running with dbt=1.10.15
2025-11-19 17:14:10 +0000 - dagster - INFO - data_quality_job - bad0394e-62db-43d7-b348-4f30079e3191 - dbt_run_op - [0m17:14:10  Error importing adapter: No module named 'dbt.adapters.postgres'
2025-11-19 17:14:10 +0000 - dagster - INFO - data_quality_job - bad0394e-62db-43d7-b348-4f30079e3191 - dbt_run_op - [0m17:14:10  Encountered an error:
2025-11-19 17:14:10 +0000 - dagster - INFO - data_quality_job - bad0394e-62db-43d7-b348-4f30079e3191 - dbt_run_op - Runtime Error
2025-11-19 17:14:10 +0000 - dagster - INFO - data_quality_job - bad0394e-62db-43d7-b348-4f30079e3191 - dbt_run_op - Credentials in profile "datalineage360", target "dev" invalid: Runtime Error
2025-11-19 17:14:10 +0000 - dagster - INFO - data_quality_job - bad0394e-62db-43d7-b348-4f30079e3191 - dbt_run_op - Could not find adapter type postgres!
2025-11-19 17:14:11 +0000 - dagster - ERROR - data_quality_job - bad0394e-62db-43d7-b348-4f30079e3191 - 3624 - dbt_run_op - STEP_FAILURE - Execution of step "dbt_run_op" failed.

dagster._core.errors.DagsterExecutionStepExecutionError: Error occurred while executing op "dbt_run_op"::

Exception: ❌ dbt failed

Stack Trace:
  File "/usr/local/lib/python3.10/site-packages/dagster/_core/execution/plan/utils.py", line 57, in op_execution_error_boundary
    yield
  File "/usr/local/lib/python3.10/site-packages/dagster/_utils/__init__.py", line 394, in iterate_with_context
    next_output = next(iterator)
  File "/usr/local/lib/python3.10/site-packages/dagster/_core/execution/plan/compute_generator.py", line 135, in _coerce_op_compute_fn_to_iterator
    result = invoke_compute_fn(
  File "/usr/local/lib/python3.10/site-packages/dagster/_core/execution/plan/compute_generator.py", line 115, in invoke_compute_fn
    return fn(context, **args_to_pass) if context_arg_provided else fn(**args_to_pass)
  File "/opt/dagster/ops/dbt_op.py", line 26, in dbt_run_op
    raise Exception("❌ dbt failed")

