2025-11-19 23:34:41 +0000 - dagster - DEBUG - data_quality_job - d49cda61-745a-47fc-a9e4-1421c3eae1e2 - 780 - LOGS_CAPTURED - Started capturing logs in process (pid: 780).
2025-11-19 23:34:41 +0000 - dagster - DEBUG - data_quality_job - d49cda61-745a-47fc-a9e4-1421c3eae1e2 - 780 - airbyte_sync_op - STEP_START - Started execution of step "airbyte_sync_op".
2025-11-19 23:34:41 +0000 - dagster - INFO - data_quality_job - d49cda61-745a-47fc-a9e4-1421c3eae1e2 - airbyte_sync_op - 🚀 Lancement du sync Airbyte pour la connexion 76375e55-5b58-4ac2-951a-d4bdfb45b99a
2025-11-19 23:34:42 +0000 - dagster - INFO - data_quality_job - d49cda61-745a-47fc-a9e4-1421c3eae1e2 - airbyte_sync_op - ✅ Job Airbyte créé : 19
2025-11-19 23:34:42 +0000 - dagster - INFO - data_quality_job - d49cda61-745a-47fc-a9e4-1421c3eae1e2 - airbyte_sync_op - ⏱️ Statut job Airbyte 19: running
2025-11-19 23:34:47 +0000 - dagster - INFO - data_quality_job - d49cda61-745a-47fc-a9e4-1421c3eae1e2 - airbyte_sync_op - ⏱️ Statut job Airbyte 19: running
2025-11-19 23:34:52 +0000 - dagster - INFO - data_quality_job - d49cda61-745a-47fc-a9e4-1421c3eae1e2 - airbyte_sync_op - ⏱️ Statut job Airbyte 19: running
2025-11-19 23:34:57 +0000 - dagster - INFO - data_quality_job - d49cda61-745a-47fc-a9e4-1421c3eae1e2 - airbyte_sync_op - ⏱️ Statut job Airbyte 19: running
2025-11-19 23:35:02 +0000 - dagster - INFO - data_quality_job - d49cda61-745a-47fc-a9e4-1421c3eae1e2 - airbyte_sync_op - ⏱️ Statut job Airbyte 19: running
2025-11-19 23:35:08 +0000 - dagster - INFO - data_quality_job - d49cda61-745a-47fc-a9e4-1421c3eae1e2 - airbyte_sync_op - ⏱️ Statut job Airbyte 19: running
2025-11-19 23:35:13 +0000 - dagster - INFO - data_quality_job - d49cda61-745a-47fc-a9e4-1421c3eae1e2 - airbyte_sync_op - ⏱️ Statut job Airbyte 19: running
2025-11-19 23:35:18 +0000 - dagster - INFO - data_quality_job - d49cda61-745a-47fc-a9e4-1421c3eae1e2 - airbyte_sync_op - ⏱️ Statut job Airbyte 19: running
2025-11-19 23:35:23 +0000 - dagster - INFO - data_quality_job - d49cda61-745a-47fc-a9e4-1421c3eae1e2 - airbyte_sync_op - ⏱️ Statut job Airbyte 19: running
2025-11-19 23:35:28 +0000 - dagster - INFO - data_quality_job - d49cda61-745a-47fc-a9e4-1421c3eae1e2 - airbyte_sync_op - ⏱️ Statut job Airbyte 19: running
2025-11-19 23:35:33 +0000 - dagster - INFO - data_quality_job - d49cda61-745a-47fc-a9e4-1421c3eae1e2 - airbyte_sync_op - ⏱️ Statut job Airbyte 19: running
2025-11-19 23:35:38 +0000 - dagster - INFO - data_quality_job - d49cda61-745a-47fc-a9e4-1421c3eae1e2 - airbyte_sync_op - ⏱️ Statut job Airbyte 19: running
2025-11-19 23:35:43 +0000 - dagster - INFO - data_quality_job - d49cda61-745a-47fc-a9e4-1421c3eae1e2 - airbyte_sync_op - ⏱️ Statut job Airbyte 19: running
2025-11-19 23:35:49 +0000 - dagster - INFO - data_quality_job - d49cda61-745a-47fc-a9e4-1421c3eae1e2 - airbyte_sync_op - ⏱️ Statut job Airbyte 19: running
2025-11-19 23:35:54 +0000 - dagster - INFO - data_quality_job - d49cda61-745a-47fc-a9e4-1421c3eae1e2 - airbyte_sync_op - ⏱️ Statut job Airbyte 19: running
2025-11-19 23:35:59 +0000 - dagster - INFO - data_quality_job - d49cda61-745a-47fc-a9e4-1421c3eae1e2 - airbyte_sync_op - ⏱️ Statut job Airbyte 19: running
2025-11-19 23:36:04 +0000 - dagster - INFO - data_quality_job - d49cda61-745a-47fc-a9e4-1421c3eae1e2 - airbyte_sync_op - ⏱️ Statut job Airbyte 19: running
2025-11-19 23:36:09 +0000 - dagster - INFO - data_quality_job - d49cda61-745a-47fc-a9e4-1421c3eae1e2 - airbyte_sync_op - ⏱️ Statut job Airbyte 19: running
2025-11-19 23:36:14 +0000 - dagster - INFO - data_quality_job - d49cda61-745a-47fc-a9e4-1421c3eae1e2 - airbyte_sync_op - ⏱️ Statut job Airbyte 19: running
2025-11-19 23:36:19 +0000 - dagster - INFO - data_quality_job - d49cda61-745a-47fc-a9e4-1421c3eae1e2 - airbyte_sync_op - ⏱️ Statut job Airbyte 19: running
2025-11-19 23:36:24 +0000 - dagster - INFO - data_quality_job - d49cda61-745a-47fc-a9e4-1421c3eae1e2 - airbyte_sync_op - ⏱️ Statut job Airbyte 19: running
2025-11-19 23:36:30 +0000 - dagster - INFO - data_quality_job - d49cda61-745a-47fc-a9e4-1421c3eae1e2 - airbyte_sync_op - ⏱️ Statut job Airbyte 19: running
2025-11-19 23:36:35 +0000 - dagster - INFO - data_quality_job - d49cda61-745a-47fc-a9e4-1421c3eae1e2 - airbyte_sync_op - ⏱️ Statut job Airbyte 19: running
2025-11-19 23:36:40 +0000 - dagster - INFO - data_quality_job - d49cda61-745a-47fc-a9e4-1421c3eae1e2 - airbyte_sync_op - ⏱️ Statut job Airbyte 19: running
2025-11-19 23:36:45 +0000 - dagster - INFO - data_quality_job - d49cda61-745a-47fc-a9e4-1421c3eae1e2 - airbyte_sync_op - ⏱️ Statut job Airbyte 19: running
2025-11-19 23:36:50 +0000 - dagster - INFO - data_quality_job - d49cda61-745a-47fc-a9e4-1421c3eae1e2 - airbyte_sync_op - ⏱️ Statut job Airbyte 19: running
2025-11-19 23:36:55 +0000 - dagster - INFO - data_quality_job - d49cda61-745a-47fc-a9e4-1421c3eae1e2 - airbyte_sync_op - ⏱️ Statut job Airbyte 19: running
2025-11-19 23:37:00 +0000 - dagster - INFO - data_quality_job - d49cda61-745a-47fc-a9e4-1421c3eae1e2 - airbyte_sync_op - ⏱️ Statut job Airbyte 19: running
2025-11-19 23:37:05 +0000 - dagster - INFO - data_quality_job - d49cda61-745a-47fc-a9e4-1421c3eae1e2 - airbyte_sync_op - ⏱️ Statut job Airbyte 19: running
2025-11-19 23:37:10 +0000 - dagster - INFO - data_quality_job - d49cda61-745a-47fc-a9e4-1421c3eae1e2 - airbyte_sync_op - ⏱️ Statut job Airbyte 19: running
2025-11-19 23:37:16 +0000 - dagster - INFO - data_quality_job - d49cda61-745a-47fc-a9e4-1421c3eae1e2 - airbyte_sync_op - ⏱️ Statut job Airbyte 19: running
2025-11-19 23:37:21 +0000 - dagster - INFO - data_quality_job - d49cda61-745a-47fc-a9e4-1421c3eae1e2 - airbyte_sync_op - ⏱️ Statut job Airbyte 19: running
2025-11-19 23:37:26 +0000 - dagster - INFO - data_quality_job - d49cda61-745a-47fc-a9e4-1421c3eae1e2 - airbyte_sync_op - ⏱️ Statut job Airbyte 19: running
2025-11-19 23:37:31 +0000 - dagster - INFO - data_quality_job - d49cda61-745a-47fc-a9e4-1421c3eae1e2 - airbyte_sync_op - ⏱️ Statut job Airbyte 19: running
2025-11-19 23:37:36 +0000 - dagster - INFO - data_quality_job - d49cda61-745a-47fc-a9e4-1421c3eae1e2 - airbyte_sync_op - ⏱️ Statut job Airbyte 19: running
2025-11-19 23:37:41 +0000 - dagster - INFO - data_quality_job - d49cda61-745a-47fc-a9e4-1421c3eae1e2 - airbyte_sync_op - ⏱️ Statut job Airbyte 19: running
2025-11-19 23:37:46 +0000 - dagster - INFO - data_quality_job - d49cda61-745a-47fc-a9e4-1421c3eae1e2 - airbyte_sync_op - ⏱️ Statut job Airbyte 19: running
2025-11-19 23:37:51 +0000 - dagster - INFO - data_quality_job - d49cda61-745a-47fc-a9e4-1421c3eae1e2 - airbyte_sync_op - ⏱️ Statut job Airbyte 19: running
2025-11-19 23:37:56 +0000 - dagster - INFO - data_quality_job - d49cda61-745a-47fc-a9e4-1421c3eae1e2 - airbyte_sync_op - ⏱️ Statut job Airbyte 19: running
2025-11-19 23:38:02 +0000 - dagster - INFO - data_quality_job - d49cda61-745a-47fc-a9e4-1421c3eae1e2 - airbyte_sync_op - ⏱️ Statut job Airbyte 19: running
2025-11-19 23:38:07 +0000 - dagster - INFO - data_quality_job - d49cda61-745a-47fc-a9e4-1421c3eae1e2 - airbyte_sync_op - ⏱️ Statut job Airbyte 19: running
2025-11-19 23:38:12 +0000 - dagster - INFO - data_quality_job - d49cda61-745a-47fc-a9e4-1421c3eae1e2 - airbyte_sync_op - ⏱️ Statut job Airbyte 19: running
2025-11-19 23:38:17 +0000 - dagster - INFO - data_quality_job - d49cda61-745a-47fc-a9e4-1421c3eae1e2 - airbyte_sync_op - ⏱️ Statut job Airbyte 19: running
2025-11-19 23:38:22 +0000 - dagster - INFO - data_quality_job - d49cda61-745a-47fc-a9e4-1421c3eae1e2 - airbyte_sync_op - ⏱️ Statut job Airbyte 19: running
2025-11-19 23:38:27 +0000 - dagster - INFO - data_quality_job - d49cda61-745a-47fc-a9e4-1421c3eae1e2 - airbyte_sync_op - ⏱️ Statut job Airbyte 19: running
2025-11-19 23:38:32 +0000 - dagster - INFO - data_quality_job - d49cda61-745a-47fc-a9e4-1421c3eae1e2 - airbyte_sync_op - ⏱️ Statut job Airbyte 19: running
2025-11-19 23:38:37 +0000 - dagster - INFO - data_quality_job - d49cda61-745a-47fc-a9e4-1421c3eae1e2 - airbyte_sync_op - ⏱️ Statut job Airbyte 19: running
2025-11-19 23:38:43 +0000 - dagster - INFO - data_quality_job - d49cda61-745a-47fc-a9e4-1421c3eae1e2 - airbyte_sync_op - ⏱️ Statut job Airbyte 19: running
2025-11-19 23:38:48 +0000 - dagster - INFO - data_quality_job - d49cda61-745a-47fc-a9e4-1421c3eae1e2 - airbyte_sync_op - ⏱️ Statut job Airbyte 19: succeeded
2025-11-19 23:38:48 +0000 - dagster - INFO - data_quality_job - d49cda61-745a-47fc-a9e4-1421c3eae1e2 - airbyte_sync_op - 🎉 Sync Airbyte terminé avec succès
2025-11-19 23:38:48 +0000 - dagster - DEBUG - data_quality_job - d49cda61-745a-47fc-a9e4-1421c3eae1e2 - 780 - airbyte_sync_op - STEP_OUTPUT - Yielded output "result" of type "Any". (Type check passed).
2025-11-19 23:38:48 +0000 - dagster - DEBUG - data_quality_job - d49cda61-745a-47fc-a9e4-1421c3eae1e2 - airbyte_sync_op - Writing file at: /opt/dagster_home/storage/d49cda61-745a-47fc-a9e4-1421c3eae1e2/airbyte_sync_op/result using PickledObjectFilesystemIOManager...
2025-11-19 23:38:48 +0000 - dagster - DEBUG - data_quality_job - d49cda61-745a-47fc-a9e4-1421c3eae1e2 - 780 - airbyte_sync_op - HANDLED_OUTPUT - Handled output "result" using IO manager "io_manager"
2025-11-19 23:38:48 +0000 - dagster - DEBUG - data_quality_job - d49cda61-745a-47fc-a9e4-1421c3eae1e2 - 780 - airbyte_sync_op - STEP_SUCCESS - Finished execution of step "airbyte_sync_op" in 4m7s.
