2025-11-20 17:27:28 +0000 - dagster - DEBUG - data_quality_job - 2a55fb5f-d659-4307-8a71-3eda43969c10 - 72389 - LOGS_CAPTURED - Started capturing logs in process (pid: 72389).
2025-11-20 17:27:28 +0000 - dagster - DEBUG - data_quality_job - 2a55fb5f-d659-4307-8a71-3eda43969c10 - 72389 - dbt_run_op - STEP_START - Started execution of step "dbt_run_op".
2025-11-20 17:27:28 +0000 - dagster - INFO - data_quality_job - 2a55fb5f-d659-4307-8a71-3eda43969c10 - dbt_run_op - 🚀 Running dbt run + dbt test...
2025-11-20 17:27:30 +0000 - dagster - INFO - data_quality_job - 2a55fb5f-d659-4307-8a71-3eda43969c10 - dbt_run_op - [0m17:27:30  Running with dbt=1.10.15
2025-11-20 17:27:31 +0000 - dagster - INFO - data_quality_job - 2a55fb5f-d659-4307-8a71-3eda43969c10 - dbt_run_op - [0m17:27:31  Registered adapter: postgres=1.9.1
2025-11-20 17:27:36 +0000 - dagster - INFO - data_quality_job - 2a55fb5f-d659-4307-8a71-3eda43969c10 - dbt_run_op - [0m17:27:36  [[33mWARNING[0m][MissingArgumentsPropertyInGenericTestDeprecation]: Deprecated
2025-11-20 17:27:36 +0000 - dagster - INFO - data_quality_job - 2a55fb5f-d659-4307-8a71-3eda43969c10 - dbt_run_op - functionality
2025-11-20 17:27:36 +0000 - dagster - INFO - data_quality_job - 2a55fb5f-d659-4307-8a71-3eda43969c10 - dbt_run_op - Found top-level arguments to test
2025-11-20 17:27:36 +0000 - dagster - INFO - data_quality_job - 2a55fb5f-d659-4307-8a71-3eda43969c10 - dbt_run_op - `dbt_expectations.expect_column_values_to_be_between`. Arguments to generic
2025-11-20 17:27:36 +0000 - dagster - INFO - data_quality_job - 2a55fb5f-d659-4307-8a71-3eda43969c10 - dbt_run_op - tests should be nested under the `arguments` property.`
2025-11-20 17:27:36 +0000 - dagster - INFO - data_quality_job - 2a55fb5f-d659-4307-8a71-3eda43969c10 - dbt_run_op - [0m17:27:36  Found 2 models, 9 data tests, 1 source, 840 macros
2025-11-20 17:27:36 +0000 - dagster - INFO - data_quality_job - 2a55fb5f-d659-4307-8a71-3eda43969c10 - dbt_run_op - [0m17:27:36
2025-11-20 17:27:37 +0000 - dagster - INFO - data_quality_job - 2a55fb5f-d659-4307-8a71-3eda43969c10 - dbt_run_op - [0m17:27:36  Concurrency: 4 threads (target='dev')
2025-11-20 17:27:37 +0000 - dagster - INFO - data_quality_job - 2a55fb5f-d659-4307-8a71-3eda43969c10 - dbt_run_op - [0m17:27:36
2025-11-20 17:27:37 +0000 - dagster - INFO - data_quality_job - 2a55fb5f-d659-4307-8a71-3eda43969c10 - dbt_run_op - [0m17:27:37  1 of 2 START sql table model analytics.stg_sales_data .......................... [RUN]
2025-11-20 17:27:43 +0000 - dagster - INFO - data_quality_job - 2a55fb5f-d659-4307-8a71-3eda43969c10 - dbt_run_op - [0m17:27:43  1 of 2 OK created sql table model analytics.stg_sales_data ..................... [[32mSELECT 520748[0m in 5.95s]
2025-11-20 17:27:43 +0000 - dagster - INFO - data_quality_job - 2a55fb5f-d659-4307-8a71-3eda43969c10 - dbt_run_op - [0m17:27:43  2 of 2 START sql table model analytics.fct_sales ............................... [RUN]
2025-11-20 17:27:45 +0000 - dagster - INFO - data_quality_job - 2a55fb5f-d659-4307-8a71-3eda43969c10 - dbt_run_op - [0m17:27:45  2 of 2 OK created sql table model analytics.fct_sales .......................... [[32mSELECT 519582[0m in 2.48s]
2025-11-20 17:27:45 +0000 - dagster - INFO - data_quality_job - 2a55fb5f-d659-4307-8a71-3eda43969c10 - dbt_run_op - [0m17:27:45
2025-11-20 17:27:45 +0000 - dagster - INFO - data_quality_job - 2a55fb5f-d659-4307-8a71-3eda43969c10 - dbt_run_op - [0m17:27:45  Finished running 2 table models in 0 hours 0 minutes and 8.63 seconds (8.63s).
2025-11-20 17:27:45 +0000 - dagster - INFO - data_quality_job - 2a55fb5f-d659-4307-8a71-3eda43969c10 - dbt_run_op - [0m17:27:45
2025-11-20 17:27:45 +0000 - dagster - INFO - data_quality_job - 2a55fb5f-d659-4307-8a71-3eda43969c10 - dbt_run_op - [0m17:27:45  [32mCompleted successfully[0m
2025-11-20 17:27:45 +0000 - dagster - INFO - data_quality_job - 2a55fb5f-d659-4307-8a71-3eda43969c10 - dbt_run_op - [0m17:27:45
2025-11-20 17:27:45 +0000 - dagster - INFO - data_quality_job - 2a55fb5f-d659-4307-8a71-3eda43969c10 - dbt_run_op - [0m17:27:45  Done. PASS=2 WARN=0 ERROR=0 SKIP=0 NO-OP=0 TOTAL=2
2025-11-20 17:27:46 +0000 - dagster - INFO - data_quality_job - 2a55fb5f-d659-4307-8a71-3eda43969c10 - dbt_run_op - [0m17:27:45  [[33mWARNING[0m][DeprecationsSummary]: Deprecated functionality
2025-11-20 17:27:46 +0000 - dagster - INFO - data_quality_job - 2a55fb5f-d659-4307-8a71-3eda43969c10 - dbt_run_op - Summary of encountered deprecations:
2025-11-20 17:27:46 +0000 - dagster - INFO - data_quality_job - 2a55fb5f-d659-4307-8a71-3eda43969c10 - dbt_run_op - - MissingArgumentsPropertyInGenericTestDeprecation: 4 occurrences
2025-11-20 17:27:46 +0000 - dagster - INFO - data_quality_job - 2a55fb5f-d659-4307-8a71-3eda43969c10 - dbt_run_op - To see all deprecation instances instead of just the first occurrence of each,
2025-11-20 17:27:46 +0000 - dagster - INFO - data_quality_job - 2a55fb5f-d659-4307-8a71-3eda43969c10 - dbt_run_op - run command again with the `--show-all-deprecations` flag. You may also need to
2025-11-20 17:27:46 +0000 - dagster - INFO - data_quality_job - 2a55fb5f-d659-4307-8a71-3eda43969c10 - dbt_run_op - run with `--no-partial-parse` as some deprecations are only encountered during
2025-11-20 17:27:46 +0000 - dagster - INFO - data_quality_job - 2a55fb5f-d659-4307-8a71-3eda43969c10 - dbt_run_op - parsing.
2025-11-20 17:27:48 +0000 - dagster - INFO - data_quality_job - 2a55fb5f-d659-4307-8a71-3eda43969c10 - dbt_run_op - [0m17:27:48  Running with dbt=1.10.15
2025-11-20 17:27:48 +0000 - dagster - INFO - data_quality_job - 2a55fb5f-d659-4307-8a71-3eda43969c10 - dbt_run_op - [0m17:27:48  Registered adapter: postgres=1.9.1
2025-11-20 17:27:52 +0000 - dagster - INFO - data_quality_job - 2a55fb5f-d659-4307-8a71-3eda43969c10 - dbt_run_op - [0m17:27:52  [[33mWARNING[0m][MissingArgumentsPropertyInGenericTestDeprecation]: Deprecated
2025-11-20 17:27:52 +0000 - dagster - INFO - data_quality_job - 2a55fb5f-d659-4307-8a71-3eda43969c10 - dbt_run_op - functionality
2025-11-20 17:27:52 +0000 - dagster - INFO - data_quality_job - 2a55fb5f-d659-4307-8a71-3eda43969c10 - dbt_run_op - Found top-level arguments to test
2025-11-20 17:27:52 +0000 - dagster - INFO - data_quality_job - 2a55fb5f-d659-4307-8a71-3eda43969c10 - dbt_run_op - `dbt_expectations.expect_column_values_to_be_between`. Arguments to generic
2025-11-20 17:27:52 +0000 - dagster - INFO - data_quality_job - 2a55fb5f-d659-4307-8a71-3eda43969c10 - dbt_run_op - tests should be nested under the `arguments` property.`
2025-11-20 17:27:53 +0000 - dagster - INFO - data_quality_job - 2a55fb5f-d659-4307-8a71-3eda43969c10 - dbt_run_op - [0m17:27:53  Found 2 models, 9 data tests, 1 source, 840 macros
2025-11-20 17:27:53 +0000 - dagster - INFO - data_quality_job - 2a55fb5f-d659-4307-8a71-3eda43969c10 - dbt_run_op - [0m17:27:53
2025-11-20 17:27:53 +0000 - dagster - INFO - data_quality_job - 2a55fb5f-d659-4307-8a71-3eda43969c10 - dbt_run_op - [0m17:27:53  Concurrency: 4 threads (target='dev')
2025-11-20 17:27:53 +0000 - dagster - INFO - data_quality_job - 2a55fb5f-d659-4307-8a71-3eda43969c10 - dbt_run_op - [0m17:27:53
2025-11-20 17:27:53 +0000 - dagster - INFO - data_quality_job - 2a55fb5f-d659-4307-8a71-3eda43969c10 - dbt_run_op - [0m17:27:53  1 of 9 START test dbt_expectations_expect_column_values_to_be_between_fct_sales_net_sales_amount__0  [RUN]
2025-11-20 17:27:53 +0000 - dagster - INFO - data_quality_job - 2a55fb5f-d659-4307-8a71-3eda43969c10 - dbt_run_op - [0m17:27:53  2 of 9 START test dbt_expectations_expect_column_values_to_be_between_fct_sales_price_per_unit__0_01  [RUN]
2025-11-20 17:27:53 +0000 - dagster - INFO - data_quality_job - 2a55fb5f-d659-4307-8a71-3eda43969c10 - dbt_run_op - [0m17:27:53  3 of 9 START test dbt_expectations_expect_column_values_to_be_between_fct_sales_quantity_sold__1  [RUN]
2025-11-20 17:27:53 +0000 - dagster - INFO - data_quality_job - 2a55fb5f-d659-4307-8a71-3eda43969c10 - dbt_run_op - [0m17:27:53  4 of 9 START test dbt_utils_unique_combination_of_columns_fct_sales_invoice_number__product_code  [RUN]
2025-11-20 17:27:53 +0000 - dagster - INFO - data_quality_job - 2a55fb5f-d659-4307-8a71-3eda43969c10 - dbt_run_op - [0m17:27:53  3 of 9 PASS dbt_expectations_expect_column_values_to_be_between_fct_sales_quantity_sold__1  [[32mPASS[0m in 0.24s]
2025-11-20 17:27:53 +0000 - dagster - INFO - data_quality_job - 2a55fb5f-d659-4307-8a71-3eda43969c10 - dbt_run_op - [0m17:27:53  2 of 9 PASS dbt_expectations_expect_column_values_to_be_between_fct_sales_price_per_unit__0_01  [[32mPASS[0m in 0.25s]
2025-11-20 17:27:53 +0000 - dagster - INFO - data_quality_job - 2a55fb5f-d659-4307-8a71-3eda43969c10 - dbt_run_op - [0m17:27:53  1 of 9 PASS dbt_expectations_expect_column_values_to_be_between_fct_sales_net_sales_amount__0  [[32mPASS[0m in 0.25s]
2025-11-20 17:27:53 +0000 - dagster - INFO - data_quality_job - 2a55fb5f-d659-4307-8a71-3eda43969c10 - dbt_run_op - [0m17:27:53  5 of 9 START test not_null_fct_sales_invoice_date .............................. [RUN]
2025-11-20 17:27:53 +0000 - dagster - INFO - data_quality_job - 2a55fb5f-d659-4307-8a71-3eda43969c10 - dbt_run_op - [0m17:27:53  6 of 9 START test not_null_fct_sales_invoice_number ............................ [RUN]
2025-11-20 17:27:53 +0000 - dagster - INFO - data_quality_job - 2a55fb5f-d659-4307-8a71-3eda43969c10 - dbt_run_op - [0m17:27:53  7 of 9 START test not_null_fct_sales_price_per_unit ............................ [RUN]
2025-11-20 17:27:53 +0000 - dagster - INFO - data_quality_job - 2a55fb5f-d659-4307-8a71-3eda43969c10 - dbt_run_op - [0m17:27:53  6 of 9 PASS not_null_fct_sales_invoice_number .................................. [[32mPASS[0m in 0.25s]
2025-11-20 17:27:54 +0000 - dagster - INFO - data_quality_job - 2a55fb5f-d659-4307-8a71-3eda43969c10 - dbt_run_op - [0m17:27:53  8 of 9 START test not_null_fct_sales_product_code .............................. [RUN]
2025-11-20 17:27:54 +0000 - dagster - INFO - data_quality_job - 2a55fb5f-d659-4307-8a71-3eda43969c10 - dbt_run_op - [0m17:27:53  5 of 9 PASS not_null_fct_sales_invoice_date .................................... [[32mPASS[0m in 0.27s]
2025-11-20 17:27:54 +0000 - dagster - INFO - data_quality_job - 2a55fb5f-d659-4307-8a71-3eda43969c10 - dbt_run_op - [0m17:27:53  9 of 9 START test not_null_fct_sales_quantity_sold ............................. [RUN]
2025-11-20 17:27:54 +0000 - dagster - INFO - data_quality_job - 2a55fb5f-d659-4307-8a71-3eda43969c10 - dbt_run_op - [0m17:27:53  7 of 9 PASS not_null_fct_sales_price_per_unit .................................. [[32mPASS[0m in 0.29s]
2025-11-20 17:27:54 +0000 - dagster - INFO - data_quality_job - 2a55fb5f-d659-4307-8a71-3eda43969c10 - dbt_run_op - [0m17:27:54  8 of 9 PASS not_null_fct_sales_product_code .................................... [[32mPASS[0m in 0.14s]
2025-11-20 17:27:54 +0000 - dagster - INFO - data_quality_job - 2a55fb5f-d659-4307-8a71-3eda43969c10 - dbt_run_op - [0m17:27:54  9 of 9 PASS not_null_fct_sales_quantity_sold ................................... [[32mPASS[0m in 0.16s]
2025-11-20 17:27:54 +0000 - dagster - INFO - data_quality_job - 2a55fb5f-d659-4307-8a71-3eda43969c10 - dbt_run_op - [0m17:27:54  4 of 9 PASS dbt_utils_unique_combination_of_columns_fct_sales_invoice_number__product_code  [[32mPASS[0m in 0.89s]
2025-11-20 17:27:54 +0000 - dagster - INFO - data_quality_job - 2a55fb5f-d659-4307-8a71-3eda43969c10 - dbt_run_op - [0m17:27:54
2025-11-20 17:27:54 +0000 - dagster - INFO - data_quality_job - 2a55fb5f-d659-4307-8a71-3eda43969c10 - dbt_run_op - [0m17:27:54  Finished running 9 data tests in 0 hours 0 minutes and 1.04 seconds (1.04s).
2025-11-20 17:27:54 +0000 - dagster - INFO - data_quality_job - 2a55fb5f-d659-4307-8a71-3eda43969c10 - dbt_run_op - [0m17:27:54
2025-11-20 17:27:54 +0000 - dagster - INFO - data_quality_job - 2a55fb5f-d659-4307-8a71-3eda43969c10 - dbt_run_op - [0m17:27:54  [32mCompleted successfully[0m
2025-11-20 17:27:54 +0000 - dagster - INFO - data_quality_job - 2a55fb5f-d659-4307-8a71-3eda43969c10 - dbt_run_op - [0m17:27:54
2025-11-20 17:27:54 +0000 - dagster - INFO - data_quality_job - 2a55fb5f-d659-4307-8a71-3eda43969c10 - dbt_run_op - [0m17:27:54  Done. PASS=9 WARN=0 ERROR=0 SKIP=0 NO-OP=0 TOTAL=9
2025-11-20 17:27:54 +0000 - dagster - INFO - data_quality_job - 2a55fb5f-d659-4307-8a71-3eda43969c10 - dbt_run_op - [0m17:27:54  [[33mWARNING[0m][DeprecationsSummary]: Deprecated functionality
2025-11-20 17:27:54 +0000 - dagster - INFO - data_quality_job - 2a55fb5f-d659-4307-8a71-3eda43969c10 - dbt_run_op - Summary of encountered deprecations:
2025-11-20 17:27:54 +0000 - dagster - INFO - data_quality_job - 2a55fb5f-d659-4307-8a71-3eda43969c10 - dbt_run_op - - MissingArgumentsPropertyInGenericTestDeprecation: 4 occurrences
2025-11-20 17:27:54 +0000 - dagster - INFO - data_quality_job - 2a55fb5f-d659-4307-8a71-3eda43969c10 - dbt_run_op - To see all deprecation instances instead of just the first occurrence of each,
2025-11-20 17:27:54 +0000 - dagster - INFO - data_quality_job - 2a55fb5f-d659-4307-8a71-3eda43969c10 - dbt_run_op - run command again with the `--show-all-deprecations` flag. You may also need to
2025-11-20 17:27:54 +0000 - dagster - INFO - data_quality_job - 2a55fb5f-d659-4307-8a71-3eda43969c10 - dbt_run_op - run with `--no-partial-parse` as some deprecations are only encountered during
2025-11-20 17:27:54 +0000 - dagster - INFO - data_quality_job - 2a55fb5f-d659-4307-8a71-3eda43969c10 - dbt_run_op - parsing.
2025-11-20 17:27:55 +0000 - dagster - INFO - data_quality_job - 2a55fb5f-d659-4307-8a71-3eda43969c10 - dbt_run_op - ✅ DBT completed successfully (run + test)
2025-11-20 17:27:55 +0000 - dagster - DEBUG - data_quality_job - 2a55fb5f-d659-4307-8a71-3eda43969c10 - 72389 - dbt_run_op - STEP_OUTPUT - Yielded output "result" of type "Any". (Type check passed).
2025-11-20 17:27:55 +0000 - dagster - DEBUG - data_quality_job - 2a55fb5f-d659-4307-8a71-3eda43969c10 - dbt_run_op - Writing file at: /opt/dagster_home/storage/2a55fb5f-d659-4307-8a71-3eda43969c10/dbt_run_op/result using PickledObjectFilesystemIOManager...
2025-11-20 17:27:55 +0000 - dagster - DEBUG - data_quality_job - 2a55fb5f-d659-4307-8a71-3eda43969c10 - 72389 - dbt_run_op - HANDLED_OUTPUT - Handled output "result" using IO manager "io_manager"
2025-11-20 17:27:55 +0000 - dagster - DEBUG - data_quality_job - 2a55fb5f-d659-4307-8a71-3eda43969c10 - 72389 - dbt_run_op - STEP_SUCCESS - Finished execution of step "dbt_run_op" in 27.85s.
