2025-11-20 00:35:58 +0000 - dagster - DEBUG - data_quality_job - f0b47150-6674-4ccf-8e59-8ad1cb130a43 - 780 - LOGS_CAPTURED - Started capturing logs in process (pid: 780).
2025-11-20 00:35:58 +0000 - dagster - DEBUG - data_quality_job - f0b47150-6674-4ccf-8e59-8ad1cb130a43 - 780 - airbyte_sync_op - STEP_START - Started execution of step "airbyte_sync_op".
2025-11-20 00:35:58 +0000 - dagster - INFO - data_quality_job - f0b47150-6674-4ccf-8e59-8ad1cb130a43 - airbyte_sync_op - 🚀 Lancement du sync Airbyte pour la connexion 76375e55-5b58-4ac2-951a-d4bdfb45b99a
2025-11-20 00:35:59 +0000 - dagster - INFO - data_quality_job - f0b47150-6674-4ccf-8e59-8ad1cb130a43 - airbyte_sync_op - ✅ Job Airbyte créé : 22
2025-11-20 00:35:59 +0000 - dagster - INFO - data_quality_job - f0b47150-6674-4ccf-8e59-8ad1cb130a43 - airbyte_sync_op - ⏱️ Statut job Airbyte 22: running
2025-11-20 00:36:04 +0000 - dagster - INFO - data_quality_job - f0b47150-6674-4ccf-8e59-8ad1cb130a43 - airbyte_sync_op - ⏱️ Statut job Airbyte 22: running
2025-11-20 00:36:09 +0000 - dagster - INFO - data_quality_job - f0b47150-6674-4ccf-8e59-8ad1cb130a43 - airbyte_sync_op - ⏱️ Statut job Airbyte 22: running
2025-11-20 00:36:14 +0000 - dagster - INFO - data_quality_job - f0b47150-6674-4ccf-8e59-8ad1cb130a43 - airbyte_sync_op - ⏱️ Statut job Airbyte 22: running
2025-11-20 00:36:20 +0000 - dagster - INFO - data_quality_job - f0b47150-6674-4ccf-8e59-8ad1cb130a43 - airbyte_sync_op - ⏱️ Statut job Airbyte 22: running
2025-11-20 00:36:25 +0000 - dagster - INFO - data_quality_job - f0b47150-6674-4ccf-8e59-8ad1cb130a43 - airbyte_sync_op - ⏱️ Statut job Airbyte 22: running
2025-11-20 00:36:30 +0000 - dagster - INFO - data_quality_job - f0b47150-6674-4ccf-8e59-8ad1cb130a43 - airbyte_sync_op - ⏱️ Statut job Airbyte 22: running
2025-11-20 00:36:35 +0000 - dagster - INFO - data_quality_job - f0b47150-6674-4ccf-8e59-8ad1cb130a43 - airbyte_sync_op - ⏱️ Statut job Airbyte 22: running
2025-11-20 00:36:40 +0000 - dagster - INFO - data_quality_job - f0b47150-6674-4ccf-8e59-8ad1cb130a43 - airbyte_sync_op - ⏱️ Statut job Airbyte 22: running
2025-11-20 00:36:45 +0000 - dagster - INFO - data_quality_job - f0b47150-6674-4ccf-8e59-8ad1cb130a43 - airbyte_sync_op - ⏱️ Statut job Airbyte 22: running
2025-11-20 00:36:50 +0000 - dagster - INFO - data_quality_job - f0b47150-6674-4ccf-8e59-8ad1cb130a43 - airbyte_sync_op - ⏱️ Statut job Airbyte 22: running
2025-11-20 00:36:55 +0000 - dagster - INFO - data_quality_job - f0b47150-6674-4ccf-8e59-8ad1cb130a43 - airbyte_sync_op - ⏱️ Statut job Airbyte 22: running
2025-11-20 00:37:01 +0000 - dagster - INFO - data_quality_job - f0b47150-6674-4ccf-8e59-8ad1cb130a43 - airbyte_sync_op - ⏱️ Statut job Airbyte 22: running
2025-11-20 00:37:06 +0000 - dagster - INFO - data_quality_job - f0b47150-6674-4ccf-8e59-8ad1cb130a43 - airbyte_sync_op - ⏱️ Statut job Airbyte 22: running
2025-11-20 00:37:11 +0000 - dagster - INFO - data_quality_job - f0b47150-6674-4ccf-8e59-8ad1cb130a43 - airbyte_sync_op - ⏱️ Statut job Airbyte 22: running
2025-11-20 00:37:16 +0000 - dagster - INFO - data_quality_job - f0b47150-6674-4ccf-8e59-8ad1cb130a43 - airbyte_sync_op - ⏱️ Statut job Airbyte 22: running
2025-11-20 00:37:21 +0000 - dagster - INFO - data_quality_job - f0b47150-6674-4ccf-8e59-8ad1cb130a43 - airbyte_sync_op - ⏱️ Statut job Airbyte 22: running
2025-11-20 00:37:26 +0000 - dagster - INFO - data_quality_job - f0b47150-6674-4ccf-8e59-8ad1cb130a43 - airbyte_sync_op - ⏱️ Statut job Airbyte 22: running
2025-11-20 00:37:31 +0000 - dagster - INFO - data_quality_job - f0b47150-6674-4ccf-8e59-8ad1cb130a43 - airbyte_sync_op - ⏱️ Statut job Airbyte 22: running
2025-11-20 00:37:36 +0000 - dagster - INFO - data_quality_job - f0b47150-6674-4ccf-8e59-8ad1cb130a43 - airbyte_sync_op - ⏱️ Statut job Airbyte 22: running
2025-11-20 00:37:42 +0000 - dagster - INFO - data_quality_job - f0b47150-6674-4ccf-8e59-8ad1cb130a43 - airbyte_sync_op - ⏱️ Statut job Airbyte 22: running
2025-11-20 00:37:47 +0000 - dagster - INFO - data_quality_job - f0b47150-6674-4ccf-8e59-8ad1cb130a43 - airbyte_sync_op - ⏱️ Statut job Airbyte 22: running
2025-11-20 00:37:52 +0000 - dagster - INFO - data_quality_job - f0b47150-6674-4ccf-8e59-8ad1cb130a43 - airbyte_sync_op - ⏱️ Statut job Airbyte 22: running
2025-11-20 00:37:57 +0000 - dagster - INFO - data_quality_job - f0b47150-6674-4ccf-8e59-8ad1cb130a43 - airbyte_sync_op - ⏱️ Statut job Airbyte 22: running
2025-11-20 00:38:02 +0000 - dagster - INFO - data_quality_job - f0b47150-6674-4ccf-8e59-8ad1cb130a43 - airbyte_sync_op - ⏱️ Statut job Airbyte 22: running
2025-11-20 00:38:07 +0000 - dagster - INFO - data_quality_job - f0b47150-6674-4ccf-8e59-8ad1cb130a43 - airbyte_sync_op - ⏱️ Statut job Airbyte 22: running
2025-11-20 00:38:12 +0000 - dagster - INFO - data_quality_job - f0b47150-6674-4ccf-8e59-8ad1cb130a43 - airbyte_sync_op - ⏱️ Statut job Airbyte 22: running
2025-11-20 00:38:17 +0000 - dagster - INFO - data_quality_job - f0b47150-6674-4ccf-8e59-8ad1cb130a43 - airbyte_sync_op - ⏱️ Statut job Airbyte 22: running
2025-11-20 00:38:22 +0000 - dagster - INFO - data_quality_job - f0b47150-6674-4ccf-8e59-8ad1cb130a43 - airbyte_sync_op - ⏱️ Statut job Airbyte 22: running
2025-11-20 00:38:28 +0000 - dagster - INFO - data_quality_job - f0b47150-6674-4ccf-8e59-8ad1cb130a43 - airbyte_sync_op - ⏱️ Statut job Airbyte 22: running
2025-11-20 00:38:33 +0000 - dagster - INFO - data_quality_job - f0b47150-6674-4ccf-8e59-8ad1cb130a43 - airbyte_sync_op - ⏱️ Statut job Airbyte 22: running
2025-11-20 00:38:38 +0000 - dagster - INFO - data_quality_job - f0b47150-6674-4ccf-8e59-8ad1cb130a43 - airbyte_sync_op - ⏱️ Statut job Airbyte 22: running
2025-11-20 00:38:43 +0000 - dagster - INFO - data_quality_job - f0b47150-6674-4ccf-8e59-8ad1cb130a43 - airbyte_sync_op - ⏱️ Statut job Airbyte 22: running
2025-11-20 00:38:48 +0000 - dagster - INFO - data_quality_job - f0b47150-6674-4ccf-8e59-8ad1cb130a43 - airbyte_sync_op - ⏱️ Statut job Airbyte 22: running
2025-11-20 00:38:53 +0000 - dagster - INFO - data_quality_job - f0b47150-6674-4ccf-8e59-8ad1cb130a43 - airbyte_sync_op - ⏱️ Statut job Airbyte 22: running
2025-11-20 00:38:58 +0000 - dagster - INFO - data_quality_job - f0b47150-6674-4ccf-8e59-8ad1cb130a43 - airbyte_sync_op - ⏱️ Statut job Airbyte 22: running
2025-11-20 00:39:03 +0000 - dagster - INFO - data_quality_job - f0b47150-6674-4ccf-8e59-8ad1cb130a43 - airbyte_sync_op - ⏱️ Statut job Airbyte 22: running
2025-11-20 00:39:08 +0000 - dagster - INFO - data_quality_job - f0b47150-6674-4ccf-8e59-8ad1cb130a43 - airbyte_sync_op - ⏱️ Statut job Airbyte 22: running
2025-11-20 00:39:13 +0000 - dagster - INFO - data_quality_job - f0b47150-6674-4ccf-8e59-8ad1cb130a43 - airbyte_sync_op - ⏱️ Statut job Airbyte 22: running
2025-11-20 00:39:19 +0000 - dagster - INFO - data_quality_job - f0b47150-6674-4ccf-8e59-8ad1cb130a43 - airbyte_sync_op - ⏱️ Statut job Airbyte 22: running
2025-11-20 00:39:24 +0000 - dagster - INFO - data_quality_job - f0b47150-6674-4ccf-8e59-8ad1cb130a43 - airbyte_sync_op - ⏱️ Statut job Airbyte 22: running
2025-11-20 00:39:29 +0000 - dagster - INFO - data_quality_job - f0b47150-6674-4ccf-8e59-8ad1cb130a43 - airbyte_sync_op - ⏱️ Statut job Airbyte 22: running
2025-11-20 00:39:34 +0000 - dagster - INFO - data_quality_job - f0b47150-6674-4ccf-8e59-8ad1cb130a43 - airbyte_sync_op - ⏱️ Statut job Airbyte 22: running
2025-11-20 00:39:39 +0000 - dagster - INFO - data_quality_job - f0b47150-6674-4ccf-8e59-8ad1cb130a43 - airbyte_sync_op - ⏱️ Statut job Airbyte 22: running
2025-11-20 00:39:44 +0000 - dagster - INFO - data_quality_job - f0b47150-6674-4ccf-8e59-8ad1cb130a43 - airbyte_sync_op - ⏱️ Statut job Airbyte 22: running
2025-11-20 00:39:49 +0000 - dagster - INFO - data_quality_job - f0b47150-6674-4ccf-8e59-8ad1cb130a43 - airbyte_sync_op - ⏱️ Statut job Airbyte 22: running
2025-11-20 00:39:54 +0000 - dagster - INFO - data_quality_job - f0b47150-6674-4ccf-8e59-8ad1cb130a43 - airbyte_sync_op - ⏱️ Statut job Airbyte 22: running
2025-11-20 00:40:00 +0000 - dagster - INFO - data_quality_job - f0b47150-6674-4ccf-8e59-8ad1cb130a43 - airbyte_sync_op - ⏱️ Statut job Airbyte 22: succeeded
2025-11-20 00:40:00 +0000 - dagster - INFO - data_quality_job - f0b47150-6674-4ccf-8e59-8ad1cb130a43 - airbyte_sync_op - 🎉 Sync Airbyte terminé avec succès
2025-11-20 00:40:00 +0000 - dagster - DEBUG - data_quality_job - f0b47150-6674-4ccf-8e59-8ad1cb130a43 - 780 - airbyte_sync_op - STEP_OUTPUT - Yielded output "result" of type "Any". (Type check passed).
2025-11-20 00:40:00 +0000 - dagster - DEBUG - data_quality_job - f0b47150-6674-4ccf-8e59-8ad1cb130a43 - airbyte_sync_op - Writing file at: /opt/dagster_home/storage/f0b47150-6674-4ccf-8e59-8ad1cb130a43/airbyte_sync_op/result using PickledObjectFilesystemIOManager...
2025-11-20 00:40:00 +0000 - dagster - DEBUG - data_quality_job - f0b47150-6674-4ccf-8e59-8ad1cb130a43 - 780 - airbyte_sync_op - HANDLED_OUTPUT - Handled output "result" using IO manager "io_manager"
2025-11-20 00:40:00 +0000 - dagster - DEBUG - data_quality_job - f0b47150-6674-4ccf-8e59-8ad1cb130a43 - 780 - airbyte_sync_op - STEP_SUCCESS - Finished execution of step "airbyte_sync_op" in 4m2s.
