2025-11-19 18:20:56 +0000 - dagster - DEBUG - data_quality_job - bb34f29d-6d7b-4b33-a67a-bed08a0d442d - 1274 - LOGS_CAPTURED - Started capturing logs in process (pid: 1274).
2025-11-19 18:20:56 +0000 - dagster - DEBUG - data_quality_job - bb34f29d-6d7b-4b33-a67a-bed08a0d442d - 1274 - dbt_run_op - STEP_START - Started execution of step "dbt_run_op".
2025-11-19 18:20:56 +0000 - dagster - INFO - data_quality_job - bb34f29d-6d7b-4b33-a67a-bed08a0d442d - dbt_run_op - ▶️ Running dbt run + test...
2025-11-19 18:20:59 +0000 - dagster - INFO - data_quality_job - bb34f29d-6d7b-4b33-a67a-bed08a0d442d - dbt_run_op - [0m18:20:59  Running with dbt=1.10.15
2025-11-19 18:21:00 +0000 - dagster - INFO - data_quality_job - bb34f29d-6d7b-4b33-a67a-bed08a0d442d - dbt_run_op - [0m18:20:59  Encountered an error:
2025-11-19 18:21:00 +0000 - dagster - INFO - data_quality_job - bb34f29d-6d7b-4b33-a67a-bed08a0d442d - dbt_run_op - Runtime Error
2025-11-19 18:21:00 +0000 - dagster - INFO - data_quality_job - bb34f29d-6d7b-4b33-a67a-bed08a0d442d - dbt_run_op - Could not find profile named 'datalineage360'
2025-11-19 18:21:01 +0000 - dagster - ERROR - data_quality_job - bb34f29d-6d7b-4b33-a67a-bed08a0d442d - 1274 - dbt_run_op - STEP_FAILURE - Execution of step "dbt_run_op" failed.

dagster._core.errors.DagsterExecutionStepExecutionError: Error occurred while executing op "dbt_run_op"::

Exception: ❌ dbt failed

Stack Trace:
  File "/usr/local/lib/python3.10/site-packages/dagster/_core/execution/plan/utils.py", line 57, in op_execution_error_boundary
    yield
  File "/usr/local/lib/python3.10/site-packages/dagster/_utils/__init__.py", line 394, in iterate_with_context
    next_output = next(iterator)
  File "/usr/local/lib/python3.10/site-packages/dagster/_core/execution/plan/compute_generator.py", line 135, in _coerce_op_compute_fn_to_iterator
    result = invoke_compute_fn(
  File "/usr/local/lib/python3.10/site-packages/dagster/_core/execution/plan/compute_generator.py", line 115, in invoke_compute_fn
    return fn(context, **args_to_pass) if context_arg_provided else fn(**args_to_pass)
  File "/opt/dagster/ops/dbt_op.py", line 26, in dbt_run_op
    raise Exception("❌ dbt failed")

